******************************************************************************
                  MSP430 Linker Unix v17.9.0                   
******************************************************************************
>> Linked Mon Mar 19 19:09:13 2018

OUTPUT FILE NAME:   <cm_acc.out>
ENTRY POINT SYMBOL: "_c_int00_noargs_mpu"  address: 0000612a


MEMORY CONFIGURATION

         name            origin    length      used     unused   attr    fill
----------------------  --------  ---------  --------  --------  ----  --------
  SFR                   00000000   00000010  00000000  00000010  RWIX
  PERIPHERALS_8BIT      00000010   000000f0  00000000  000000f0  RWIX
  PERIPHERALS_16BIT     00000100   00000100  00000000  00000100  RWIX
  INFOD                 00001800   00000080  00000000  00000080  RWIX
  INFOC                 00001880   00000080  00000000  00000080  RWIX
  INFOB                 00001900   00000080  00000000  00000080  RWIX
  INFOA                 00001980   00000080  00000000  00000080  RWIX
  RAM                   00001c00   00000800  00000304  000004fc  RWIX
  FRAM                  00004400   0000bb80  000020c0  00009ac0  RWIX
  JTAGSIGNATURE         0000ff80   00000004  00000004  00000000  RWIX  ffff 
  BSLSIGNATURE          0000ff84   00000004  00000004  00000000  RWIX  ffff 
  IPESIGNATURE          0000ff88   00000008  00000008  00000000  RWIX  ffff 
  INT00                 0000ff90   00000002  00000000  00000002  RWIX
  INT01                 0000ff92   00000002  00000000  00000002  RWIX
  INT02                 0000ff94   00000002  00000000  00000002  RWIX
  INT03                 0000ff96   00000002  00000000  00000002  RWIX
  INT04                 0000ff98   00000002  00000000  00000002  RWIX
  INT05                 0000ff9a   00000002  00000000  00000002  RWIX
  INT06                 0000ff9c   00000002  00000000  00000002  RWIX
  INT07                 0000ff9e   00000002  00000000  00000002  RWIX
  INT08                 0000ffa0   00000002  00000000  00000002  RWIX
  INT09                 0000ffa2   00000002  00000000  00000002  RWIX
  INT10                 0000ffa4   00000002  00000000  00000002  RWIX
  INT11                 0000ffa6   00000002  00000000  00000002  RWIX
  INT12                 0000ffa8   00000002  00000000  00000002  RWIX
  INT13                 0000ffaa   00000002  00000000  00000002  RWIX
  INT14                 0000ffac   00000002  00000000  00000002  RWIX
  INT15                 0000ffae   00000002  00000000  00000002  RWIX
  INT16                 0000ffb0   00000002  00000000  00000002  RWIX
  INT17                 0000ffb2   00000002  00000000  00000002  RWIX
  INT18                 0000ffb4   00000002  00000000  00000002  RWIX
  INT19                 0000ffb6   00000002  00000000  00000002  RWIX
  INT20                 0000ffb8   00000002  00000000  00000002  RWIX
  INT21                 0000ffba   00000002  00000000  00000002  RWIX
  INT22                 0000ffbc   00000002  00000000  00000002  RWIX
  INT23                 0000ffbe   00000002  00000000  00000002  RWIX
  INT24                 0000ffc0   00000002  00000000  00000002  RWIX
  INT25                 0000ffc2   00000002  00000000  00000002  RWIX
  INT26                 0000ffc4   00000002  00000000  00000002  RWIX
  INT27                 0000ffc6   00000002  00000000  00000002  RWIX
  INT28                 0000ffc8   00000002  00000000  00000002  RWIX
  INT29                 0000ffca   00000002  00000000  00000002  RWIX
  INT30                 0000ffcc   00000002  00000002  00000000  RWIX
  INT31                 0000ffce   00000002  00000002  00000000  RWIX
  INT32                 0000ffd0   00000002  00000002  00000000  RWIX
  INT33                 0000ffd2   00000002  00000002  00000000  RWIX
  INT34                 0000ffd4   00000002  00000002  00000000  RWIX
  INT35                 0000ffd6   00000002  00000002  00000000  RWIX
  INT36                 0000ffd8   00000002  00000002  00000000  RWIX
  INT37                 0000ffda   00000002  00000002  00000000  RWIX
  INT38                 0000ffdc   00000002  00000002  00000000  RWIX
  INT39                 0000ffde   00000002  00000002  00000000  RWIX
  INT40                 0000ffe0   00000002  00000002  00000000  RWIX
  INT41                 0000ffe2   00000002  00000002  00000000  RWIX
  INT42                 0000ffe4   00000002  00000002  00000000  RWIX
  INT43                 0000ffe6   00000002  00000002  00000000  RWIX
  INT44                 0000ffe8   00000002  00000002  00000000  RWIX
  INT45                 0000ffea   00000002  00000002  00000000  RWIX
  INT46                 0000ffec   00000002  00000002  00000000  RWIX
  INT47                 0000ffee   00000002  00000002  00000000  RWIX
  INT48                 0000fff0   00000002  00000002  00000000  RWIX
  INT49                 0000fff2   00000002  00000002  00000000  RWIX
  INT50                 0000fff4   00000002  00000002  00000000  RWIX
  INT51                 0000fff6   00000002  00000002  00000000  RWIX
  INT52                 0000fff8   00000002  00000002  00000000  RWIX
  INT53                 0000fffa   00000002  00000002  00000000  RWIX
  INT54                 0000fffc   00000002  00000002  00000000  RWIX
  RESET                 0000fffe   00000002  00000002  00000000  RWIX
  FRAM2                 00010000   00004000  00003de8  00000218  RWIX


SECTION ALLOCATION MAP

 output                                  attributes/
section   page    origin      length       input sections
--------  ----  ----------  ----------   ----------------
.TI.persistent 
*          0    00004400    00001852     
                  00004400    00000a10     InK.lib : isrmanager.obj (.TI.persistent:uninit) [fill = 0]
                  00004e10    00000809             : scheduler.obj (.TI.persistent:uninit) [fill = 0]
                  00005619    00000001             : main.obj (.TI.persistent)
                  0000561a    00000200     thread2.obj (.TI.persistent) [fill = 0]
                  0000581a    00000200     thread3.obj (.TI.persistent) [fill = 0]
                  00005a1a    0000015c     thread4.obj (.TI.persistent) [fill = 0]
                  00005b76    000000c8     InK.lib : persistent_timer.obj (.TI.persistent:uninit) [fill = 0]
                  00005c3e    00000006             : persistent_timer.obj (.TI.persistent:init)
                  00005c44    00000005             : scheduler.obj (.TI.persistent:init)
                  00005c49    00000001             : isrmanager.obj (.TI.persistent:init)
                  00005c4a    00000004             : clk.obj (.TI.persistent)
                  00005c4e    00000004     thread1.obj (.TI.persistent) [fill = 0]

.cio       0    00005c52    00000000     UNINITIALIZED

.sysmem    0    00005c54    000000a0     
                  00005c54    00000006     rts430x_lc_rd_eabi.lib : memory.obj (.sysmem) [fill = 0]
                  00005c5a    0000009a     --HOLE-- [fill = 0]

.ipestruct 
*          0    00006000    00000000     UNINITIALIZED

.ipe       0    00006000    00000000     UNINITIALIZED

.ipe_const 
*          0    00006000    00000000     UNINITIALIZED

.ipe:_isr 
*          0    00006000    00000000     UNINITIALIZED

.ipe_vars 
*          0    00006000    00000000     UNINITIALIZED

.cinit     0    00006488    00000038     
                  00006488    00000015     (.cinit..data.load) [load image, compression = lzss]
                  0000649d    00000001     --HOLE-- [fill = 0]
                  0000649e    0000000c     (__TI_handler_table)
                  000064aa    00000006     (.cinit..bss.load) [load image, compression = zero_init]
                  000064b0    00000010     (__TI_cinit_table)

.binit     0    00004400    00000000     

.init_array 
*          0    00004400    00000000     UNINITIALIZED

.text:_isr 
*          0    00006000    0000017c     
                  00006000    000000ae     thread1.obj (.text:_isr:isr_PORT1_VECTOR)
                  000060ae    00000048     InK.lib : timer.obj (.text:_isr:isr_TIMER2_A0_VECTOR)
                  000060f6    00000034     thread3.obj (.text:_isr:isr_ADC12_VECTOR)
                  0000612a    00000020     rts430x_lc_rd_eabi.lib : boot.obj (.text:_isr:_c_int00_noargs_mpu)
                  0000614a    0000001c     InK.lib : tester.obj (.text:_isr:Timer0_A0_ISR)
                  00006166    0000000e             : clk.obj (.text:_isr:isr_TIMER3_A1_VECTOR)
                  00006174    00000008     rts430x_lc_rd_eabi.lib : isr_trap.obj (.text:_isr:__TI_ISR_TRAP)

.bss       0    00001c00    00000246     UNINITIALIZED
                  00001c00    00000100     (.common:sampled_input)
                  00001d00    00000100     (.common:tb_fftd)
                  00001e00    0000001e     (.common:xpr_timing)
                  00001e1e    00000012     avg_filter.obj (.bss:buffer$1)
                  00001e30    0000000c     (.common:timer_event)
                  00001e3c    00000006     (.common:acc_data)
                  00001e42    00000002     (.common:counter)
                  00001e44    00000002     (.common:is)

.data      0    00001e46    0000001e     UNINITIALIZED
                  00001e46    00000006     avg_filter.obj (.data:big$4)
                  00001e4c    00000006     avg_filter.obj (.data:small$3)
                  00001e52    00000004     rts430x_lc_rd_eabi.lib : _lock.obj (.data:_lock)
                  00001e56    00000004                            : _lock.obj (.data:_unlock)
                  00001e5a    00000004     avg_filter.obj (.data)
                  00001e5e    00000004     rts430x_lc_rd_eabi.lib : rand.obj (.data)
                  00001e62    00000002                            : errno.obj (.data)

.stack     0    00002360    000000a0     UNINITIALIZED
                  00002360    00000004     rts430x_lc_rd_eabi.lib : boot.obj (.stack)
                  00002364    0000009c     --HOLE--

$fill000   0    0000ff80    00000004     
                  0000ff80    00000004     --HOLE-- [fill = ffff]

$fill001   0    0000ff84    00000004     
                  0000ff84    00000004     --HOLE-- [fill = ffff]

$fill002   0    0000ff88    00000008     
                  0000ff88    00000008     --HOLE-- [fill = ffff]

AES256     0    0000ffcc    00000002     
                  0000ffcc    00000002     rts430x_lc_rd_eabi.lib : int30.obj (.int30)

RTC        0    0000ffce    00000002     
                  0000ffce    00000002     rts430x_lc_rd_eabi.lib : int31.obj (.int31)

PORT4      0    0000ffd0    00000002     
                  0000ffd0    00000002     rts430x_lc_rd_eabi.lib : int32.obj (.int32)

PORT3      0    0000ffd2    00000002     
                  0000ffd2    00000002     rts430x_lc_rd_eabi.lib : int33.obj (.int33)

TIMER3_A1 
*          0    0000ffd4    00000002     
                  0000ffd4    00000002     InK.lib : clk.obj (.int34)

TIMER3_A0 
*          0    0000ffd6    00000002     
                  0000ffd6    00000002     rts430x_lc_rd_eabi.lib : int35.obj (.int35)

PORT2      0    0000ffd8    00000002     
                  0000ffd8    00000002     rts430x_lc_rd_eabi.lib : int36.obj (.int36)

TIMER2_A1 
*          0    0000ffda    00000002     
                  0000ffda    00000002     rts430x_lc_rd_eabi.lib : int37.obj (.int37)

TIMER2_A0 
*          0    0000ffdc    00000002     
                  0000ffdc    00000002     InK.lib : timer.obj (.int38)

PORT1      0    0000ffde    00000002     
                  0000ffde    00000002     thread1.obj (.int39)

TIMER1_A1 
*          0    0000ffe0    00000002     
                  0000ffe0    00000002     rts430x_lc_rd_eabi.lib : int40.obj (.int40)

TIMER1_A0 
*          0    0000ffe2    00000002     
                  0000ffe2    00000002     rts430x_lc_rd_eabi.lib : int41.obj (.int41)

DMA        0    0000ffe4    00000002     
                  0000ffe4    00000002     rts430x_lc_rd_eabi.lib : int42.obj (.int42)

USCI_A1    0    0000ffe6    00000002     
                  0000ffe6    00000002     rts430x_lc_rd_eabi.lib : int43.obj (.int43)

TIMER0_A1 
*          0    0000ffe8    00000002     
                  0000ffe8    00000002     rts430x_lc_rd_eabi.lib : int44.obj (.int44)

TIMER0_A0 
*          0    0000ffea    00000002     
                  0000ffea    00000002     InK.lib : tester.obj (.int45)

ADC12      0    0000ffec    00000002     
                  0000ffec    00000002     thread3.obj (.int46)

USCI_B0    0    0000ffee    00000002     
                  0000ffee    00000002     rts430x_lc_rd_eabi.lib : int47.obj (.int47)

USCI_A0    0    0000fff0    00000002     
                  0000fff0    00000002     rts430x_lc_rd_eabi.lib : int48.obj (.int48)

WDT        0    0000fff2    00000002     
                  0000fff2    00000002     rts430x_lc_rd_eabi.lib : int49.obj (.int49)

TIMER0_B1 
*          0    0000fff4    00000002     
                  0000fff4    00000002     rts430x_lc_rd_eabi.lib : int50.obj (.int50)

TIMER0_B0 
*          0    0000fff6    00000002     
                  0000fff6    00000002     rts430x_lc_rd_eabi.lib : int51.obj (.int51)

COMP_E     0    0000fff8    00000002     
                  0000fff8    00000002     rts430x_lc_rd_eabi.lib : int52.obj (.int52)

UNMI       0    0000fffa    00000002     
                  0000fffa    00000002     rts430x_lc_rd_eabi.lib : int53.obj (.int53)

SYSNMI     0    0000fffc    00000002     
                  0000fffc    00000002     rts430x_lc_rd_eabi.lib : int54.obj (.int54)

.reset     0    0000fffe    00000002     
                  0000fffe    00000002     rts430x_lc_rd_eabi.lib : boot.obj (.reset)

.const     0    0000617c    0000030c     
                  0000617c    00000104     msp_transform_tables.obj (.const:msp_cmplx_twiddle_table_128_q15)
                  00006280    00000100     InK.lib : priority.obj (.const:.string:UnmapTbl)
                  00006380    00000100     msp_transform_tables.obj (.const:.string:msp_cmplx_bitrev_table_ui8)
                  00006480    00000008     InK.lib : priority.obj (.const:.string:PriorityTbl)

.text      0    00010000    00003de8     
                  00010000    0000049c     msp_cmplx_fft_auto_q15.obj (.text:msp_cmplx_fft_auto_q15)
                  0001049c    00000314     thread4.obj (.text:task_featurize)
                  000107b0    000002f6     thread4.obj (.text:task_classify)
                  00010aa6    000002e0     rts430x_lc_rd_eabi.lib : addd.obj (.text:__mspabi_addd)
                  00010d86    000002de                            : e_sqrt.obj (.text:sqrt)
                  00011064    00000280                            : frcmpyd.obj (.text:__TI_frcmpyd)
                  000112e4    00000266                            : mpyd.obj (.text:__mspabi_mpyd)
                  0001154a    00000248                            : frcaddd.obj (.text:__TI_frcaddd)
                  00011792    0000022a     thread4.obj (.text:task_transform)
                  000119bc    000001fa     msp_cmplx_fft_fixed_q15.obj (.text:msp_cmplx_fft_fixed_q15)
                  00011bb6    00000192     InK.lib : persistent_timer.obj (.text:_commit_timer_buffers)
                  00011d48    00000186     thread4.obj (.text:task_train)
                  00011ece    00000176     thread4.obj (.text:task_selectMode)
                  00012044    0000016e     InK.lib : timer.obj (.text:refresh_xpr_timers)
                  000121b2    0000013c     msp_split_q15.obj (.text:msp_split_q15)
                  000122ee    000000f6     thread2.obj (.text:task2)
                  000123e4    000000da     thread4.obj (.text:task_sample)
                  000124be    000000d2     InK.lib : thread.obj (.text:__tick)
                  00012590    000000d2     thread3.obj (.text:task2)
                  00012662    000000c8     InK.lib : timer.obj (.text:set_expire_timer)
                  0001272a    000000c6     avg_filter.obj (.text:medfilter)
                  000127f0    000000be     thread4.obj (.text:task_stats)
                  000128ae    000000bc     InK.lib : msp430fr5969.obj (.text:__mcu_init)
                  0001296a    000000b2     rts430x_lc_rd_eabi.lib : renormd.obj (.text:__TI_renormd)
                  00012a1c    00000098     thread2.obj (.text:task1)
                  00012ab4    00000092     InK.lib : persistent_timer.obj (.text:_pers_timer_update_data)
                  00012b46    0000008e     msp_cmplx_bitrev_q15.obj (.text:msp_cmplx_bitrev_q15)
                  00012bd4    00000088     app_intrinsics.obj (.text:valid_signal)
                  00012c5c    00000086     adxl345_i2c_lib.obj (.text:i2c_read_multi)
                  00012ce2    00000084     thread3.obj (.text:task1)
                  00012d66    00000084     thread4.obj (.text:task_init)
                  00012dea    00000082     thread4.obj (.text:ACCEL_singleSample_)
                  00012e6c    00000082     InK.lib : persistent_timer.obj (.text:_pers_timer_update_status)
                  00012eee    00000082             : persistent_timer.obj (.text:_pers_timer_update_thread_id)
                  00012f70    00000080     rts430x_lc_rd_eabi.lib : fltuld.obj (.text:__mspabi_fltuld)
                  00012ff0    00000078     InK.lib : persistent_timer.obj (.text:_pers_timer_get)
                  00013068    00000076     rts430x_lc_rd_eabi.lib : copy_decompress_lzss.obj (.text:decompress:lzss:__TI_decompress_lzss)
                  000130de    00000074     thread4.obj (.text:task_idle)
                  00013152    00000074     thread4.obj (.text:task_warmup)
                  000131c6    0000006e     InK.lib : scheduler.obj (.text:__scheduler_run)
                  00013234    0000006a             : isrmanager.obj (.text:__events_commit)
                  0001329e    00000068     rts430x_lc_rd_eabi.lib : fixdul.obj (.text:__mspabi_fixdul)
                  00013306    00000064     InK.lib : scheduler.obj (.text:__create_thread)
                  0001336a    0000005e     thread4.obj (.text:task_resetStats)
                  000133c8    0000005c     adxl345_i2c_lib.obj (.text:i2c_write)
                  00013424    00000054     rts430x_lc_rd_eabi.lib : autoinit.obj (.text:__TI_auto_init_nobinit_nopinit_hold_wdt:__TI_auto_init_nobinit_nopinit_hold_wdt)
                  00013478    0000004a     msp_fft_auto_q15.obj (.text:msp_fft_auto_q15)
                  000134c2    0000004a     msp_fft_fixed_q15.obj (.text:msp_fft_fixed_q15)
                  0001350c    00000044     app_intrinsics.obj (.text:ADC_config)
                  00013550    00000040     rts430x_lc_rd_eabi.lib : rand.obj (.text:rand)
                  00013590    00000040     thread1.obj (.text:thread1_init)
                  000135d0    0000003e     InK.lib : persistent_timer.obj (.text:_pers_timer_commit)
                  0001360e    0000003e             : timer.obj (.text:clear_xpr_status)
                  0001364c    0000003e     rts430x_lc_rd_eabi.lib : asr32.obj (.text:l_asr_const)
                  0001368a    0000003e                            : lsl32.obj (.text:l_lsl_const)
                  000136c8    0000003e                            : lsr32.obj (.text:l_lsr_const)
                  00013706    0000003c     InK.lib : persistent_timer.obj (.text:_pers_timer_init)
                  00013742    0000003a     msp_max_q15.obj (.text:msp_max_q15)
                  0001377c    00000036     thread1.obj (.text:task1)
                  000137b2    00000034     InK.lib : isrmanager.obj (.text:__lock_event)
                  000137e6    00000034             : persistentqueue.obj (.text:__perqueue_push)
                  0001381a    00000032             : isrmanager.obj (.text:__events_boot_init)
                  0001384c    00000032             : priority.obj (.text:__priority_remove)
                  0001387e    00000032     msp_abs_q15.obj (.text:msp_abs_q15)
                  000138b0    00000030     InK.lib : persistentqueue.obj (.text:__perqueue_pop)
                  000138e0    00000030             : main.obj (.text:main)
                  00013910    00000030             : timer.obj (.text:unpack_xpr_to_local)
                  00013940    0000002c     MSPMPU_INIT_LIB_CCS_msp430_large_code_restricted_data.lib : mpu_init.o (.text:__mpu_init)
                  0001396c    0000002a     InK.lib : dma.obj (.text:__dma_word_copy)
                  00013996    0000002a             : isrmanager.obj (.text:__release_event)
                  000139c0    00000028             : priority.obj (.text:__priority_insert)
                  000139e8    00000026             : isrmanager.obj (.text:__has_events)
                  00013a0e    00000024             : persistentqueue.obj (.text:__perqueue_is_full)
                  00013a32    00000024             : scheduler.obj (.text:__scheduler_boot_init)
                  00013a56    00000024     rts430x_lc_rd_eabi.lib : copy_zero_init.obj (.text:decompress:ZI:__TI_zero_init_nomemset:__TI_zero_init_nomemset)
                  00013a7a    00000024                            : mult32_f5hw.obj (.text)
                  00013a9e    00000022     adxl345_i2c_lib.obj (.text:i2c_init)
                  00013ac0    00000022     InK.lib : timer.obj (.text:stop_expire_timer)
                  00013ae2    00000020             : scheduler.obj (.text:__next_thread)
                  00013b02    00000020             : priority.obj (.text:__priority_highest)
                  00013b22    00000020     thread2.obj (.text:thread2_init)
                  00013b42    00000020     thread3.obj (.text:thread3_init)
                  00013b62    00000020     thread4.obj (.text:thread4_init)
                  00013b82    0000001e     InK.lib : scheduler.obj (.text:__evict_thread)
                  00013ba0    0000001e             : clk.obj (.text:__get_time)
                  00013bbe    0000001e             : scheduler.obj (.text:__start_thread)
                  00013bdc    0000001e             : persistent_timer.obj (.text:_pers_timer_update_lock)
                  00013bfa    0000001c             : isrmanager.obj (.text:__event_buffer_full_ISR)
                  00013c16    0000001c             : timer.obj (.text:__reboot_timers)
                  00013c32    0000001a             : persistentqueue.obj (.text:__perqueue_init)
                  00013c4c    0000001a     app_intrinsics.obj (.text:setup_mcu)
                  00013c66    00000018     InK.lib : priority.obj (.text:__priority_init)
                  00013c7e    00000018             : scheduler.obj (.text:__stop_thread)
                  00013c96    00000018             : persistent_timer.obj (.text:_pers_timer_update_nxt_thread)
                  00013cae    00000018             : persistent_timer.obj (.text:_pers_timer_update_nxt_time)
                  00013cc6    00000018     rts430x_lc_rd_eabi.lib : mult16_f5hw.obj (.text)
                  00013cde    00000016     InK.lib : clk.obj (.text:set_timer_xpr)
                  00013cf4    00000014     rts430x_lc_rd_eabi.lib : memcpy.obj (.text:memcpy)
                  00013d08    00000012     appinit.obj (.text:__app_init)
                  00013d1a    00000012     InK.lib : clk.obj (.text:__get_time_init)
                  00013d2c    00000012     rts430x_lc_rd_eabi.lib : fixdu.obj (.text:__mspabi_fixdu)
                  00013d3e    00000012     InK.lib : scheduler.obj (.text:__task_commit)
                  00013d50    00000012     rts430x_lc_rd_eabi.lib : copy_decompress_none.obj (.text:decompress:none:__TI_decompress_none)
                  00013d62    00000010     InK.lib : scheduler.obj (.text:__get_thread)
                  00013d72    00000010             : persistentqueue.obj (.text:__perqueue_is_empty)
                  00013d82    00000010     rts430x_lc_rd_eabi.lib : asr32.obj (.text:l_asr)
                  00013d92    00000010                            : lsl32.obj (.text:l_lsl)
                  00013da2    00000010                            : lsr32.obj (.text:l_lsr)
                  00013db2    0000000a     InK.lib : clk.obj (.text:stop_timer_xpr)
                  00013dbc    00000008             : persistentqueue.obj (.text:__perqueue_pop_commit)
                  00013dc4    00000008             : persistentqueue.obj (.text:__perqueue_push_commit)
                  00013dcc    00000008             : persistent_timer.obj (.text:_pers_timer_get_nxt_thread)
                  00013dd4    00000006     rts430x_lc_rd_eabi.lib : fltud.obj (.text:__mspabi_fltud)
                  00013dda    00000006                            : exit.obj (.text:abort)
                  00013de0    00000004                            : pre_init.obj (.text:_system_pre_init)
                  00013de4    00000002                            : _lock.obj (.text:_nop)
                  00013de6    00000002                            : startup.obj (.text:_system_post_cinit)

MODULE SUMMARY

       Module                        code    ro data   rw data
       ------                        ----    -------   -------
    ./
       thread4.obj                   3892    0         348    
       thread2.obj                   430     0         774    
       thread3.obj                   426     2         772    
       thread1.obj                   292     2         16     
       adxl345_i2c_lib.obj           260     0         0      
       avg_filter.obj                198     0         34     
       app_intrinsics.obj            230     0         0      
       appinit.obj                   18      0         0      
    +--+-----------------------------+-------+---------+---------+
       Total:                        5746    4         1944   
                                                              
    ./dsplib/source/transform/
       msp_cmplx_fft_auto_q15.obj    1180    0         0      
       msp_transform_tables.obj      0       516       0      
       msp_cmplx_fft_fixed_q15.obj   506     0         0      
       msp_split_q15.obj             316     0         0      
       msp_cmplx_bitrev_q15.obj      142     0         0      
       msp_fft_auto_q15.obj          74      0         0      
       msp_fft_fixed_q15.obj         74      0         0      
    +--+-----------------------------+-------+---------+---------+
       Total:                        2292    516       0      
                                                              
    ./dsplib/source/vector/
       msp_max_q15.obj               58      0         0      
       msp_abs_q15.obj               50      0         0      
    +--+-----------------------------+-------+---------+---------+
       Total:                        108     0         0      
                                                              
    /home/dpatoukas/Documents/TUDelft/Thesis/Ink++/InK/Debug/InK.lib
       isrmanager.obj                316     0         2577   
       scheduler.obj                 396     0         2062   
       persistent_timer.obj          1136    0         206    
       timer.obj                     810     2         30     
       priority.obj                  146     264       0      
       thread.obj                    210     0         0      
       persistentqueue.obj           194     0         0      
       msp430fr5969.obj              188     0         0      
       clk.obj                       94      2         4      
       main.obj                      48      0         1      
       dma.obj                       42      0         0      
       tester.obj                    28      2         0      
    +--+-----------------------------+-------+---------+---------+
       Total:                        3608    270       4880   
                                                              
    /opt/ti/ccsv7/ccs_base/msp430/lib/FR59xx/MSPMPU_INIT_LIB_CCS_msp430_large_code_restricted_data.lib
       mpu_init.o                    44      0         0      
    +--+-----------------------------+-------+---------+---------+
       Total:                        44      0         0      
                                                              
    /opt/ti/ccsv7/tools/compiler/ti-cgt-msp430_17.9.0.STS/lib/rts430x_lc_rd_eabi.lib
       addd.obj                      736     0         0      
       e_sqrt.obj                    734     0         0      
       frcmpyd.obj                   640     0         0      
       mpyd.obj                      614     0         0      
       frcaddd.obj                   584     0         0      
       renormd.obj                   178     0         0      
       fltuld.obj                    128     0         0      
       copy_decompress_lzss.obj      118     0         0      
       fixdul.obj                    104     0         0      
       autoinit.obj                  84      0         0      
       asr32.obj                     78      0         0      
       lsl32.obj                     78      0         0      
       lsr32.obj                     78      0         0      
       rand.obj                      64      0         4      
       copy_zero_init.obj            36      0         0      
       mult32_f5hw.obj               36      0         0      
       boot.obj                      32      2         0      
       mult16_f5hw.obj               24      0         0      
       memcpy.obj                    20      0         0      
       copy_decompress_none.obj      18      0         0      
       fixdu.obj                     18      0         0      
       _lock.obj                     2       0         8      
       isr_trap.obj                  8       0         0      
       exit.obj                      6       0         0      
       fltud.obj                     6       0         0      
       pre_init.obj                  4       0         0      
       errno.obj                     0       0         2      
       int30.obj                     0       2         0      
       int31.obj                     0       2         0      
       int32.obj                     0       2         0      
       int33.obj                     0       2         0      
       int35.obj                     0       2         0      
       int36.obj                     0       2         0      
       int37.obj                     0       2         0      
       int40.obj                     0       2         0      
       int41.obj                     0       2         0      
       int42.obj                     0       2         0      
       int43.obj                     0       2         0      
       int44.obj                     0       2         0      
       int47.obj                     0       2         0      
       int48.obj                     0       2         0      
       int49.obj                     0       2         0      
       int50.obj                     0       2         0      
       int51.obj                     0       2         0      
       int52.obj                     0       2         0      
       int53.obj                     0       2         0      
       int54.obj                     0       2         0      
       startup.obj                   2       0         0      
    +--+-----------------------------+-------+---------+---------+
       Total:                        4430    42        14     
                                                              
       Heap:                         0       0         160    
       Stack:                        0       0         160    
       Linker Generated:             0       55        0      
    +--+-----------------------------+-------+---------+---------+
       Grand Total:                  16228   887       7158   


LINKER GENERATED COPY TABLES

__TI_cinit_table @ 000064b0 records: 2, size/record: 8, table size: 16
	.data: load addr=00006488, load size=00000015 bytes, run addr=00001e46, run size=0000001e bytes, compression=lzss
	.bss: load addr=000064aa, load size=00000006 bytes, run addr=00001c00, run size=00000246 bytes, compression=zero_init


LINKER GENERATED HANDLER TABLE

__TI_handler_table @ 0000649e records: 3, size/record: 4, table size: 12
	index: 0, handler: __TI_zero_init
	index: 1, handler: __TI_decompress_lzss
	index: 2, handler: __TI_decompress_none


GLOBAL SYMBOLS: SORTED ALPHABETICALLY BY Name 

address   name                                   
-------   ----                                   
00012dea  ACCEL_singleSample_                    
00000800  ADC12CTL0                              
00000801  ADC12CTL0_H                            
00000800  ADC12CTL0_L                            
00000802  ADC12CTL1                              
00000803  ADC12CTL1_H                            
00000802  ADC12CTL1_L                            
00000804  ADC12CTL2                              
00000805  ADC12CTL2_H                            
00000804  ADC12CTL2_L                            
00000806  ADC12CTL3                              
00000807  ADC12CTL3_H                            
00000806  ADC12CTL3_L                            
0000080a  ADC12HI                                
0000080b  ADC12HI_H                              
0000080a  ADC12HI_L                              
00000812  ADC12IER0                              
00000813  ADC12IER0_H                            
00000812  ADC12IER0_L                            
00000814  ADC12IER1                              
00000815  ADC12IER1_H                            
00000814  ADC12IER1_L                            
00000816  ADC12IER2                              
00000817  ADC12IER2_H                            
00000816  ADC12IER2_L                            
0000080c  ADC12IFGR0                             
0000080d  ADC12IFGR0_H                           
0000080c  ADC12IFGR0_L                           
0000080e  ADC12IFGR1                             
0000080f  ADC12IFGR1_H                           
0000080e  ADC12IFGR1_L                           
00000810  ADC12IFGR2                             
00000811  ADC12IFGR2_H                           
00000810  ADC12IFGR2_L                           
00000818  ADC12IV                                
00000819  ADC12IV_H                              
00000818  ADC12IV_L                              
00000808  ADC12LO                                
00000809  ADC12LO_H                              
00000808  ADC12LO_L                              
00000820  ADC12MCTL0                             
00000821  ADC12MCTL0_H                           
00000820  ADC12MCTL0_L                           
00000822  ADC12MCTL1                             
00000834  ADC12MCTL10                            
00000835  ADC12MCTL10_H                          
00000834  ADC12MCTL10_L                          
00000836  ADC12MCTL11                            
00000837  ADC12MCTL11_H                          
00000836  ADC12MCTL11_L                          
00000838  ADC12MCTL12                            
00000839  ADC12MCTL12_H                          
00000838  ADC12MCTL12_L                          
0000083a  ADC12MCTL13                            
0000083b  ADC12MCTL13_H                          
0000083a  ADC12MCTL13_L                          
0000083c  ADC12MCTL14                            
0000083d  ADC12MCTL14_H                          
0000083c  ADC12MCTL14_L                          
0000083e  ADC12MCTL15                            
0000083f  ADC12MCTL15_H                          
0000083e  ADC12MCTL15_L                          
00000840  ADC12MCTL16                            
00000841  ADC12MCTL16_H                          
00000840  ADC12MCTL16_L                          
00000842  ADC12MCTL17                            
00000843  ADC12MCTL17_H                          
00000842  ADC12MCTL17_L                          
00000844  ADC12MCTL18                            
00000845  ADC12MCTL18_H                          
00000844  ADC12MCTL18_L                          
00000846  ADC12MCTL19                            
00000847  ADC12MCTL19_H                          
00000846  ADC12MCTL19_L                          
00000823  ADC12MCTL1_H                           
00000822  ADC12MCTL1_L                           
00000824  ADC12MCTL2                             
00000848  ADC12MCTL20                            
00000849  ADC12MCTL20_H                          
00000848  ADC12MCTL20_L                          
0000084a  ADC12MCTL21                            
0000084b  ADC12MCTL21_H                          
0000084a  ADC12MCTL21_L                          
0000084c  ADC12MCTL22                            
0000084d  ADC12MCTL22_H                          
0000084c  ADC12MCTL22_L                          
0000084e  ADC12MCTL23                            
0000084f  ADC12MCTL23_H                          
0000084e  ADC12MCTL23_L                          
00000850  ADC12MCTL24                            
00000851  ADC12MCTL24_H                          
00000850  ADC12MCTL24_L                          
00000852  ADC12MCTL25                            
00000853  ADC12MCTL25_H                          
00000852  ADC12MCTL25_L                          
00000854  ADC12MCTL26                            
00000855  ADC12MCTL26_H                          
00000854  ADC12MCTL26_L                          
00000856  ADC12MCTL27                            
00000857  ADC12MCTL27_H                          
00000856  ADC12MCTL27_L                          
00000858  ADC12MCTL28                            
00000859  ADC12MCTL28_H                          
00000858  ADC12MCTL28_L                          
0000085a  ADC12MCTL29                            
0000085b  ADC12MCTL29_H                          
0000085a  ADC12MCTL29_L                          
00000825  ADC12MCTL2_H                           
00000824  ADC12MCTL2_L                           
00000826  ADC12MCTL3                             
0000085c  ADC12MCTL30                            
0000085d  ADC12MCTL30_H                          
0000085c  ADC12MCTL30_L                          
0000085e  ADC12MCTL31                            
0000085f  ADC12MCTL31_H                          
0000085e  ADC12MCTL31_L                          
00000827  ADC12MCTL3_H                           
00000826  ADC12MCTL3_L                           
00000828  ADC12MCTL4                             
00000829  ADC12MCTL4_H                           
00000828  ADC12MCTL4_L                           
0000082a  ADC12MCTL5                             
0000082b  ADC12MCTL5_H                           
0000082a  ADC12MCTL5_L                           
0000082c  ADC12MCTL6                             
0000082d  ADC12MCTL6_H                           
0000082c  ADC12MCTL6_L                           
0000082e  ADC12MCTL7                             
0000082f  ADC12MCTL7_H                           
0000082e  ADC12MCTL7_L                           
00000830  ADC12MCTL8                             
00000831  ADC12MCTL8_H                           
00000830  ADC12MCTL8_L                           
00000832  ADC12MCTL9                             
00000833  ADC12MCTL9_H                           
00000832  ADC12MCTL9_L                           
00000860  ADC12MEM0                              
00000861  ADC12MEM0_H                            
00000860  ADC12MEM0_L                            
00000862  ADC12MEM1                              
00000874  ADC12MEM10                             
00000875  ADC12MEM10_H                           
00000874  ADC12MEM10_L                           
00000876  ADC12MEM11                             
00000877  ADC12MEM11_H                           
00000876  ADC12MEM11_L                           
00000878  ADC12MEM12                             
00000879  ADC12MEM12_H                           
00000878  ADC12MEM12_L                           
0000087a  ADC12MEM13                             
0000087b  ADC12MEM13_H                           
0000087a  ADC12MEM13_L                           
0000087c  ADC12MEM14                             
0000087d  ADC12MEM14_H                           
0000087c  ADC12MEM14_L                           
0000087e  ADC12MEM15                             
0000087f  ADC12MEM15_H                           
0000087e  ADC12MEM15_L                           
00000880  ADC12MEM16                             
00000881  ADC12MEM16_H                           
00000880  ADC12MEM16_L                           
00000882  ADC12MEM17                             
00000883  ADC12MEM17_H                           
00000882  ADC12MEM17_L                           
00000884  ADC12MEM18                             
00000885  ADC12MEM18_H                           
00000884  ADC12MEM18_L                           
00000886  ADC12MEM19                             
00000887  ADC12MEM19_H                           
00000886  ADC12MEM19_L                           
00000863  ADC12MEM1_H                            
00000862  ADC12MEM1_L                            
00000864  ADC12MEM2                              
00000888  ADC12MEM20                             
00000889  ADC12MEM20_H                           
00000888  ADC12MEM20_L                           
0000088a  ADC12MEM21                             
0000088b  ADC12MEM21_H                           
0000088a  ADC12MEM21_L                           
0000088c  ADC12MEM22                             
0000088d  ADC12MEM22_H                           
0000088c  ADC12MEM22_L                           
0000088e  ADC12MEM23                             
0000088f  ADC12MEM23_H                           
0000088e  ADC12MEM23_L                           
00000890  ADC12MEM24                             
00000891  ADC12MEM24_H                           
00000890  ADC12MEM24_L                           
00000892  ADC12MEM25                             
00000893  ADC12MEM25_H                           
00000892  ADC12MEM25_L                           
00000894  ADC12MEM26                             
00000895  ADC12MEM26_H                           
00000894  ADC12MEM26_L                           
00000896  ADC12MEM27                             
00000897  ADC12MEM27_H                           
00000896  ADC12MEM27_L                           
00000898  ADC12MEM28                             
00000899  ADC12MEM28_H                           
00000898  ADC12MEM28_L                           
0000089a  ADC12MEM29                             
0000089b  ADC12MEM29_H                           
0000089a  ADC12MEM29_L                           
00000865  ADC12MEM2_H                            
00000864  ADC12MEM2_L                            
00000866  ADC12MEM3                              
0000089c  ADC12MEM30                             
0000089d  ADC12MEM30_H                           
0000089c  ADC12MEM30_L                           
0000089e  ADC12MEM31                             
0000089f  ADC12MEM31_H                           
0000089e  ADC12MEM31_L                           
00000867  ADC12MEM3_H                            
00000866  ADC12MEM3_L                            
00000868  ADC12MEM4                              
00000869  ADC12MEM4_H                            
00000868  ADC12MEM4_L                            
0000086a  ADC12MEM5                              
0000086b  ADC12MEM5_H                            
0000086a  ADC12MEM5_L                            
0000086c  ADC12MEM6                              
0000086d  ADC12MEM6_H                            
0000086c  ADC12MEM6_L                            
0000086e  ADC12MEM7                              
0000086f  ADC12MEM7_H                            
0000086e  ADC12MEM7_L                            
00000870  ADC12MEM8                              
00000871  ADC12MEM8_H                            
00000870  ADC12MEM8_L                            
00000872  ADC12MEM9                              
00000873  ADC12MEM9_H                            
00000872  ADC12MEM9_L                            
0001350c  ADC_config                             
000009c0  AESACTL0                               
000009c1  AESACTL0_H                             
000009c0  AESACTL0_L                             
000009c2  AESACTL1                               
000009c3  AESACTL1_H                             
000009c2  AESACTL1_L                             
000009c8  AESADIN                                
000009c9  AESADIN_H                              
000009c8  AESADIN_L                              
000009ca  AESADOUT                               
000009cb  AESADOUT_H                             
000009ca  AESADOUT_L                             
000009c6  AESAKEY                                
000009c7  AESAKEY_H                              
000009c6  AESAKEY_L                              
000009c4  AESASTAT                               
000009c5  AESASTAT_H                             
000009c4  AESASTAT_L                             
000009cc  AESAXDIN                               
000009cd  AESAXDIN_H                             
000009cc  AESAXDIN_L                             
000009ce  AESAXIN                                
000009cf  AESAXIN_H                              
000009ce  AESAXIN_L                              
000004be  BCD2BIN                                
000004bc  BIN2BCD                                
00013dda  C$$EXIT                                
0000043e  CAPTIO0CTL                             
0000043f  CAPTIO0CTL_H                           
0000043e  CAPTIO0CTL_L                           
0000047e  CAPTIO1CTL                             
0000047f  CAPTIO1CTL_H                           
0000047e  CAPTIO1CTL_L                           
000008c0  CECTL0                                 
000008c1  CECTL0_H                               
000008c0  CECTL0_L                               
000008c2  CECTL1                                 
000008c3  CECTL1_H                               
000008c2  CECTL1_L                               
000008c4  CECTL2                                 
000008c5  CECTL2_H                               
000008c4  CECTL2_L                               
000008c6  CECTL3                                 
000008c7  CECTL3_H                               
000008c6  CECTL3_L                               
000008cc  CEINT                                  
000008cd  CEINT_H                                
000008cc  CEINT_L                                
000008ce  CEIV                                   
000008cf  CEIV_H                                 
000008ce  CEIV_L                                 
00000150  CRCDI                                  
00000152  CRCDIRB                                
00000153  CRCDIRB_H                              
00000152  CRCDIRB_L                              
00000151  CRCDI_H                                
00000150  CRCDI_L                                
00000154  CRCINIRES                              
00000155  CRCINIRES_H                            
00000154  CRCINIRES_L                            
00000156  CRCRESR                                
00000157  CRCRESR_H                              
00000156  CRCRESR_L                              
00000160  CSCTL0                                 
00000161  CSCTL0_H                               
00000160  CSCTL0_L                               
00000162  CSCTL1                                 
00000163  CSCTL1_H                               
00000162  CSCTL1_L                               
00000164  CSCTL2                                 
00000165  CSCTL2_H                               
00000164  CSCTL2_L                               
00000166  CSCTL3                                 
00000167  CSCTL3_H                               
00000166  CSCTL3_L                               
00000168  CSCTL4                                 
00000169  CSCTL4_H                               
00000168  CSCTL4_L                               
0000016a  CSCTL5                                 
0000016b  CSCTL5_H                               
0000016a  CSCTL5_L                               
0000016c  CSCTL6                                 
0000016d  CSCTL6_H                               
0000016c  CSCTL6_L                               
00000510  DMA0CTL                                
00000511  DMA0CTL_H                              
00000510  DMA0CTL_L                              
00000516  DMA0DA                                 
00000518  DMA0DAH                                
00000516  DMA0DAL                                
00000512  DMA0SA                                 
00000514  DMA0SAH                                
00000512  DMA0SAL                                
0000051a  DMA0SZ                                 
00000520  DMA1CTL                                
00000521  DMA1CTL_H                              
00000520  DMA1CTL_L                              
00000526  DMA1DA                                 
00000528  DMA1DAH                                
00000526  DMA1DAL                                
00000522  DMA1SA                                 
00000524  DMA1SAH                                
00000522  DMA1SAL                                
0000052a  DMA1SZ                                 
00000530  DMA2CTL                                
00000531  DMA2CTL_H                              
00000530  DMA2CTL_L                              
00000536  DMA2DA                                 
00000538  DMA2DAH                                
00000536  DMA2DAL                                
00000532  DMA2SA                                 
00000534  DMA2SAH                                
00000532  DMA2SAL                                
0000053a  DMA2SZ                                 
00000500  DMACTL0                                
00000501  DMACTL0_H                              
00000500  DMACTL0_L                              
00000502  DMACTL1                                
00000503  DMACTL1_H                              
00000502  DMACTL1_L                              
00000504  DMACTL2                                
00000505  DMACTL2_H                              
00000504  DMACTL2_L                              
00000506  DMACTL3                                
00000507  DMACTL3_H                              
00000506  DMACTL3_L                              
00000508  DMACTL4                                
00000509  DMACTL4_H                              
00000508  DMACTL4_L                              
0000050e  DMAIV                                  
0000050f  DMAIV_H                                
0000050e  DMAIV_L                                
00000140  FRCTL0                                 
00000141  FRCTL0_H                               
00000140  FRCTL0_L                               
00000144  GCCTL0                                 
00000145  GCCTL0_H                               
00000144  GCCTL0_L                               
00000146  GCCTL1                                 
00000147  GCCTL1_H                               
00000146  GCCTL1_L                               
000004c4  MAC                                    
000004da  MAC32H                                 
000004db  MAC32H_H                               
000004da  MAC32H_L                               
000004d8  MAC32L                                 
000004d9  MAC32L_H                               
000004d8  MAC32L_L                               
000004c6  MACS                                   
000004de  MACS32H                                
000004df  MACS32H_H                              
000004de  MACS32H_L                              
000004dc  MACS32L                                
000004dd  MACS32L_H                              
000004dc  MACS32L_L                              
000004c7  MACS_H                                 
000004c6  MACS_L                                 
000004c5  MAC_H                                  
000004c4  MAC_L                                  
000005a0  MPUCTL0                                
000005a1  MPUCTL0_H                              
000005a0  MPUCTL0_L                              
000005a2  MPUCTL1                                
000005a3  MPUCTL1_H                              
000005a2  MPUCTL1_L                              
000005aa  MPUIPC0                                
000005ab  MPUIPC0_H                              
000005aa  MPUIPC0_L                              
000005ae  MPUIPSEGB1                             
000005af  MPUIPSEGB1_H                           
000005ae  MPUIPSEGB1_L                           
000005ac  MPUIPSEGB2                             
000005ad  MPUIPSEGB2_H                           
000005ac  MPUIPSEGB2_L                           
000005a8  MPUSAM                                 
000005a9  MPUSAM_H                               
000005a8  MPUSAM_L                               
000005a6  MPUSEGB1                               
000005a7  MPUSEGB1_H                             
000005a6  MPUSEGB1_L                             
000005a4  MPUSEGB2                               
000005a5  MPUSEGB2_H                             
000005a4  MPUSEGB2_L                             
000004c0  MPY                                    
000004ec  MPY32CTL0                              
000004ed  MPY32CTL0_H                            
000004ec  MPY32CTL0_L                            
000004d2  MPY32H                                 
000004d3  MPY32H_H                               
000004d2  MPY32H_L                               
000004d0  MPY32L                                 
000004d1  MPY32L_H                               
000004d0  MPY32L_L                               
000004c2  MPYS                                   
000004d6  MPYS32H                                
000004d7  MPYS32H_H                              
000004d6  MPYS32H_L                              
000004d4  MPYS32L                                
000004d5  MPYS32L_H                              
000004d4  MPYS32L_L                              
000004c3  MPYS_H                                 
000004c2  MPYS_L                                 
000004c1  MPY_H                                  
000004c0  MPY_L                                  
000004c8  OP2                                    
000004e2  OP2H                                   
000004e3  OP2H_H                                 
000004e2  OP2H_L                                 
000004e0  OP2L                                   
000004e1  OP2L_H                                 
000004e0  OP2L_L                                 
000004c9  OP2_H                                  
000004c8  OP2_L                                  
0000020e  P1IV                                   
0000021e  P2IV                                   
0000022e  P3IV                                   
0000023e  P4IV                                   
00000204  PADIR                                  
00000205  PADIR_H                                
00000204  PADIR_L                                
0000021a  PAIE                                   
00000218  PAIES                                  
00000219  PAIES_H                                
00000218  PAIES_L                                
0000021b  PAIE_H                                 
0000021a  PAIE_L                                 
0000021c  PAIFG                                  
0000021d  PAIFG_H                                
0000021c  PAIFG_L                                
00000200  PAIN                                   
00000201  PAIN_H                                 
00000200  PAIN_L                                 
00000202  PAOUT                                  
00000203  PAOUT_H                                
00000202  PAOUT_L                                
00000206  PAREN                                  
00000207  PAREN_H                                
00000206  PAREN_L                                
0000020a  PASEL0                                 
0000020b  PASEL0_H                               
0000020a  PASEL0_L                               
0000020c  PASEL1                                 
0000020d  PASEL1_H                               
0000020c  PASEL1_L                               
00000216  PASELC                                 
00000217  PASELC_H                               
00000216  PASELC_L                               
00000224  PBDIR                                  
00000225  PBDIR_H                                
00000224  PBDIR_L                                
0000023a  PBIE                                   
00000238  PBIES                                  
00000239  PBIES_H                                
00000238  PBIES_L                                
0000023b  PBIE_H                                 
0000023a  PBIE_L                                 
0000023c  PBIFG                                  
0000023d  PBIFG_H                                
0000023c  PBIFG_L                                
00000220  PBIN                                   
00000221  PBIN_H                                 
00000220  PBIN_L                                 
00000222  PBOUT                                  
00000223  PBOUT_H                                
00000222  PBOUT_L                                
00000226  PBREN                                  
00000227  PBREN_H                                
00000226  PBREN_L                                
0000022a  PBSEL0                                 
0000022b  PBSEL0_H                               
0000022a  PBSEL0_L                               
0000022c  PBSEL1                                 
0000022d  PBSEL1_H                               
0000022c  PBSEL1_L                               
00000236  PBSELC                                 
00000237  PBSELC_H                               
00000236  PBSELC_L                               
00000324  PJDIR                                  
00000325  PJDIR_H                                
00000324  PJDIR_L                                
00000320  PJIN                                   
00000321  PJIN_H                                 
00000320  PJIN_L                                 
00000322  PJOUT                                  
00000323  PJOUT_H                                
00000322  PJOUT_L                                
00000326  PJREN                                  
00000327  PJREN_H                                
00000326  PJREN_L                                
0000032a  PJSEL0                                 
0000032b  PJSEL0_H                               
0000032a  PJSEL0_L                               
0000032c  PJSEL1                                 
0000032d  PJSEL1_H                               
0000032c  PJSEL1_L                               
00000336  PJSELC                                 
00000337  PJSELC_H                               
00000336  PJSELC_L                               
00000130  PM5CTL0                                
00000131  PM5CTL0_H                              
00000130  PM5CTL0_L                              
00000120  PMMCTL0                                
00000121  PMMCTL0_H                              
00000120  PMMCTL0_L                              
0000012a  PMMIFG                                 
0000012b  PMMIFG_H                               
0000012a  PMMIFG_L                               
000001b0  REFCTL0                                
000001b1  REFCTL0_H                              
000001b0  REFCTL0_L                              
000004e4  RES0                                   
000004e5  RES0_H                                 
000004e4  RES0_L                                 
000004e6  RES1                                   
000004e7  RES1_H                                 
000004e6  RES1_L                                 
000004e8  RES2                                   
000004e9  RES2_H                                 
000004e8  RES2_L                                 
000004ea  RES3                                   
000004eb  RES3_H                                 
000004ea  RES3_L                                 
000004cc  RESHI                                  
000004cd  RESHI_H                                
000004cc  RESHI_L                                
000004ca  RESLO                                  
000004cb  RESLO_H                                
000004ca  RESLO_L                                
000004ba  RTCADOWDAY                             
000004bb  RTCADOWDAY_H                           
000004ba  RTCADOWDAY_L                           
000004b8  RTCAMINHR                              
000004b9  RTCAMINHR_H                            
000004b8  RTCAMINHR_L                            
000004a0  RTCCTL01                               
000004a1  RTCCTL01_H                             
000004a0  RTCCTL01_L                             
000004a2  RTCCTL23                               
000004a3  RTCCTL23_H                             
000004a2  RTCCTL23_L                             
000004b4  RTCDATE                                
000004b5  RTCDATE_H                              
000004b4  RTCDATE_L                              
000004ae  RTCIV                                  
000004ac  RTCPS                                  
000004a8  RTCPS0CTL                              
000004a9  RTCPS0CTL_H                            
000004a8  RTCPS0CTL_L                            
000004aa  RTCPS1CTL                              
000004ab  RTCPS1CTL_H                            
000004aa  RTCPS1CTL_L                            
000004ad  RTCPS_H                                
000004ac  RTCPS_L                                
000004b0  RTCTIM0                                
000004b1  RTCTIM0_H                              
000004b0  RTCTIM0_L                              
000004b2  RTCTIM1                                
000004b3  RTCTIM1_H                              
000004b2  RTCTIM1_L                              
000004b6  RTCYEAR                                
000004b7  RTCYEAR_H                              
000004b6  RTCYEAR_L                              
00000100  SFRIE1                                 
00000101  SFRIE1_H                               
00000100  SFRIE1_L                               
00000102  SFRIFG1                                
00000103  SFRIFG1_H                              
00000102  SFRIFG1_L                              
00000104  SFRRPCR                                
00000105  SFRRPCR_H                              
00000104  SFRRPCR_L                              
000004ce  SUMEXT                                 
000004cf  SUMEXT_H                               
000004ce  SUMEXT_L                               
00000180  SYSCTL                                 
00000181  SYSCTL_H                               
00000180  SYSCTL_L                               
00000186  SYSJMBC                                
00000187  SYSJMBC_H                              
00000186  SYSJMBC_L                              
00000188  SYSJMBI0                               
00000189  SYSJMBI0_H                             
00000188  SYSJMBI0_L                             
0000018a  SYSJMBI1                               
0000018b  SYSJMBI1_H                             
0000018a  SYSJMBI1_L                             
0000018c  SYSJMBO0                               
0000018d  SYSJMBO0_H                             
0000018c  SYSJMBO0_L                             
0000018e  SYSJMBO1                               
0000018f  SYSJMBO1_H                             
0000018e  SYSJMBO1_L                             
0000019e  SYSRSTIV                               
0000019f  SYSRSTIV_H                             
0000019e  SYSRSTIV_L                             
0000019c  SYSSNIV                                
0000019d  SYSSNIV_H                              
0000019c  SYSSNIV_L                              
0000019a  SYSUNIV                                
0000019b  SYSUNIV_H                              
0000019a  SYSUNIV_L                              
00000352  TA0CCR0                                
00000354  TA0CCR1                                
00000356  TA0CCR2                                
00000342  TA0CCTL0                               
00000344  TA0CCTL1                               
00000346  TA0CCTL2                               
00000340  TA0CTL                                 
00000360  TA0EX0                                 
0000036e  TA0IV                                  
00000350  TA0R                                   
00000392  TA1CCR0                                
00000394  TA1CCR1                                
00000396  TA1CCR2                                
00000382  TA1CCTL0                               
00000384  TA1CCTL1                               
00000386  TA1CCTL2                               
00000380  TA1CTL                                 
000003a0  TA1EX0                                 
000003ae  TA1IV                                  
00000390  TA1R                                   
00000412  TA2CCR0                                
00000414  TA2CCR1                                
00000402  TA2CCTL0                               
00000404  TA2CCTL1                               
00000400  TA2CTL                                 
00000420  TA2EX0                                 
0000042e  TA2IV                                  
00000410  TA2R                                   
00000452  TA3CCR0                                
00000454  TA3CCR1                                
00000442  TA3CCTL0                               
00000444  TA3CCTL1                               
00000440  TA3CTL                                 
00000460  TA3EX0                                 
0000046e  TA3IV                                  
00000450  TA3R                                   
000003d2  TB0CCR0                                
000003d4  TB0CCR1                                
000003d6  TB0CCR2                                
000003d8  TB0CCR3                                
000003da  TB0CCR4                                
000003dc  TB0CCR5                                
000003de  TB0CCR6                                
000003c2  TB0CCTL0                               
000003c4  TB0CCTL1                               
000003c6  TB0CCTL2                               
000003c8  TB0CCTL3                               
000003ca  TB0CCTL4                               
000003cc  TB0CCTL5                               
000003ce  TB0CCTL6                               
000003c0  TB0CTL                                 
000003e0  TB0EX0                                 
000003ee  TB0IV                                  
000003d0  TB0R                                   
0000614a  Timer0_A0_ISR                          
000005d0  UCA0ABCTL                              
000005c6  UCA0BRW                                
000005c7  UCA0BRW_H                              
000005c6  UCA0BRW_L                              
000005c0  UCA0CTLW0                              
000005c1  UCA0CTLW0_H                            
000005c0  UCA0CTLW0_L                            
000005c2  UCA0CTLW1                              
000005c3  UCA0CTLW1_H                            
000005c2  UCA0CTLW1_L                            
000005da  UCA0IE                                 
000005db  UCA0IE_H                               
000005da  UCA0IE_L                               
000005dc  UCA0IFG                                
000005dd  UCA0IFG_H                              
000005dc  UCA0IFG_L                              
000005d2  UCA0IRCTL                              
000005d3  UCA0IRCTL_H                            
000005d2  UCA0IRCTL_L                            
000005de  UCA0IV                                 
000005c8  UCA0MCTLW                              
000005c9  UCA0MCTLW_H                            
000005c8  UCA0MCTLW_L                            
000005cc  UCA0RXBUF                              
000005cd  UCA0RXBUF_H                            
000005cc  UCA0RXBUF_L                            
000005ca  UCA0STATW                              
000005ce  UCA0TXBUF                              
000005cf  UCA0TXBUF_H                            
000005ce  UCA0TXBUF_L                            
000005f0  UCA1ABCTL                              
000005e6  UCA1BRW                                
000005e7  UCA1BRW_H                              
000005e6  UCA1BRW_L                              
000005e0  UCA1CTLW0                              
000005e1  UCA1CTLW0_H                            
000005e0  UCA1CTLW0_L                            
000005e2  UCA1CTLW1                              
000005e3  UCA1CTLW1_H                            
000005e2  UCA1CTLW1_L                            
000005fa  UCA1IE                                 
000005fb  UCA1IE_H                               
000005fa  UCA1IE_L                               
000005fc  UCA1IFG                                
000005fd  UCA1IFG_H                              
000005fc  UCA1IFG_L                              
000005f2  UCA1IRCTL                              
000005f3  UCA1IRCTL_H                            
000005f2  UCA1IRCTL_L                            
000005fe  UCA1IV                                 
000005e8  UCA1MCTLW                              
000005e9  UCA1MCTLW_H                            
000005e8  UCA1MCTLW_L                            
000005ec  UCA1RXBUF                              
000005ed  UCA1RXBUF_H                            
000005ec  UCA1RXBUF_L                            
000005ea  UCA1STATW                              
000005ee  UCA1TXBUF                              
000005ef  UCA1TXBUF_H                            
000005ee  UCA1TXBUF_L                            
0000065e  UCB0ADDMASK                            
0000065f  UCB0ADDMASK_H                          
0000065e  UCB0ADDMASK_L                          
0000065c  UCB0ADDRX                              
0000065d  UCB0ADDRX_H                            
0000065c  UCB0ADDRX_L                            
00000646  UCB0BRW                                
00000647  UCB0BRW_H                              
00000646  UCB0BRW_L                              
00000640  UCB0CTLW0                              
00000641  UCB0CTLW0_H                            
00000640  UCB0CTLW0_L                            
00000642  UCB0CTLW1                              
00000643  UCB0CTLW1_H                            
00000642  UCB0CTLW1_L                            
00000654  UCB0I2COA0                             
00000655  UCB0I2COA0_H                           
00000654  UCB0I2COA0_L                           
00000656  UCB0I2COA1                             
00000657  UCB0I2COA1_H                           
00000656  UCB0I2COA1_L                           
00000658  UCB0I2COA2                             
00000659  UCB0I2COA2_H                           
00000658  UCB0I2COA2_L                           
0000065a  UCB0I2COA3                             
0000065b  UCB0I2COA3_H                           
0000065a  UCB0I2COA3_L                           
00000660  UCB0I2CSA                              
00000661  UCB0I2CSA_H                            
00000660  UCB0I2CSA_L                            
0000066a  UCB0IE                                 
0000066b  UCB0IE_H                               
0000066a  UCB0IE_L                               
0000066c  UCB0IFG                                
0000066d  UCB0IFG_H                              
0000066c  UCB0IFG_L                              
0000066e  UCB0IV                                 
0000064c  UCB0RXBUF                              
0000064d  UCB0RXBUF_H                            
0000064c  UCB0RXBUF_L                            
00000648  UCB0STATW                              
00000649  UCB0STATW_H                            
00000648  UCB0STATW_L                            
0000064a  UCB0TBCNT                              
0000064b  UCB0TBCNT_H                            
0000064a  UCB0TBCNT_L                            
0000064e  UCB0TXBUF                              
0000064f  UCB0TXBUF_H                            
0000064e  UCB0TXBUF_L                            
0000015c  WDTCTL                                 
0000015d  WDTCTL_H                               
0000015c  WDTCTL_L                               
00002400  __STACK_END                            
000000a0  __STACK_SIZE                           
000000a0  __SYSMEM_SIZE                          
000064b0  __TI_CINIT_Base                        
000064c0  __TI_CINIT_Limit                       
0000649e  __TI_Handler_Table_Base                
000064aa  __TI_Handler_Table_Limit               
00006174  __TI_ISR_TRAP                          
00013424  __TI_auto_init_nobinit_nopinit_hold_wdt
00013068  __TI_decompress_lzss                   
00013d50  __TI_decompress_none                   
0001154a  __TI_frcaddd                           
00011064  __TI_frcmpyd                           
0000ffcc  __TI_int30                             
0000ffce  __TI_int31                             
0000ffd0  __TI_int32                             
0000ffd2  __TI_int33                             
0000ffd4  __TI_int34                             
0000ffd6  __TI_int35                             
0000ffd8  __TI_int36                             
0000ffda  __TI_int37                             
0000ffdc  __TI_int38                             
0000ffde  __TI_int39                             
0000ffe0  __TI_int40                             
0000ffe2  __TI_int41                             
0000ffe4  __TI_int42                             
0000ffe6  __TI_int43                             
0000ffe8  __TI_int44                             
0000ffea  __TI_int45                             
0000ffec  __TI_int46                             
0000ffee  __TI_int47                             
0000fff0  __TI_int48                             
0000fff2  __TI_int49                             
0000fff4  __TI_int50                             
0000fff6  __TI_int51                             
0000fff8  __TI_int52                             
0000fffa  __TI_int53                             
0000fffc  __TI_int54                             
ffffffff  __TI_pprof_out_hndl                    
ffffffff  __TI_prof_data_size                    
ffffffff  __TI_prof_data_start                   
0001296a  __TI_renormd                           
00013a56  __TI_zero_init_nomemset                
00013d08  __app_init                             
ffffffff  __c_args__                             
00013306  __create_thread                        
0001396c  __dma_word_copy                        
00013bfa  __event_buffer_full_ISR                
0001381a  __events_boot_init                     
00013234  __events_commit                        
00013b82  __evict_thread                         
00013d62  __get_thread                           
00013ba0  __get_time                             
00013d1a  __get_time_init                        
000139e8  __has_events                           
00005619  __inited                               
000137b2  __lock_event                           
000128ae  __mcu_init                             
00000001  __mpu_enable                           
00013940  __mpu_init                             
00010aa6  __mspabi_addd                          
00013d2c  __mspabi_fixdu                         
0001329e  __mspabi_fixdul                        
00013dd4  __mspabi_fltud                         
00012f70  __mspabi_fltuld                        
000112e4  __mspabi_mpyd                          
00013cc6  __mspabi_mpyi_f5hw                     
00013a7a  __mspabi_mpyl_f5hw                     
00013d92  __mspabi_slll                          
000136c2  __mspabi_slll_1                        
0001369e  __mspabi_slll_10                       
0001369a  __mspabi_slll_11                       
00013696  __mspabi_slll_12                       
00013692  __mspabi_slll_13                       
0001368e  __mspabi_slll_14                       
0001368a  __mspabi_slll_15                       
000136be  __mspabi_slll_2                        
000136ba  __mspabi_slll_3                        
000136b6  __mspabi_slll_4                        
000136b2  __mspabi_slll_5                        
000136ae  __mspabi_slll_6                        
000136aa  __mspabi_slll_7                        
000136a6  __mspabi_slll_8                        
000136a2  __mspabi_slll_9                        
00013d82  __mspabi_sral                          
00013684  __mspabi_sral_1                        
00013660  __mspabi_sral_10                       
0001365c  __mspabi_sral_11                       
00013658  __mspabi_sral_12                       
00013654  __mspabi_sral_13                       
00013650  __mspabi_sral_14                       
0001364c  __mspabi_sral_15                       
00013680  __mspabi_sral_2                        
0001367c  __mspabi_sral_3                        
00013678  __mspabi_sral_4                        
00013674  __mspabi_sral_5                        
00013670  __mspabi_sral_6                        
0001366c  __mspabi_sral_7                        
00013668  __mspabi_sral_8                        
00013664  __mspabi_sral_9                        
00013da2  __mspabi_srll                          
00013700  __mspabi_srll_1                        
000136dc  __mspabi_srll_10                       
000136d8  __mspabi_srll_11                       
000136d4  __mspabi_srll_12                       
000136d0  __mspabi_srll_13                       
000136cc  __mspabi_srll_14                       
000136c8  __mspabi_srll_15                       
000136fc  __mspabi_srll_2                        
000136f8  __mspabi_srll_3                        
000136f4  __mspabi_srll_4                        
000136f0  __mspabi_srll_5                        
000136ec  __mspabi_srll_6                        
000136e8  __mspabi_srll_7                        
000136e4  __mspabi_srll_8                        
000136e0  __mspabi_srll_9                        
00013ae2  __next_thread                          
00013c32  __perqueue_init                        
00013d72  __perqueue_is_empty                    
00013a0e  __perqueue_is_full                     
000138b0  __perqueue_pop                         
00013dbc  __perqueue_pop_commit                  
000137e6  __perqueue_push                        
00013dc4  __perqueue_push_commit                 
00013b02  __priority_highest                     
00013c66  __priority_init                        
000139c0  __priority_insert                      
0001384c  __priority_remove                      
00013c16  __reboot_timers                        
00013996  __release_event                        
00013a32  __scheduler_boot_init                  
000131c6  __scheduler_run                        
00013bbe  __start_thread                         
00013c7e  __stop_thread                          
00013d3e  __task_commit                          
000124be  __tick                                 
00013706  __timers_init                          
0000612a  _c_int00_noargs_mpu                    
00011bb6  _commit_timer_buffers                  
00001e52  _lock                                  
00013de4  _nop                                   
000135d0  _pers_timer_commit                     
00012ff0  _pers_timer_get                        
00013dcc  _pers_timer_get_nxt_thread             
00013706  _pers_timer_init                       
00012ab4  _pers_timer_update_data                
00013bdc  _pers_timer_update_lock                
00013c96  _pers_timer_update_nxt_thread          
[...]
0000083e  ADC12MCTL15_L                          
0000083f  ADC12MCTL15_H                          
00000840  ADC12MCTL16                            
00000840  ADC12MCTL16_L                          
00000841  ADC12MCTL16_H                          
00000842  ADC12MCTL17                            
00000842  ADC12MCTL17_L                          
00000843  ADC12MCTL17_H                          
00000844  ADC12MCTL18                            
00000844  ADC12MCTL18_L                          
00000845  ADC12MCTL18_H                          
00000846  ADC12MCTL19                            
00000846  ADC12MCTL19_L                          
00000847  ADC12MCTL19_H                          
00000848  ADC12MCTL20                            
00000848  ADC12MCTL20_L                          
00000849  ADC12MCTL20_H                          
0000084a  ADC12MCTL21                            
0000084a  ADC12MCTL21_L                          
0000084b  ADC12MCTL21_H                          
0000084c  ADC12MCTL22                            
0000084c  ADC12MCTL22_L                          
0000084d  ADC12MCTL22_H                          
0000084e  ADC12MCTL23                            
0000084e  ADC12MCTL23_L                          
0000084f  ADC12MCTL23_H                          
00000850  ADC12MCTL24                            
00000850  ADC12MCTL24_L                          
00000851  ADC12MCTL24_H                          
00000852  ADC12MCTL25                            
00000852  ADC12MCTL25_L                          
00000853  ADC12MCTL25_H                          
00000854  ADC12MCTL26                            
00000854  ADC12MCTL26_L                          
00000855  ADC12MCTL26_H                          
00000856  ADC12MCTL27                            
00000856  ADC12MCTL27_L                          
00000857  ADC12MCTL27_H                          
00000858  ADC12MCTL28                            
00000858  ADC12MCTL28_L                          
00000859  ADC12MCTL28_H                          
0000085a  ADC12MCTL29                            
0000085a  ADC12MCTL29_L                          
0000085b  ADC12MCTL29_H                          
0000085c  ADC12MCTL30                            
0000085c  ADC12MCTL30_L                          
0000085d  ADC12MCTL30_H                          
0000085e  ADC12MCTL31                            
0000085e  ADC12MCTL31_L                          
0000085f  ADC12MCTL31_H                          
00000860  ADC12MEM0                              
00000860  ADC12MEM0_L                            
00000861  ADC12MEM0_H                            
00000862  ADC12MEM1                              
00000862  ADC12MEM1_L                            
00000863  ADC12MEM1_H                            
00000864  ADC12MEM2                              
00000864  ADC12MEM2_L                            
00000865  ADC12MEM2_H                            
00000866  ADC12MEM3                              
00000866  ADC12MEM3_L                            
00000867  ADC12MEM3_H                            
00000868  ADC12MEM4                              
00000868  ADC12MEM4_L                            
00000869  ADC12MEM4_H                            
0000086a  ADC12MEM5                              
0000086a  ADC12MEM5_L                            
0000086b  ADC12MEM5_H                            
0000086c  ADC12MEM6                              
0000086c  ADC12MEM6_L                            
0000086d  ADC12MEM6_H                            
0000086e  ADC12MEM7                              
0000086e  ADC12MEM7_L                            
0000086f  ADC12MEM7_H                            
00000870  ADC12MEM8                              
00000870  ADC12MEM8_L                            
00000871  ADC12MEM8_H                            
00000872  ADC12MEM9                              
00000872  ADC12MEM9_L                            
00000873  ADC12MEM9_H                            
00000874  ADC12MEM10                             
00000874  ADC12MEM10_L                           
00000875  ADC12MEM10_H                           
00000876  ADC12MEM11                             
00000876  ADC12MEM11_L                           
00000877  ADC12MEM11_H                           
00000878  ADC12MEM12                             
00000878  ADC12MEM12_L                           
00000879  ADC12MEM12_H                           
0000087a  ADC12MEM13                             
0000087a  ADC12MEM13_L                           
0000087b  ADC12MEM13_H                           
0000087c  ADC12MEM14                             
0000087c  ADC12MEM14_L                           
0000087d  ADC12MEM14_H                           
0000087e  ADC12MEM15                             
0000087e  ADC12MEM15_L                           
0000087f  ADC12MEM15_H                           
00000880  ADC12MEM16                             
00000880  ADC12MEM16_L                           
00000881  ADC12MEM16_H                           
00000882  ADC12MEM17                             
00000882  ADC12MEM17_L                           
00000883  ADC12MEM17_H                           
00000884  ADC12MEM18                             
00000884  ADC12MEM18_L                           
00000885  ADC12MEM18_H                           
00000886  ADC12MEM19                             
00000886  ADC12MEM19_L                           
00000887  ADC12MEM19_H                           
00000888  ADC12MEM20                             
00000888  ADC12MEM20_L                           
00000889  ADC12MEM20_H                           
0000088a  ADC12MEM21                             
0000088a  ADC12MEM21_L                           
0000088b  ADC12MEM21_H                           
0000088c  ADC12MEM22                             
0000088c  ADC12MEM22_L                           
0000088d  ADC12MEM22_H                           
0000088e  ADC12MEM23                             
0000088e  ADC12MEM23_L                           
0000088f  ADC12MEM23_H                           
00000890  ADC12MEM24                             
00000890  ADC12MEM24_L                           
00000891  ADC12MEM24_H                           
00000892  ADC12MEM25                             
00000892  ADC12MEM25_L                           
00000893  ADC12MEM25_H                           
00000894  ADC12MEM26                             
00000894  ADC12MEM26_L                           
00000895  ADC12MEM26_H                           
00000896  ADC12MEM27                             
00000896  ADC12MEM27_L                           
00000897  ADC12MEM27_H                           
00000898  ADC12MEM28                             
00000898  ADC12MEM28_L                           
00000899  ADC12MEM28_H                           
0000089a  ADC12MEM29                             
0000089a  ADC12MEM29_L                           
0000089b  ADC12MEM29_H                           
0000089c  ADC12MEM30                             
0000089c  ADC12MEM30_L                           
0000089d  ADC12MEM30_H                           
0000089e  ADC12MEM31                             
0000089e  ADC12MEM31_L                           
0000089f  ADC12MEM31_H                           
000008c0  CECTL0                                 
000008c0  CECTL0_L                               
000008c1  CECTL0_H                               
000008c2  CECTL1                                 
000008c2  CECTL1_L                               
000008c3  CECTL1_H                               
000008c4  CECTL2                                 
000008c4  CECTL2_L                               
000008c5  CECTL2_H                               
000008c6  CECTL3                                 
000008c6  CECTL3_L                               
000008c7  CECTL3_H                               
000008cc  CEINT                                  
000008cc  CEINT_L                                
000008cd  CEINT_H                                
000008ce  CEIV                                   
000008ce  CEIV_L                                 
000008cf  CEIV_H                                 
000009c0  AESACTL0                               
000009c0  AESACTL0_L                             
000009c1  AESACTL0_H                             
000009c2  AESACTL1                               
000009c2  AESACTL1_L                             
000009c3  AESACTL1_H                             
000009c4  AESASTAT                               
000009c4  AESASTAT_L                             
000009c5  AESASTAT_H                             
000009c6  AESAKEY                                
000009c6  AESAKEY_L                              
000009c7  AESAKEY_H                              
000009c8  AESADIN                                
000009c8  AESADIN_L                              
000009c9  AESADIN_H                              
000009ca  AESADOUT                               
000009ca  AESADOUT_L                             
000009cb  AESADOUT_H                             
000009cc  AESAXDIN                               
000009cc  AESAXDIN_L                             
000009cd  AESAXDIN_H                             
000009ce  AESAXIN                                
000009ce  AESAXIN_L                              
000009cf  AESAXIN_H                              
00001513  mpu_sam_value                          
00001c00  sampled_input                          
00001d00  tb_fftd                                
00001e00  xpr_timing                             
00001e30  timer_event                            
00001e3c  acc_data                               
00001e42  counter                                
00001e44  is                                     
00001e52  _lock                                  
00001e56  _unlock                                
00001e62  errno                                  
00002360  _stack                                 
00002400  __STACK_END                            
00004400  fram_rw_start                          
00005619  __inited                               
00005b76  pers_timer_vars                        
00005c4a  current_ticks                          
00005c54  _sys_memory                            
00006000  fram_ipe_end                           
00006000  fram_ipe_start                         
00006000  fram_rx_start                          
00006000  isr_PORT1_VECTOR                       
000060ae  isr_TIMER2_A0_VECTOR                   
000060f6  isr_ADC12_VECTOR                       
0000612a  _c_int00_noargs_mpu                    
0000614a  Timer0_A0_ISR                          
00006166  isr_TIMER3_A1_VECTOR                   
00006174  __TI_ISR_TRAP                          
0000617c  msp_cmplx_twiddle_table_128_q15        
00006380  msp_cmplx_bitrev_table_ui8             
0000649e  __TI_Handler_Table_Base                
000064aa  __TI_Handler_Table_Limit               
000064b0  __TI_CINIT_Base                        
000064c0  __TI_CINIT_Limit                       
0000a501  mpu_ctl0_value                         
0000ffcc  __TI_int30                             
0000ffce  __TI_int31                             
0000ffd0  __TI_int32                             
0000ffd2  __TI_int33                             
0000ffd4  __TI_int34                             
0000ffd6  __TI_int35                             
0000ffd8  __TI_int36                             
0000ffda  __TI_int37                             
0000ffdc  __TI_int38                             
0000ffde  __TI_int39                             
0000ffe0  __TI_int40                             
0000ffe2  __TI_int41                             
0000ffe4  __TI_int42                             
0000ffe6  __TI_int43                             
0000ffe8  __TI_int44                             
0000ffea  __TI_int45                             
0000ffec  __TI_int46                             
0000ffee  __TI_int47                             
0000fff0  __TI_int48                             
0000fff2  __TI_int49                             
0000fff4  __TI_int50                             
0000fff6  __TI_int51                             
0000fff8  __TI_int52                             
0000fffa  __TI_int53                             
0000fffc  __TI_int54                             
0000fffe  _reset_vector                          
00010000  msp_cmplx_fft_auto_q15                 
00010aa6  __mspabi_addd                          
00010d86  sqrt                                   
00010d86  sqrtl                                  
00011064  __TI_frcmpyd                           
000112e4  __mspabi_mpyd                          
0001154a  __TI_frcaddd                           
000119bc  msp_cmplx_fft_fixed_q15                
00011bb6  _commit_timer_buffers                  
00012044  refresh_xpr_timers                     
000121b2  msp_split_q15                          
000124be  __tick                                 
00012662  set_expire_timer                       
0001272a  medfilter                              
000128ae  __mcu_init                             
0001296a  __TI_renormd                           
00012ab4  _pers_timer_update_data                
00012b46  msp_cmplx_bitrev_q15                   
00012bd4  valid_signal                           
00012c5c  i2c_read_multi                         
00012dea  ACCEL_singleSample_                    
00012e6c  _pers_timer_update_status              
00012eee  _pers_timer_update_thread_id           
00012f70  __mspabi_fltuld                        
00012ff0  _pers_timer_get                        
00013068  __TI_decompress_lzss                   
000131c6  __scheduler_run                        
00013234  __events_commit                        
0001329e  __mspabi_fixdul                        
00013306  __create_thread                        
000133c8  i2c_write                              
00013424  __TI_auto_init_nobinit_nopinit_hold_wdt
00013478  msp_fft_auto_q15                       
000134c2  msp_fft_fixed_q15                      
0001350c  ADC_config                             
00013550  rand                                   
00013590  thread1_init                           
000135d0  _pers_timer_commit                     
0001360e  clear_xpr_status                       
0001364c  __mspabi_sral_15                       
00013650  __mspabi_sral_14                       
00013654  __mspabi_sral_13                       
00013658  __mspabi_sral_12                       
0001365c  __mspabi_sral_11                       
00013660  __mspabi_sral_10                       
00013664  __mspabi_sral_9                        
00013668  __mspabi_sral_8                        
0001366c  __mspabi_sral_7                        
00013670  __mspabi_sral_6                        
00013674  __mspabi_sral_5                        
00013678  __mspabi_sral_4                        
0001367c  __mspabi_sral_3                        
00013680  __mspabi_sral_2                        
00013684  __mspabi_sral_1                        
0001368a  __mspabi_slll_15                       
0001368e  __mspabi_slll_14                       
00013692  __mspabi_slll_13                       
00013696  __mspabi_slll_12                       
0001369a  __mspabi_slll_11                       
0001369e  __mspabi_slll_10                       
000136a2  __mspabi_slll_9                        
000136a6  __mspabi_slll_8                        
000136aa  __mspabi_slll_7                        
000136ae  __mspabi_slll_6                        
000136b2  __mspabi_slll_5                        
000136b6  __mspabi_slll_4                        
000136ba  __mspabi_slll_3                        
000136be  __mspabi_slll_2                        
000136c2  __mspabi_slll_1                        
000136c8  __mspabi_srll_15                       
000136cc  __mspabi_srll_14                       
000136d0  __mspabi_srll_13                       
000136d4  __mspabi_srll_12                       
000136d8  __mspabi_srll_11                       
000136dc  __mspabi_srll_10                       
000136e0  __mspabi_srll_9                        
000136e4  __mspabi_srll_8                        
000136e8  __mspabi_srll_7                        
000136ec  __mspabi_srll_6                        
000136f0  __mspabi_srll_5                        
000136f4  __mspabi_srll_4                        
000136f8  __mspabi_srll_3                        
000136fc  __mspabi_srll_2                        
00013700  __mspabi_srll_1                        
00013706  __timers_init                          
00013706  _pers_timer_init                       
00013742  msp_max_q15                            
000137b2  __lock_event                           
000137e6  __perqueue_push                        
0001381a  __events_boot_init                     
0001384c  __priority_remove                      
0001387e  msp_abs_q15                            
000138b0  __perqueue_pop                         
000138e0  main                                   
00013910  unpack_xpr_to_local                    
00013940  __mpu_init                             
0001396c  __dma_word_copy                        
00013996  __release_event                        
000139c0  __priority_insert                      
000139e8  __has_events                           
00013a0e  __perqueue_is_full                     
00013a32  __scheduler_boot_init                  
00013a56  __TI_zero_init_nomemset                
00013a7a  __mspabi_mpyl_f5hw                     
00013a9e  i2c_init                               
00013ac0  stop_expire_timer                      
00013ae2  __next_thread                          
00013b02  __priority_highest                     
00013b22  thread2_init                           
00013b42  thread3_init                           
00013b62  thread4_init                           
00013b82  __evict_thread                         
00013ba0  __get_time                             
00013bbe  __start_thread                         
00013bdc  _pers_timer_update_lock                
00013bfa  __event_buffer_full_ISR                
00013c16  __reboot_timers                        
00013c32  __perqueue_init                        
00013c4c  setup_mcu                              
00013c66  __priority_init                        
00013c7e  __stop_thread                          
00013c96  _pers_timer_update_nxt_thread          
00013cae  _pers_timer_update_nxt_time            
00013cc6  __mspabi_mpyi_f5hw                     
00013cde  set_timer_xpr                          
00013cf4  memcpy                                 
00013d08  __app_init                             
00013d1a  __get_time_init                        
00013d2c  __mspabi_fixdu                         
00013d3e  __task_commit                          
00013d50  __TI_decompress_none                   
00013d62  __get_thread                           
00013d72  __perqueue_is_empty                    
00013d82  __mspabi_sral                          
00013d92  __mspabi_slll                          
00013da2  __mspabi_srll                          
00013db2  stop_timer_xpr                         
00013dbc  __perqueue_pop_commit                  
00013dc4  __perqueue_push_commit                 
00013dcc  _pers_timer_get_nxt_thread             
00013dd4  __mspabi_fltud                         
00013dda  C$$EXIT                                
00013dda  abort                                  
00013de0  _system_pre_init                       
00013de4  _nop                                   
00013de6  _system_post_cinit                     
ffffffff  __TI_pprof_out_hndl                    
ffffffff  __TI_prof_data_size                    
ffffffff  __TI_prof_data_start                   
ffffffff  __c_args__                             

[1013 symbols]
