<?xml version="1.0"?>
<link_info>
   <banner>MSP430 Linker Unix v17.9.0.STS</banner>
   <copyright>Copyright (c) 2003-2017 Texas Instruments Incorporated</copyright>
   <link_time>0x5ab2589b</link_time>
   <link_errors>0x0</link_errors>
   <output_file>cm_acc.out</output_file>
   <entry_point>
      <name>_c_int00_noargs_mpu</name>
      <address>0x612a</address>
   </entry_point>
   <input_file_list>
      <input_file id="fl-2">
         <path>./</path>
         <kind>object</kind>
         <file>adxl345_i2c_lib.obj</file>
         <name>adxl345_i2c_lib.obj</name>
      </input_file>
      <input_file id="fl-3">
         <path>./</path>
         <kind>object</kind>
         <file>app_intrinsics.obj</file>
         <name>app_intrinsics.obj</name>
      </input_file>
      <input_file id="fl-4">
         <path>./</path>
         <kind>object</kind>
         <file>appinit.obj</file>
         <name>appinit.obj</name>
      </input_file>
      <input_file id="fl-5">
         <path>./</path>
         <kind>object</kind>
         <file>avg_filter.obj</file>
         <name>avg_filter.obj</name>
      </input_file>
      <input_file id="fl-6">
         <path>./</path>
         <kind>object</kind>
         <file>thread1.obj</file>
         <name>thread1.obj</name>
      </input_file>
      <input_file id="fl-7">
         <path>./</path>
         <kind>object</kind>
         <file>thread2.obj</file>
         <name>thread2.obj</name>
      </input_file>
      <input_file id="fl-8">
         <path>./</path>
         <kind>object</kind>
         <file>thread3.obj</file>
         <name>thread3.obj</name>
      </input_file>
      <input_file id="fl-9">
         <path>./dsplib/source/filter/</path>
         <kind>object</kind>
         <file>msp_biquad_cascade_df1_q15.obj</file>
         <name>msp_biquad_cascade_df1_q15.obj</name>
      </input_file>
      <input_file id="fl-a">
         <path>./dsplib/source/filter/</path>
         <kind>object</kind>
         <file>msp_biquad_cascade_df2_ext_q15.obj</file>
         <name>msp_biquad_cascade_df2_ext_q15.obj</name>
      </input_file>
      <input_file id="fl-b">
         <path>./dsplib/source/filter/</path>
         <kind>object</kind>
         <file>msp_biquad_cascade_df2_q15.obj</file>
         <name>msp_biquad_cascade_df2_q15.obj</name>
      </input_file>
      <input_file id="fl-c">
         <path>./dsplib/source/filter/</path>
         <kind>object</kind>
         <file>msp_biquad_df1_q15.obj</file>
         <name>msp_biquad_df1_q15.obj</name>
      </input_file>
      <input_file id="fl-d">
         <path>./dsplib/source/filter/</path>
         <kind>object</kind>
         <file>msp_biquad_df2_ext_q15.obj</file>
         <name>msp_biquad_df2_ext_q15.obj</name>
      </input_file>
      <input_file id="fl-e">
         <path>./dsplib/source/filter/</path>
         <kind>object</kind>
         <file>msp_biquad_df2_q15.obj</file>
         <name>msp_biquad_df2_q15.obj</name>
      </input_file>
      <input_file id="fl-f">
         <path>./dsplib/source/filter/</path>
         <kind>object</kind>
         <file>msp_cmplx_fir_iq31.obj</file>
         <name>msp_cmplx_fir_iq31.obj</name>
      </input_file>
      <input_file id="fl-10">
         <path>./dsplib/source/filter/</path>
         <kind>object</kind>
         <file>msp_cmplx_fir_q15.obj</file>
         <name>msp_cmplx_fir_q15.obj</name>
      </input_file>
      <input_file id="fl-11">
         <path>./dsplib/source/filter/</path>
         <kind>object</kind>
         <file>msp_fir_iq31.obj</file>
         <name>msp_fir_iq31.obj</name>
      </input_file>
      <input_file id="fl-12">
         <path>./dsplib/source/filter/</path>
         <kind>object</kind>
         <file>msp_fir_q15.obj</file>
         <name>msp_fir_q15.obj</name>
      </input_file>
      <input_file id="fl-13">
         <path>./dsplib/source/lea/</path>
         <kind>object</kind>
         <file>msp_lea_flags.obj</file>
         <name>msp_lea_flags.obj</name>
      </input_file>
      <input_file id="fl-14">
         <path>./dsplib/source/lea/</path>
         <kind>object</kind>
         <file>msp_lea_init.obj</file>
         <name>msp_lea_init.obj</name>
      </input_file>
      <input_file id="fl-15">
         <path>./dsplib/source/lea/</path>
         <kind>object</kind>
         <file>msp_lea_isr.obj</file>
         <name>msp_lea_isr.obj</name>
      </input_file>
      <input_file id="fl-16">
         <path>./dsplib/source/lea/</path>
         <kind>object</kind>
         <file>msp_lea_patch.obj</file>
         <name>msp_lea_patch.obj</name>
      </input_file>
      <input_file id="fl-17">
         <path>./dsplib/source/matrix/</path>
         <kind>object</kind>
         <file>msp_matrix_abs_iq31.obj</file>
         <name>msp_matrix_abs_iq31.obj</name>
      </input_file>
      <input_file id="fl-18">
         <path>./dsplib/source/matrix/</path>
         <kind>object</kind>
         <file>msp_matrix_abs_q15.obj</file>
         <name>msp_matrix_abs_q15.obj</name>
      </input_file>
      <input_file id="fl-19">
         <path>./dsplib/source/matrix/</path>
         <kind>object</kind>
         <file>msp_matrix_add_iq31.obj</file>
         <name>msp_matrix_add_iq31.obj</name>
      </input_file>
      <input_file id="fl-1a">
         <path>./dsplib/source/matrix/</path>
         <kind>object</kind>
         <file>msp_matrix_add_q15.obj</file>
         <name>msp_matrix_add_q15.obj</name>
      </input_file>
      <input_file id="fl-1b">
         <path>./dsplib/source/matrix/</path>
         <kind>object</kind>
         <file>msp_matrix_mpy_iq31.obj</file>
         <name>msp_matrix_mpy_iq31.obj</name>
      </input_file>
      <input_file id="fl-1c">
         <path>./dsplib/source/matrix/</path>
         <kind>object</kind>
         <file>msp_matrix_mpy_q15.obj</file>
         <name>msp_matrix_mpy_q15.obj</name>
      </input_file>
      <input_file id="fl-1d">
         <path>./dsplib/source/matrix/</path>
         <kind>object</kind>
         <file>msp_matrix_neg_iq31.obj</file>
         <name>msp_matrix_neg_iq31.obj</name>
      </input_file>
      <input_file id="fl-1e">
         <path>./dsplib/source/matrix/</path>
         <kind>object</kind>
         <file>msp_matrix_neg_q15.obj</file>
         <name>msp_matrix_neg_q15.obj</name>
      </input_file>
      <input_file id="fl-1f">
         <path>./dsplib/source/matrix/</path>
         <kind>object</kind>
         <file>msp_matrix_offset_iq31.obj</file>
         <name>msp_matrix_offset_iq31.obj</name>
      </input_file>
      <input_file id="fl-20">
         <path>./dsplib/source/matrix/</path>
         <kind>object</kind>
         <file>msp_matrix_offset_q15.obj</file>
         <name>msp_matrix_offset_q15.obj</name>
      </input_file>
      <input_file id="fl-21">
         <path>./dsplib/source/matrix/</path>
         <kind>object</kind>
         <file>msp_matrix_scale_iq31.obj</file>
         <name>msp_matrix_scale_iq31.obj</name>
      </input_file>
      <input_file id="fl-22">
         <path>./dsplib/source/matrix/</path>
         <kind>object</kind>
         <file>msp_matrix_scale_q15.obj</file>
         <name>msp_matrix_scale_q15.obj</name>
      </input_file>
      <input_file id="fl-23">
         <path>./dsplib/source/matrix/</path>
         <kind>object</kind>
         <file>msp_matrix_shift_iq31.obj</file>
         <name>msp_matrix_shift_iq31.obj</name>
      </input_file>
      <input_file id="fl-24">
         <path>./dsplib/source/matrix/</path>
         <kind>object</kind>
         <file>msp_matrix_shift_q15.obj</file>
         <name>msp_matrix_shift_q15.obj</name>
      </input_file>
      <input_file id="fl-25">
         <path>./dsplib/source/matrix/</path>
         <kind>object</kind>
         <file>msp_matrix_sub_iq31.obj</file>
         <name>msp_matrix_sub_iq31.obj</name>
      </input_file>
      <input_file id="fl-26">
         <path>./dsplib/source/matrix/</path>
         <kind>object</kind>
         <file>msp_matrix_sub_q15.obj</file>
         <name>msp_matrix_sub_q15.obj</name>
      </input_file>
      <input_file id="fl-27">
         <path>./dsplib/source/matrix/</path>
         <kind>object</kind>
         <file>msp_matrix_trans_iq31.obj</file>
         <name>msp_matrix_trans_iq31.obj</name>
      </input_file>
      <input_file id="fl-28">
         <path>./dsplib/source/matrix/</path>
         <kind>object</kind>
         <file>msp_matrix_trans_q15.obj</file>
         <name>msp_matrix_trans_q15.obj</name>
      </input_file>
      <input_file id="fl-29">
         <path>./dsplib/source/transform/</path>
         <kind>object</kind>
         <file>msp_cmplx_bitrev_iq31.obj</file>
         <name>msp_cmplx_bitrev_iq31.obj</name>
      </input_file>
      <input_file id="fl-2a">
         <path>./dsplib/source/transform/</path>
         <kind>object</kind>
         <file>msp_cmplx_bitrev_q15.obj</file>
         <name>msp_cmplx_bitrev_q15.obj</name>
      </input_file>
      <input_file id="fl-2b">
         <path>./dsplib/source/transform/</path>
         <kind>object</kind>
         <file>msp_cmplx_fft_auto_q15.obj</file>
         <name>msp_cmplx_fft_auto_q15.obj</name>
      </input_file>
      <input_file id="fl-2c">
         <path>./dsplib/source/transform/</path>
         <kind>object</kind>
         <file>msp_cmplx_fft_fixed_q15.obj</file>
         <name>msp_cmplx_fft_fixed_q15.obj</name>
      </input_file>
      <input_file id="fl-2d">
         <path>./dsplib/source/transform/</path>
         <kind>object</kind>
         <file>msp_cmplx_fft_iq31.obj</file>
         <name>msp_cmplx_fft_iq31.obj</name>
      </input_file>
      <input_file id="fl-2e">
         <path>./dsplib/source/transform/</path>
         <kind>object</kind>
         <file>msp_cmplx_ifft_auto_q15.obj</file>
         <name>msp_cmplx_ifft_auto_q15.obj</name>
      </input_file>
      <input_file id="fl-2f">
         <path>./dsplib/source/transform/</path>
         <kind>object</kind>
         <file>msp_cmplx_ifft_fixed_q15.obj</file>
         <name>msp_cmplx_ifft_fixed_q15.obj</name>
      </input_file>
      <input_file id="fl-30">
         <path>./dsplib/source/transform/</path>
         <kind>object</kind>
         <file>msp_cmplx_ifft_iq31.obj</file>
         <name>msp_cmplx_ifft_iq31.obj</name>
      </input_file>
      <input_file id="fl-31">
         <path>./dsplib/source/transform/</path>
         <kind>object</kind>
         <file>msp_fft_auto_q15.obj</file>
         <name>msp_fft_auto_q15.obj</name>
      </input_file>
      <input_file id="fl-32">
         <path>./dsplib/source/transform/</path>
         <kind>object</kind>
         <file>msp_fft_fixed_q15.obj</file>
         <name>msp_fft_fixed_q15.obj</name>
      </input_file>
      <input_file id="fl-33">
         <path>./dsplib/source/transform/</path>
         <kind>object</kind>
         <file>msp_fft_iq31.obj</file>
         <name>msp_fft_iq31.obj</name>
      </input_file>
      <input_file id="fl-34">
         <path>./dsplib/source/transform/</path>
         <kind>object</kind>
         <file>msp_ifft_auto_q15.obj</file>
         <name>msp_ifft_auto_q15.obj</name>
      </input_file>
      <input_file id="fl-35">
         <path>./dsplib/source/transform/</path>
         <kind>object</kind>
         <file>msp_ifft_fixed_q15.obj</file>
         <name>msp_ifft_fixed_q15.obj</name>
      </input_file>
      <input_file id="fl-36">
         <path>./dsplib/source/transform/</path>
         <kind>object</kind>
         <file>msp_ifft_iq31.obj</file>
         <name>msp_ifft_iq31.obj</name>
      </input_file>
      <input_file id="fl-37">
         <path>./dsplib/source/transform/</path>
         <kind>object</kind>
         <file>msp_split_iq31.obj</file>
         <name>msp_split_iq31.obj</name>
      </input_file>
      <input_file id="fl-38">
         <path>./dsplib/source/transform/</path>
         <kind>object</kind>
         <file>msp_split_q15.obj</file>
         <name>msp_split_q15.obj</name>
      </input_file>
      <input_file id="fl-39">
         <path>./dsplib/source/transform/</path>
         <kind>object</kind>
         <file>msp_transform_tables.obj</file>
         <name>msp_transform_tables.obj</name>
      </input_file>
      <input_file id="fl-3a">
         <path>./dsplib/source/utility/</path>
         <kind>object</kind>
         <file>msp_cmplx_fill_iq31.obj</file>
         <name>msp_cmplx_fill_iq31.obj</name>
      </input_file>
      <input_file id="fl-3b">
         <path>./dsplib/source/utility/</path>
         <kind>object</kind>
         <file>msp_cmplx_fill_q15.obj</file>
         <name>msp_cmplx_fill_q15.obj</name>
      </input_file>
      <input_file id="fl-3c">
         <path>./dsplib/source/utility/</path>
         <kind>object</kind>
         <file>msp_cmplx_iq31.obj</file>
         <name>msp_cmplx_iq31.obj</name>
      </input_file>
      <input_file id="fl-3d">
         <path>./dsplib/source/utility/</path>
         <kind>object</kind>
         <file>msp_cmplx_q15.obj</file>
         <name>msp_cmplx_q15.obj</name>
      </input_file>
      <input_file id="fl-3e">
         <path>./dsplib/source/utility/</path>
         <kind>object</kind>
         <file>msp_copy_iq31.obj</file>
         <name>msp_copy_iq31.obj</name>
      </input_file>
      <input_file id="fl-3f">
         <path>./dsplib/source/utility/</path>
         <kind>object</kind>
         <file>msp_copy_q15.obj</file>
         <name>msp_copy_q15.obj</name>
      </input_file>
      <input_file id="fl-40">
         <path>./dsplib/source/utility/</path>
         <kind>object</kind>
         <file>msp_deinterleave_iq31.obj</file>
         <name>msp_deinterleave_iq31.obj</name>
      </input_file>
      <input_file id="fl-41">
         <path>./dsplib/source/utility/</path>
         <kind>object</kind>
         <file>msp_deinterleave_q15.obj</file>
         <name>msp_deinterleave_q15.obj</name>
      </input_file>
      <input_file id="fl-42">
         <path>./dsplib/source/utility/</path>
         <kind>object</kind>
         <file>msp_fill_iq31.obj</file>
         <name>msp_fill_iq31.obj</name>
      </input_file>
      <input_file id="fl-43">
         <path>./dsplib/source/utility/</path>
         <kind>object</kind>
         <file>msp_fill_q15.obj</file>
         <name>msp_fill_q15.obj</name>
      </input_file>
      <input_file id="fl-44">
         <path>./dsplib/source/utility/</path>
         <kind>object</kind>
         <file>msp_interleave_iq31.obj</file>
         <name>msp_interleave_iq31.obj</name>
      </input_file>
      <input_file id="fl-45">
         <path>./dsplib/source/utility/</path>
         <kind>object</kind>
         <file>msp_interleave_q15.obj</file>
         <name>msp_interleave_q15.obj</name>
      </input_file>
      <input_file id="fl-46">
         <path>./dsplib/source/utility/</path>
         <kind>object</kind>
         <file>msp_iq31_to_q15.obj</file>
         <name>msp_iq31_to_q15.obj</name>
      </input_file>
      <input_file id="fl-47">
         <path>./dsplib/source/utility/</path>
         <kind>object</kind>
         <file>msp_q15_to_iq31.obj</file>
         <name>msp_q15_to_iq31.obj</name>
      </input_file>
      <input_file id="fl-48">
         <path>./dsplib/source/utility/</path>
         <kind>object</kind>
         <file>msp_sinusoid_q15.obj</file>
         <name>msp_sinusoid_q15.obj</name>
      </input_file>
      <input_file id="fl-49">
         <path>./dsplib/source/vector/</path>
         <kind>object</kind>
         <file>msp_abs_iq31.obj</file>
         <name>msp_abs_iq31.obj</name>
      </input_file>
      <input_file id="fl-4a">
         <path>./dsplib/source/vector/</path>
         <kind>object</kind>
         <file>msp_abs_q15.obj</file>
         <name>msp_abs_q15.obj</name>
      </input_file>
      <input_file id="fl-4b">
         <path>./dsplib/source/vector/</path>
         <kind>object</kind>
         <file>msp_add_iq31.obj</file>
         <name>msp_add_iq31.obj</name>
      </input_file>
      <input_file id="fl-4c">
         <path>./dsplib/source/vector/</path>
         <kind>object</kind>
         <file>msp_add_q15.obj</file>
         <name>msp_add_q15.obj</name>
      </input_file>
      <input_file id="fl-4d">
         <path>./dsplib/source/vector/</path>
         <kind>object</kind>
         <file>msp_cmplx_add_iq31.obj</file>
         <name>msp_cmplx_add_iq31.obj</name>
      </input_file>
      <input_file id="fl-4e">
         <path>./dsplib/source/vector/</path>
         <kind>object</kind>
         <file>msp_cmplx_add_q15.obj</file>
         <name>msp_cmplx_add_q15.obj</name>
      </input_file>
      <input_file id="fl-4f">
         <path>./dsplib/source/vector/</path>
         <kind>object</kind>
         <file>msp_cmplx_conj_iq31.obj</file>
         <name>msp_cmplx_conj_iq31.obj</name>
      </input_file>
      <input_file id="fl-50">
         <path>./dsplib/source/vector/</path>
         <kind>object</kind>
         <file>msp_cmplx_conj_q15.obj</file>
         <name>msp_cmplx_conj_q15.obj</name>
      </input_file>
      <input_file id="fl-51">
         <path>./dsplib/source/vector/</path>
         <kind>object</kind>
         <file>msp_cmplx_mac_iq31.obj</file>
         <name>msp_cmplx_mac_iq31.obj</name>
      </input_file>
      <input_file id="fl-52">
         <path>./dsplib/source/vector/</path>
         <kind>object</kind>
         <file>msp_cmplx_mac_q15.obj</file>
         <name>msp_cmplx_mac_q15.obj</name>
      </input_file>
      <input_file id="fl-53">
         <path>./dsplib/source/vector/</path>
         <kind>object</kind>
         <file>msp_cmplx_mpy_iq31.obj</file>
         <name>msp_cmplx_mpy_iq31.obj</name>
      </input_file>
      <input_file id="fl-54">
         <path>./dsplib/source/vector/</path>
         <kind>object</kind>
         <file>msp_cmplx_mpy_q15.obj</file>
         <name>msp_cmplx_mpy_q15.obj</name>
      </input_file>
      <input_file id="fl-55">
         <path>./dsplib/source/vector/</path>
         <kind>object</kind>
         <file>msp_cmplx_mpy_real_iq31.obj</file>
         <name>msp_cmplx_mpy_real_iq31.obj</name>
      </input_file>
      <input_file id="fl-56">
         <path>./dsplib/source/vector/</path>
         <kind>object</kind>
         <file>msp_cmplx_mpy_real_q15.obj</file>
         <name>msp_cmplx_mpy_real_q15.obj</name>
      </input_file>
      <input_file id="fl-57">
         <path>./dsplib/source/vector/</path>
         <kind>object</kind>
         <file>msp_cmplx_scale_iq31.obj</file>
         <name>msp_cmplx_scale_iq31.obj</name>
      </input_file>
      <input_file id="fl-58">
         <path>./dsplib/source/vector/</path>
         <kind>object</kind>
         <file>msp_cmplx_scale_q15.obj</file>
         <name>msp_cmplx_scale_q15.obj</name>
      </input_file>
      <input_file id="fl-59">
         <path>./dsplib/source/vector/</path>
         <kind>object</kind>
         <file>msp_cmplx_shift_iq31.obj</file>
         <name>msp_cmplx_shift_iq31.obj</name>
      </input_file>
      <input_file id="fl-5a">
         <path>./dsplib/source/vector/</path>
         <kind>object</kind>
         <file>msp_cmplx_shift_q15.obj</file>
         <name>msp_cmplx_shift_q15.obj</name>
      </input_file>
      <input_file id="fl-5b">
         <path>./dsplib/source/vector/</path>
         <kind>object</kind>
         <file>msp_cmplx_sub_iq31.obj</file>
         <name>msp_cmplx_sub_iq31.obj</name>
      </input_file>
      <input_file id="fl-5c">
         <path>./dsplib/source/vector/</path>
         <kind>object</kind>
         <file>msp_cmplx_sub_q15.obj</file>
         <name>msp_cmplx_sub_q15.obj</name>
      </input_file>
      <input_file id="fl-5d">
         <path>./dsplib/source/vector/</path>
         <kind>object</kind>
         <file>msp_mac_iq31.obj</file>
         <name>msp_mac_iq31.obj</name>
      </input_file>
      <input_file id="fl-5e">
         <path>./dsplib/source/vector/</path>
         <kind>object</kind>
         <file>msp_mac_q15.obj</file>
         <name>msp_mac_q15.obj</name>
      </input_file>
      <input_file id="fl-5f">
         <path>./dsplib/source/vector/</path>
         <kind>object</kind>
         <file>msp_max_iq31.obj</file>
         <name>msp_max_iq31.obj</name>
      </input_file>
      <input_file id="fl-60">
         <path>./dsplib/source/vector/</path>
         <kind>object</kind>
         <file>msp_max_q15.obj</file>
         <name>msp_max_q15.obj</name>
      </input_file>
      <input_file id="fl-61">
         <path>./dsplib/source/vector/</path>
         <kind>object</kind>
         <file>msp_max_uq15.obj</file>
         <name>msp_max_uq15.obj</name>
      </input_file>
      <input_file id="fl-62">
         <path>./dsplib/source/vector/</path>
         <kind>object</kind>
         <file>msp_max_uq31.obj</file>
         <name>msp_max_uq31.obj</name>
      </input_file>
      <input_file id="fl-63">
         <path>./dsplib/source/vector/</path>
         <kind>object</kind>
         <file>msp_min_iq31.obj</file>
         <name>msp_min_iq31.obj</name>
      </input_file>
      <input_file id="fl-64">
         <path>./dsplib/source/vector/</path>
         <kind>object</kind>
         <file>msp_min_q15.obj</file>
         <name>msp_min_q15.obj</name>
      </input_file>
      <input_file id="fl-65">
         <path>./dsplib/source/vector/</path>
         <kind>object</kind>
         <file>msp_min_uq15.obj</file>
         <name>msp_min_uq15.obj</name>
      </input_file>
      <input_file id="fl-66">
         <path>./dsplib/source/vector/</path>
         <kind>object</kind>
         <file>msp_min_uq31.obj</file>
         <name>msp_min_uq31.obj</name>
      </input_file>
      <input_file id="fl-67">
         <path>./dsplib/source/vector/</path>
         <kind>object</kind>
         <file>msp_mpy_iq31.obj</file>
         <name>msp_mpy_iq31.obj</name>
      </input_file>
      <input_file id="fl-68">
         <path>./dsplib/source/vector/</path>
         <kind>object</kind>
         <file>msp_mpy_q15.obj</file>
         <name>msp_mpy_q15.obj</name>
      </input_file>
      <input_file id="fl-69">
         <path>./dsplib/source/vector/</path>
         <kind>object</kind>
         <file>msp_neg_iq31.obj</file>
         <name>msp_neg_iq31.obj</name>
      </input_file>
      <input_file id="fl-6a">
         <path>./dsplib/source/vector/</path>
         <kind>object</kind>
         <file>msp_neg_q15.obj</file>
         <name>msp_neg_q15.obj</name>
      </input_file>
      <input_file id="fl-6b">
         <path>./dsplib/source/vector/</path>
         <kind>object</kind>
         <file>msp_offset_iq31.obj</file>
         <name>msp_offset_iq31.obj</name>
      </input_file>
      <input_file id="fl-6c">
         <path>./dsplib/source/vector/</path>
         <kind>object</kind>
         <file>msp_offset_q15.obj</file>
         <name>msp_offset_q15.obj</name>
      </input_file>
      <input_file id="fl-6d">
         <path>./dsplib/source/vector/</path>
         <kind>object</kind>
         <file>msp_scale_iq31.obj</file>
         <name>msp_scale_iq31.obj</name>
      </input_file>
      <input_file id="fl-6e">
         <path>./dsplib/source/vector/</path>
         <kind>object</kind>
         <file>msp_scale_q15.obj</file>
         <name>msp_scale_q15.obj</name>
      </input_file>
      <input_file id="fl-6f">
         <path>./dsplib/source/vector/</path>
         <kind>object</kind>
         <file>msp_shift_iq31.obj</file>
         <name>msp_shift_iq31.obj</name>
      </input_file>
      <input_file id="fl-70">
         <path>./dsplib/source/vector/</path>
         <kind>object</kind>
         <file>msp_shift_q15.obj</file>
         <name>msp_shift_q15.obj</name>
      </input_file>
      <input_file id="fl-71">
         <path>./dsplib/source/vector/</path>
         <kind>object</kind>
         <file>msp_sub_iq31.obj</file>
         <name>msp_sub_iq31.obj</name>
      </input_file>
      <input_file id="fl-72">
         <path>./dsplib/source/vector/</path>
         <kind>object</kind>
         <file>msp_sub_q15.obj</file>
         <name>msp_sub_q15.obj</name>
      </input_file>
      <input_file id="fl-7a">
         <kind>object</kind>
         <file>&lt;internal&gt;</file>
         <name>&lt;internal&gt;</name>
      </input_file>
      <input_file id="fl-9a">
         <path>/opt/ti/ccsv7/tools/compiler/ti-cgt-msp430_17.9.0.STS/lib/</path>
         <kind>archive</kind>
         <file>rts430x_lc_rd_eabi.lib</file>
         <name>copy_decompress_lzss.obj</name>
      </input_file>
      <input_file id="fl-9b">
         <path>/opt/ti/ccsv7/tools/compiler/ti-cgt-msp430_17.9.0.STS/lib/</path>
         <kind>archive</kind>
         <file>rts430x_lc_rd_eabi.lib</file>
         <name>copy_decompress_none.obj</name>
      </input_file>
      <input_file id="fl-9c">
         <path>/opt/ti/ccsv7/tools/compiler/ti-cgt-msp430_17.9.0.STS/lib/</path>
         <kind>archive</kind>
         <file>rts430x_lc_rd_eabi.lib</file>
         <name>int30.obj</name>
      </input_file>
      <input_file id="fl-9d">
         <path>/opt/ti/ccsv7/tools/compiler/ti-cgt-msp430_17.9.0.STS/lib/</path>
         <kind>archive</kind>
         <file>rts430x_lc_rd_eabi.lib</file>
         <name>isr_trap.obj</name>
      </input_file>
      <input_file id="fl-9e">
         <path>/opt/ti/ccsv7/tools/compiler/ti-cgt-msp430_17.9.0.STS/lib/</path>
         <kind>archive</kind>
         <file>rts430x_lc_rd_eabi.lib</file>
         <name>int31.obj</name>
      </input_file>
      <input_file id="fl-9f">
         <path>/opt/ti/ccsv7/tools/compiler/ti-cgt-msp430_17.9.0.STS/lib/</path>
         <kind>archive</kind>
         <file>rts430x_lc_rd_eabi.lib</file>
         <name>int32.obj</name>
      </input_file>
      <input_file id="fl-a0">
         <path>/opt/ti/ccsv7/tools/compiler/ti-cgt-msp430_17.9.0.STS/lib/</path>
         <kind>archive</kind>
         <file>rts430x_lc_rd_eabi.lib</file>
         <name>int33.obj</name>
      </input_file>
      <input_file id="fl-a1">
         <path>/home/dpatoukas/Documents/TUDelft/Thesis/Ink++/InK/Debug/</path>
         <kind>archive</kind>
         <file>InK.lib</file>
         <name>clk.obj</name>
      </input_file>
      <input_file id="fl-a2">
         <path>/opt/ti/ccsv7/tools/compiler/ti-cgt-msp430_17.9.0.STS/lib/</path>
         <kind>archive</kind>
         <file>rts430x_lc_rd_eabi.lib</file>
         <name>int35.obj</name>
      </input_file>
      <input_file id="fl-a3">
         <path>/opt/ti/ccsv7/tools/compiler/ti-cgt-msp430_17.9.0.STS/lib/</path>
         <kind>archive</kind>
         <file>rts430x_lc_rd_eabi.lib</file>
         <name>int36.obj</name>
      </input_file>
      <input_file id="fl-a4">
         <path>/opt/ti/ccsv7/tools/compiler/ti-cgt-msp430_17.9.0.STS/lib/</path>
         <kind>archive</kind>
         <file>rts430x_lc_rd_eabi.lib</file>
         <name>int37.obj</name>
      </input_file>
      <input_file id="fl-a5">
         <path>/home/dpatoukas/Documents/TUDelft/Thesis/Ink++/InK/Debug/</path>
         <kind>archive</kind>
         <file>InK.lib</file>
         <name>timer.obj</name>
      </input_file>
      <input_file id="fl-a6">
         <path>/opt/ti/ccsv7/tools/compiler/ti-cgt-msp430_17.9.0.STS/lib/</path>
         <kind>archive</kind>
         <file>rts430x_lc_rd_eabi.lib</file>
         <name>int40.obj</name>
      </input_file>
      <input_file id="fl-a7">
         <path>/opt/ti/ccsv7/tools/compiler/ti-cgt-msp430_17.9.0.STS/lib/</path>
         <kind>archive</kind>
         <file>rts430x_lc_rd_eabi.lib</file>
         <name>int41.obj</name>
      </input_file>
      <input_file id="fl-a8">
         <path>/opt/ti/ccsv7/tools/compiler/ti-cgt-msp430_17.9.0.STS/lib/</path>
         <kind>archive</kind>
         <file>rts430x_lc_rd_eabi.lib</file>
         <name>int42.obj</name>
      </input_file>
      <input_file id="fl-a9">
         <path>/opt/ti/ccsv7/tools/compiler/ti-cgt-msp430_17.9.0.STS/lib/</path>
         <kind>archive</kind>
         <file>rts430x_lc_rd_eabi.lib</file>
         <name>int43.obj</name>
      </input_file>
      <input_file id="fl-aa">
         <path>/opt/ti/ccsv7/tools/compiler/ti-cgt-msp430_17.9.0.STS/lib/</path>
         <kind>archive</kind>
         <file>rts430x_lc_rd_eabi.lib</file>
         <name>int44.obj</name>
      </input_file>
      <input_file id="fl-ab">
         <path>/home/dpatoukas/Documents/TUDelft/Thesis/Ink++/InK/Debug/</path>
         <kind>archive</kind>
         <file>InK.lib</file>
         <name>tester.obj</name>
      </input_file>
      <input_file id="fl-ac">
         <path>/opt/ti/ccsv7/tools/compiler/ti-cgt-msp430_17.9.0.STS/lib/</path>
         <kind>archive</kind>
         <file>rts430x_lc_rd_eabi.lib</file>
         <name>int47.obj</name>
      </input_file>
      <input_file id="fl-ad">
         <path>/opt/ti/ccsv7/tools/compiler/ti-cgt-msp430_17.9.0.STS/lib/</path>
         <kind>archive</kind>
         <file>rts430x_lc_rd_eabi.lib</file>
         <name>int48.obj</name>
      </input_file>
      <input_file id="fl-ae">
         <path>/opt/ti/ccsv7/tools/compiler/ti-cgt-msp430_17.9.0.STS/lib/</path>
         <kind>archive</kind>
         <file>rts430x_lc_rd_eabi.lib</file>
         <name>int49.obj</name>
      </input_file>
      <input_file id="fl-af">
         <path>/opt/ti/ccsv7/tools/compiler/ti-cgt-msp430_17.9.0.STS/lib/</path>
         <kind>archive</kind>
         <file>rts430x_lc_rd_eabi.lib</file>
         <name>int50.obj</name>
      </input_file>
      <input_file id="fl-b0">
         <path>/opt/ti/ccsv7/tools/compiler/ti-cgt-msp430_17.9.0.STS/lib/</path>
         <kind>archive</kind>
         <file>rts430x_lc_rd_eabi.lib</file>
         <name>int51.obj</name>
      </input_file>
      <input_file id="fl-b1">
         <path>/opt/ti/ccsv7/tools/compiler/ti-cgt-msp430_17.9.0.STS/lib/</path>
         <kind>archive</kind>
         <file>rts430x_lc_rd_eabi.lib</file>
         <name>int52.obj</name>
      </input_file>
      <input_file id="fl-b2">
         <path>/opt/ti/ccsv7/tools/compiler/ti-cgt-msp430_17.9.0.STS/lib/</path>
         <kind>archive</kind>
         <file>rts430x_lc_rd_eabi.lib</file>
         <name>int53.obj</name>
      </input_file>
      <input_file id="fl-b3">
         <path>/opt/ti/ccsv7/tools/compiler/ti-cgt-msp430_17.9.0.STS/lib/</path>
         <kind>archive</kind>
         <file>rts430x_lc_rd_eabi.lib</file>
         <name>int54.obj</name>
      </input_file>
      <input_file id="fl-b4">
         <path>/opt/ti/ccsv7/tools/compiler/ti-cgt-msp430_17.9.0.STS/lib/</path>
         <kind>archive</kind>
         <file>rts430x_lc_rd_eabi.lib</file>
         <name>copy_zero_init.obj</name>
      </input_file>
      <input_file id="fl-b5">
         <path>/home/dpatoukas/Documents/TUDelft/Thesis/Ink++/InK/Debug/</path>
         <kind>archive</kind>
         <file>InK.lib</file>
         <name>scheduler.obj</name>
      </input_file>
      <input_file id="fl-b6">
         <path>/home/dpatoukas/Documents/TUDelft/Thesis/Ink++/InK/Debug/</path>
         <kind>archive</kind>
         <file>InK.lib</file>
         <name>isrmanager.obj</name>
      </input_file>
      <input_file id="fl-b7">
         <path>/opt/ti/ccsv7/tools/compiler/ti-cgt-msp430_17.9.0.STS/lib/</path>
         <kind>archive</kind>
         <file>rts430x_lc_rd_eabi.lib</file>
         <name>fs_div.obj</name>
      </input_file>
      <input_file id="fl-b8">
         <path>/opt/ti/ccsv7/tools/compiler/ti-cgt-msp430_17.9.0.STS/lib/</path>
         <kind>archive</kind>
         <file>rts430x_lc_rd_eabi.lib</file>
         <name>fixdu.obj</name>
      </input_file>
      <input_file id="fl-b9">
         <path>/opt/ti/ccsv7/tools/compiler/ti-cgt-msp430_17.9.0.STS/lib/</path>
         <kind>archive</kind>
         <file>rts430x_lc_rd_eabi.lib</file>
         <name>fixdul.obj</name>
      </input_file>
      <input_file id="fl-ba">
         <path>/opt/ti/ccsv7/tools/compiler/ti-cgt-msp430_17.9.0.STS/lib/</path>
         <kind>archive</kind>
         <file>rts430x_lc_rd_eabi.lib</file>
         <name>fs_tou.obj</name>
      </input_file>
      <input_file id="fl-bb">
         <path>/opt/ti/ccsv7/tools/compiler/ti-cgt-msp430_17.9.0.STS/lib/</path>
         <kind>archive</kind>
         <file>rts430x_lc_rd_eabi.lib</file>
         <name>fltud.obj</name>
      </input_file>
      <input_file id="fl-bc">
         <path>/opt/ti/ccsv7/tools/compiler/ti-cgt-msp430_17.9.0.STS/lib/</path>
         <kind>archive</kind>
         <file>rts430x_lc_rd_eabi.lib</file>
         <name>fs_utof.obj</name>
      </input_file>
      <input_file id="fl-bd">
         <path>/opt/ti/ccsv7/tools/compiler/ti-cgt-msp430_17.9.0.STS/lib/</path>
         <kind>archive</kind>
         <file>rts430x_lc_rd_eabi.lib</file>
         <name>fltuld.obj</name>
      </input_file>
      <input_file id="fl-be">
         <path>/opt/ti/ccsv7/tools/compiler/ti-cgt-msp430_17.9.0.STS/lib/</path>
         <kind>archive</kind>
         <file>rts430x_lc_rd_eabi.lib</file>
         <name>fs_mpy.obj</name>
      </input_file>
      <input_file id="fl-bf">
         <path>/opt/ti/ccsv7/tools/compiler/ti-cgt-msp430_17.9.0.STS/lib/</path>
         <kind>archive</kind>
         <file>rts430x_lc_rd_eabi.lib</file>
         <name>mult16.obj</name>
      </input_file>
      <input_file id="fl-c0">
         <path>/opt/ti/ccsv7/tools/compiler/ti-cgt-msp430_17.9.0.STS/lib/</path>
         <kind>archive</kind>
         <file>rts430x_lc_rd_eabi.lib</file>
         <name>mult16_f5hw.obj</name>
      </input_file>
      <input_file id="fl-c1">
         <path>/opt/ti/ccsv7/tools/compiler/ti-cgt-msp430_17.9.0.STS/lib/</path>
         <kind>archive</kind>
         <file>rts430x_lc_rd_eabi.lib</file>
         <name>mult32_f5hw.obj</name>
      </input_file>
      <input_file id="fl-c2">
         <path>/opt/ti/ccsv7/tools/compiler/ti-cgt-msp430_17.9.0.STS/lib/</path>
         <kind>archive</kind>
         <file>rts430x_lc_rd_eabi.lib</file>
         <name>mult64_f5hw.obj</name>
      </input_file>
      <input_file id="fl-c3">
         <path>/opt/ti/ccsv7/tools/compiler/ti-cgt-msp430_17.9.0.STS/lib/</path>
         <kind>archive</kind>
         <file>rts430x_lc_rd_eabi.lib</file>
         <name>mult1632_f5hw.obj</name>
      </input_file>
      <input_file id="fl-c4">
         <path>/opt/ti/ccsv7/tools/compiler/ti-cgt-msp430_17.9.0.STS/lib/</path>
         <kind>archive</kind>
         <file>rts430x_lc_rd_eabi.lib</file>
         <name>mult3264_f5hw.obj</name>
      </input_file>
      <input_file id="fl-c5">
         <path>/opt/ti/ccsv7/tools/compiler/ti-cgt-msp430_17.9.0.STS/lib/</path>
         <kind>archive</kind>
         <file>rts430x_lc_rd_eabi.lib</file>
         <name>lsl16.obj</name>
      </input_file>
      <input_file id="fl-c6">
         <path>/opt/ti/ccsv7/tools/compiler/ti-cgt-msp430_17.9.0.STS/lib/</path>
         <kind>archive</kind>
         <file>rts430x_lc_rd_eabi.lib</file>
         <name>lsl32.obj</name>
      </input_file>
      <input_file id="fl-c7">
         <path>/opt/ti/ccsv7/tools/compiler/ti-cgt-msp430_17.9.0.STS/lib/</path>
         <kind>archive</kind>
         <file>rts430x_lc_rd_eabi.lib</file>
         <name>asr16.obj</name>
      </input_file>
      <input_file id="fl-c8">
         <path>/opt/ti/ccsv7/tools/compiler/ti-cgt-msp430_17.9.0.STS/lib/</path>
         <kind>archive</kind>
         <file>rts430x_lc_rd_eabi.lib</file>
         <name>asr32.obj</name>
      </input_file>
      <input_file id="fl-c9">
         <path>/opt/ti/ccsv7/tools/compiler/ti-cgt-msp430_17.9.0.STS/lib/</path>
         <kind>archive</kind>
         <file>rts430x_lc_rd_eabi.lib</file>
         <name>lsr32.obj</name>
      </input_file>
      <input_file id="fl-ca">
         <path>/opt/ti/ccsv7/tools/compiler/ti-cgt-msp430_17.9.0.STS/lib/</path>
         <kind>archive</kind>
         <file>rts430x_lc_rd_eabi.lib</file>
         <name>lsr64.obj</name>
      </input_file>
      <input_file id="fl-cb">
         <path>/opt/ti/ccsv7/tools/compiler/ti-cgt-msp430_17.9.0.STS/lib/</path>
         <kind>archive</kind>
         <file>rts430x_lc_rd_eabi.lib</file>
         <name>fs_add.obj</name>
      </input_file>
      <input_file id="fl-cc">
         <path>/home/dpatoukas/Documents/TUDelft/Thesis/Ink++/InK/Debug/</path>
         <kind>archive</kind>
         <file>InK.lib</file>
         <name>persistentqueue.obj</name>
      </input_file>
      <input_file id="fl-cd">
         <path>/home/dpatoukas/Documents/TUDelft/Thesis/Ink++/InK/Debug/</path>
         <kind>archive</kind>
         <file>InK.lib</file>
         <name>priority.obj</name>
      </input_file>
      <input_file id="fl-ce">
         <path>/home/dpatoukas/Documents/TUDelft/Thesis/Ink++/InK/Debug/</path>
         <kind>archive</kind>
         <file>InK.lib</file>
         <name>thread.obj</name>
      </input_file>
      <input_file id="fl-cf">
         <path>/home/dpatoukas/Documents/TUDelft/Thesis/Ink++/InK/Debug/</path>
         <kind>archive</kind>
         <file>InK.lib</file>
         <name>dma.obj</name>
      </input_file>
      <input_file id="fl-d0">
         <path>/opt/ti/ccsv7/tools/compiler/ti-cgt-msp430_17.9.0.STS/lib/</path>
         <kind>archive</kind>
         <file>rts430x_lc_rd_eabi.lib</file>
         <name>boot.obj</name>
      </input_file>
      <input_file id="fl-d1">
         <path>/opt/ti/ccsv7/ccs_base/msp430/lib/FR59xx/</path>
         <kind>archive</kind>
         <file>MSPMPU_INIT_LIB_CCS_msp430_large_code_restricted_data.lib</file>
         <name>mpu_init.o</name>
      </input_file>
      <input_file id="fl-d2">
         <path>/opt/ti/ccsv7/tools/compiler/ti-cgt-msp430_17.9.0.STS/lib/</path>
         <kind>archive</kind>
         <file>rts430x_lc_rd_eabi.lib</file>
         <name>args_main.obj</name>
      </input_file>
      <input_file id="fl-d3">
         <path>/opt/ti/ccsv7/tools/compiler/ti-cgt-msp430_17.9.0.STS/lib/</path>
         <kind>archive</kind>
         <file>rts430x_lc_rd_eabi.lib</file>
         <name>autoinit.obj</name>
      </input_file>
      <input_file id="fl-d4">
         <path>/home/dpatoukas/Documents/TUDelft/Thesis/Ink++/InK/Debug/</path>
         <kind>archive</kind>
         <file>InK.lib</file>
         <name>persistent_timer.obj</name>
      </input_file>
      <input_file id="fl-d5">
         <path>/opt/ti/ccsv7/tools/compiler/ti-cgt-msp430_17.9.0.STS/lib/</path>
         <kind>archive</kind>
         <file>rts430x_lc_rd_eabi.lib</file>
         <name>startup.obj</name>
      </input_file>
      <input_file id="fl-d6">
         <path>/opt/ti/ccsv7/tools/compiler/ti-cgt-msp430_17.9.0.STS/lib/</path>
         <kind>archive</kind>
         <file>rts430x_lc_rd_eabi.lib</file>
         <name>pre_init.obj</name>
      </input_file>
      <input_file id="fl-d7">
         <path>/opt/ti/ccsv7/tools/compiler/ti-cgt-msp430_17.9.0.STS/lib/</path>
         <kind>archive</kind>
         <file>rts430x_lc_rd_eabi.lib</file>
         <name>cpy_tbl.obj</name>
      </input_file>
      <input_file id="fl-d8">
         <path>/opt/ti/ccsv7/tools/compiler/ti-cgt-msp430_17.9.0.STS/lib/</path>
         <kind>archive</kind>
         <file>rts430x_lc_rd_eabi.lib</file>
         <name>exit.obj</name>
      </input_file>
      <input_file id="fl-d9">
         <path>/opt/ti/ccsv7/tools/compiler/ti-cgt-msp430_17.9.0.STS/lib/</path>
         <kind>archive</kind>
         <file>rts430x_lc_rd_eabi.lib</file>
         <name>exit_gvars.obj</name>
      </input_file>
      <input_file id="fl-da">
         <path>/opt/ti/ccsv7/tools/compiler/ti-cgt-msp430_17.9.0.STS/lib/</path>
         <kind>archive</kind>
         <file>rts430x_lc_rd_eabi.lib</file>
         <name>_lock.obj</name>
      </input_file>
      <input_file id="fl-db">
         <path>/home/dpatoukas/Documents/TUDelft/Thesis/Ink++/InK/Debug/</path>
         <kind>archive</kind>
         <file>InK.lib</file>
         <name>main.obj</name>
      </input_file>
      <input_file id="fl-dc">
         <path>/home/dpatoukas/Documents/TUDelft/Thesis/Ink++/InK/Debug/</path>
         <kind>archive</kind>
         <file>InK.lib</file>
         <name>msp430fr5969.obj</name>
      </input_file>
      <input_file id="fl-dd">
         <path>/opt/ti/ccsv7/tools/compiler/ti-cgt-msp430_17.9.0.STS/lib/</path>
         <kind>archive</kind>
         <file>rts430x_lc_rd_eabi.lib</file>
         <name>memcpy.obj</name>
      </input_file>
      <input_file id="fl-de">
         <path>/opt/ti/ccsv7/tools/compiler/ti-cgt-msp430_17.9.0.STS/lib/</path>
         <kind>archive</kind>
         <file>rts430x_lc_rd_eabi.lib</file>
         <name>printf.obj</name>
      </input_file>
      <input_file id="fl-df">
         <path>/opt/ti/ccsv7/tools/compiler/ti-cgt-msp430_17.9.0.STS/lib/</path>
         <kind>archive</kind>
         <file>rts430x_lc_rd_eabi.lib</file>
         <name>_printfi_min.obj</name>
      </input_file>
      <input_file id="fl-e0">
         <path>/opt/ti/ccsv7/tools/compiler/ti-cgt-msp430_17.9.0.STS/lib/</path>
         <kind>archive</kind>
         <file>rts430x_lc_rd_eabi.lib</file>
         <name>div16u.obj</name>
      </input_file>
      <input_file id="fl-e1">
         <path>/opt/ti/ccsv7/tools/compiler/ti-cgt-msp430_17.9.0.STS/lib/</path>
         <kind>archive</kind>
         <file>rts430x_lc_rd_eabi.lib</file>
         <name>defs.obj</name>
      </input_file>
      <input_file id="fl-e2">
         <path>/opt/ti/ccsv7/tools/compiler/ti-cgt-msp430_17.9.0.STS/lib/</path>
         <kind>archive</kind>
         <file>rts430x_lc_rd_eabi.lib</file>
         <name>fputc.obj</name>
      </input_file>
      <input_file id="fl-e3">
         <path>/opt/ti/ccsv7/tools/compiler/ti-cgt-msp430_17.9.0.STS/lib/</path>
         <kind>archive</kind>
         <file>rts430x_lc_rd_eabi.lib</file>
         <name>fflush.obj</name>
      </input_file>
      <input_file id="fl-e4">
         <path>/opt/ti/ccsv7/tools/compiler/ti-cgt-msp430_17.9.0.STS/lib/</path>
         <kind>archive</kind>
         <file>rts430x_lc_rd_eabi.lib</file>
         <name>_io_perm.obj</name>
      </input_file>
      <input_file id="fl-e5">
         <path>/opt/ti/ccsv7/tools/compiler/ti-cgt-msp430_17.9.0.STS/lib/</path>
         <kind>archive</kind>
         <file>rts430x_lc_rd_eabi.lib</file>
         <name>fputs.obj</name>
      </input_file>
      <input_file id="fl-e6">
         <path>/opt/ti/ccsv7/tools/compiler/ti-cgt-msp430_17.9.0.STS/lib/</path>
         <kind>archive</kind>
         <file>rts430x_lc_rd_eabi.lib</file>
         <name>fseek.obj</name>
      </input_file>
      <input_file id="fl-e7">
         <path>/opt/ti/ccsv7/tools/compiler/ti-cgt-msp430_17.9.0.STS/lib/</path>
         <kind>archive</kind>
         <file>rts430x_lc_rd_eabi.lib</file>
         <name>lseek.obj</name>
      </input_file>
      <input_file id="fl-e8">
         <path>/opt/ti/ccsv7/tools/compiler/ti-cgt-msp430_17.9.0.STS/lib/</path>
         <kind>archive</kind>
         <file>rts430x_lc_rd_eabi.lib</file>
         <name>write.obj</name>
      </input_file>
      <input_file id="fl-e9">
         <path>/opt/ti/ccsv7/tools/compiler/ti-cgt-msp430_17.9.0.STS/lib/</path>
         <kind>archive</kind>
         <file>rts430x_lc_rd_eabi.lib</file>
         <name>hostclose.obj</name>
      </input_file>
      <input_file id="fl-ea">
         <path>/opt/ti/ccsv7/tools/compiler/ti-cgt-msp430_17.9.0.STS/lib/</path>
         <kind>archive</kind>
         <file>rts430x_lc_rd_eabi.lib</file>
         <name>hostlseek.obj</name>
      </input_file>
      <input_file id="fl-eb">
         <path>/opt/ti/ccsv7/tools/compiler/ti-cgt-msp430_17.9.0.STS/lib/</path>
         <kind>archive</kind>
         <file>rts430x_lc_rd_eabi.lib</file>
         <name>hostopen.obj</name>
      </input_file>
      <input_file id="fl-ec">
         <path>/opt/ti/ccsv7/tools/compiler/ti-cgt-msp430_17.9.0.STS/lib/</path>
         <kind>archive</kind>
         <file>rts430x_lc_rd_eabi.lib</file>
         <name>hostread.obj</name>
      </input_file>
      <input_file id="fl-ed">
         <path>/opt/ti/ccsv7/tools/compiler/ti-cgt-msp430_17.9.0.STS/lib/</path>
         <kind>archive</kind>
         <file>rts430x_lc_rd_eabi.lib</file>
         <name>hostrename.obj</name>
      </input_file>
      <input_file id="fl-ee">
         <path>/opt/ti/ccsv7/tools/compiler/ti-cgt-msp430_17.9.0.STS/lib/</path>
         <kind>archive</kind>
         <file>rts430x_lc_rd_eabi.lib</file>
         <name>hostunlink.obj</name>
      </input_file>
      <input_file id="fl-ef">
         <path>/opt/ti/ccsv7/tools/compiler/ti-cgt-msp430_17.9.0.STS/lib/</path>
         <kind>archive</kind>
         <file>rts430x_lc_rd_eabi.lib</file>
         <name>hostwrite.obj</name>
      </input_file>
      <input_file id="fl-f0">
         <path>/opt/ti/ccsv7/tools/compiler/ti-cgt-msp430_17.9.0.STS/lib/</path>
         <kind>archive</kind>
         <file>rts430x_lc_rd_eabi.lib</file>
         <name>trgmsg.obj</name>
      </input_file>
      <input_file id="fl-f1">
         <path>/opt/ti/ccsv7/tools/compiler/ti-cgt-msp430_17.9.0.STS/lib/</path>
         <kind>archive</kind>
         <file>rts430x_lc_rd_eabi.lib</file>
         <name>memccpy.obj</name>
      </input_file>
      <input_file id="fl-f2">
         <path>/opt/ti/ccsv7/tools/compiler/ti-cgt-msp430_17.9.0.STS/lib/</path>
         <kind>archive</kind>
         <file>rts430x_lc_rd_eabi.lib</file>
         <name>memchr.obj</name>
      </input_file>
      <input_file id="fl-f3">
         <path>/opt/ti/ccsv7/tools/compiler/ti-cgt-msp430_17.9.0.STS/lib/</path>
         <kind>archive</kind>
         <file>rts430x_lc_rd_eabi.lib</file>
         <name>memset.obj</name>
      </input_file>
      <input_file id="fl-f4">
         <path>/opt/ti/ccsv7/tools/compiler/ti-cgt-msp430_17.9.0.STS/lib/</path>
         <kind>archive</kind>
         <file>rts430x_lc_rd_eabi.lib</file>
         <name>rand.obj</name>
      </input_file>
      <input_file id="fl-f5">
         <path>/opt/ti/ccsv7/tools/compiler/ti-cgt-msp430_17.9.0.STS/lib/</path>
         <kind>archive</kind>
         <file>rts430x_lc_rd_eabi.lib</file>
         <name>mult32.obj</name>
      </input_file>
      <input_file id="fl-f6">
         <path>/opt/ti/ccsv7/tools/compiler/ti-cgt-msp430_17.9.0.STS/lib/</path>
         <kind>archive</kind>
         <file>rts430x_lc_rd_eabi.lib</file>
         <name>setvbuf.obj</name>
      </input_file>
      <input_file id="fl-f7">
         <path>/opt/ti/ccsv7/tools/compiler/ti-cgt-msp430_17.9.0.STS/lib/</path>
         <kind>archive</kind>
         <file>rts430x_lc_rd_eabi.lib</file>
         <name>fopen.obj</name>
      </input_file>
      <input_file id="fl-f8">
         <path>/opt/ti/ccsv7/tools/compiler/ti-cgt-msp430_17.9.0.STS/lib/</path>
         <kind>archive</kind>
         <file>rts430x_lc_rd_eabi.lib</file>
         <name>fclose.obj</name>
      </input_file>
      <input_file id="fl-f9">
         <path>/opt/ti/ccsv7/tools/compiler/ti-cgt-msp430_17.9.0.STS/lib/</path>
         <kind>archive</kind>
         <file>rts430x_lc_rd_eabi.lib</file>
         <name>close.obj</name>
      </input_file>
      <input_file id="fl-fa">
         <path>/opt/ti/ccsv7/tools/compiler/ti-cgt-msp430_17.9.0.STS/lib/</path>
         <kind>archive</kind>
         <file>rts430x_lc_rd_eabi.lib</file>
         <name>memory.obj</name>
      </input_file>
      <input_file id="fl-fb">
         <path>/opt/ti/ccsv7/tools/compiler/ti-cgt-msp430_17.9.0.STS/lib/</path>
         <kind>archive</kind>
         <file>rts430x_lc_rd_eabi.lib</file>
         <name>open.obj</name>
      </input_file>
      <input_file id="fl-fc">
         <path>/opt/ti/ccsv7/tools/compiler/ti-cgt-msp430_17.9.0.STS/lib/</path>
         <kind>archive</kind>
         <file>rts430x_lc_rd_eabi.lib</file>
         <name>div16s.obj</name>
      </input_file>
      <input_file id="fl-fd">
         <path>/opt/ti/ccsv7/tools/compiler/ti-cgt-msp430_17.9.0.STS/lib/</path>
         <kind>archive</kind>
         <file>rts430x_lc_rd_eabi.lib</file>
         <name>getdevice.obj</name>
      </input_file>
      <input_file id="fl-fe">
         <path>/opt/ti/ccsv7/tools/compiler/ti-cgt-msp430_17.9.0.STS/lib/</path>
         <kind>archive</kind>
         <file>rts430x_lc_rd_eabi.lib</file>
         <name>remove.obj</name>
      </input_file>
      <input_file id="fl-ff">
         <path>/opt/ti/ccsv7/tools/compiler/ti-cgt-msp430_17.9.0.STS/lib/</path>
         <kind>archive</kind>
         <file>rts430x_lc_rd_eabi.lib</file>
         <name>e_sqrt.obj</name>
      </input_file>
      <input_file id="fl-100">
         <path>/opt/ti/ccsv7/tools/compiler/ti-cgt-msp430_17.9.0.STS/lib/</path>
         <kind>archive</kind>
         <file>rts430x_lc_rd_eabi.lib</file>
         <name>addd.obj</name>
      </input_file>
      <input_file id="fl-101">
         <path>/opt/ti/ccsv7/tools/compiler/ti-cgt-msp430_17.9.0.STS/lib/</path>
         <kind>archive</kind>
         <file>rts430x_lc_rd_eabi.lib</file>
         <name>frcaddd.obj</name>
      </input_file>
      <input_file id="fl-102">
         <path>/opt/ti/ccsv7/tools/compiler/ti-cgt-msp430_17.9.0.STS/lib/</path>
         <kind>archive</kind>
         <file>rts430x_lc_rd_eabi.lib</file>
         <name>renormd.obj</name>
      </input_file>
      <input_file id="fl-103">
         <path>/opt/ti/ccsv7/tools/compiler/ti-cgt-msp430_17.9.0.STS/lib/</path>
         <kind>archive</kind>
         <file>rts430x_lc_rd_eabi.lib</file>
         <name>mpyd.obj</name>
      </input_file>
      <input_file id="fl-104">
         <path>/opt/ti/ccsv7/tools/compiler/ti-cgt-msp430_17.9.0.STS/lib/</path>
         <kind>archive</kind>
         <file>rts430x_lc_rd_eabi.lib</file>
         <name>frcmpyd.obj</name>
      </input_file>
      <input_file id="fl-105">
         <path>/opt/ti/ccsv7/tools/compiler/ti-cgt-msp430_17.9.0.STS/lib/</path>
         <kind>archive</kind>
         <file>rts430x_lc_rd_eabi.lib</file>
         <name>errno.obj</name>
      </input_file>
      <input_file id="fl-106">
         <path>/opt/ti/ccsv7/tools/compiler/ti-cgt-msp430_17.9.0.STS/lib/</path>
         <kind>archive</kind>
         <file>rts430x_lc_rd_eabi.lib</file>
         <name>strchr.obj</name>
      </input_file>
      <input_file id="fl-107">
         <path>/opt/ti/ccsv7/tools/compiler/ti-cgt-msp430_17.9.0.STS/lib/</path>
         <kind>archive</kind>
         <file>rts430x_lc_rd_eabi.lib</file>
         <name>strcmp.obj</name>
      </input_file>
      <input_file id="fl-108">
         <path>/opt/ti/ccsv7/tools/compiler/ti-cgt-msp430_17.9.0.STS/lib/</path>
         <kind>archive</kind>
         <file>rts430x_lc_rd_eabi.lib</file>
         <name>strcpy.obj</name>
      </input_file>
      <input_file id="fl-109">
         <path>/opt/ti/ccsv7/tools/compiler/ti-cgt-msp430_17.9.0.STS/lib/</path>
         <kind>archive</kind>
         <file>rts430x_lc_rd_eabi.lib</file>
         <name>strlen.obj</name>
      </input_file>
      <input_file id="fl-10a">
         <path>/opt/ti/ccsv7/tools/compiler/ti-cgt-msp430_17.9.0.STS/lib/</path>
         <kind>archive</kind>
         <file>rts430x_lc_rd_eabi.lib</file>
         <name>strncpy.obj</name>
      </input_file>
      <input_file id="fl-10b">
         <path>/opt/ti/ccsv7/tools/compiler/ti-cgt-msp430_17.9.0.STS/lib/</path>
         <kind>archive</kind>
         <file>rts430x_lc_rd_eabi.lib</file>
         <name>unlink.obj</name>
      </input_file>
   </input_file_list>
   <object_component_list>
      <object_component id="oc-546">
         <name>.TI.persistent:uninit</name>
         <load_address>0x4400</load_address>
         <run_address>0x4400</run_address>
         <size>0xa10</size>
         <input_file_ref idref="fl-b6"/>
      </object_component>
      <object_component id="oc-509">
         <name>.TI.persistent:uninit</name>
         <load_address>0x4e10</load_address>
         <run_address>0x4e10</run_address>
         <size>0x809</size>
         <input_file_ref idref="fl-b5"/>
      </object_component>
      <object_component id="oc-5b5">
         <name>.TI.persistent</name>
         <load_address>0x5619</load_address>
         <run_address>0x5619</run_address>
         <size>0x1</size>
         <input_file_ref idref="fl-db"/>
      </object_component>
      <object_component id="oc-6f5">
         <name>.TI.persistent</name>
         <load_address>0x561a</load_address>
         <run_address>0x561a</run_address>
         <size>0x35c</size>
         <input_file_ref idref="fl-7"/>
      </object_component>
      <object_component id="oc-6ff">
         <name>.TI.persistent</name>
         <load_address>0x5976</load_address>
         <run_address>0x5976</run_address>
         <size>0x200</size>
         <input_file_ref idref="fl-8"/>
      </object_component>
      <object_component id="oc-500">
         <name>.TI.persistent:uninit</name>
         <load_address>0x5b76</load_address>
         <run_address>0x5b76</run_address>
         <size>0xc8</size>
         <input_file_ref idref="fl-d4"/>
      </object_component>
      <object_component id="oc-53b">
         <name>.TI.persistent:init</name>
         <load_address>0x5c3e</load_address>
         <run_address>0x5c3e</run_address>
         <size>0x6</size>
         <input_file_ref idref="fl-d4"/>
      </object_component>
      <object_component id="oc-663">
         <name>.TI.persistent:init</name>
         <load_address>0x5c44</load_address>
         <run_address>0x5c44</run_address>
         <size>0x5</size>
         <input_file_ref idref="fl-b5"/>
      </object_component>
      <object_component id="oc-709">
         <name>.TI.persistent:init</name>
         <load_address>0x5c49</load_address>
         <run_address>0x5c49</run_address>
         <size>0x1</size>
         <input_file_ref idref="fl-b6"/>
      </object_component>
      <object_component id="oc-45b">
         <name>.TI.persistent</name>
         <load_address>0x5c4a</load_address>
         <run_address>0x5c4a</run_address>
         <size>0x4</size>
         <input_file_ref idref="fl-a1"/>
      </object_component>
      <object_component id="oc-6e5">
         <name>.TI.persistent</name>
         <load_address>0x5c4e</load_address>
         <run_address>0x5c4e</run_address>
         <size>0x4</size>
         <input_file_ref idref="fl-6"/>
      </object_component>
      <object_component id="oc-3c7">
         <name>.sysmem</name>
         <load_address>0x5c54</load_address>
         <run_address>0x5c54</run_address>
         <size>0x6</size>
         <input_file_ref idref="fl-fa"/>
      </object_component>
      <object_component id="oc-985">
         <name>.sysmem</name>
         <load_address>0x5c54</load_address>
         <run_address>0x5c54</run_address>
         <size>0x0</size>
      </object_component>
      <object_component id="oc-983">
         <name>.cinit..data.load</name>
         <load_address>0x6488</load_address>
         <run_address>0x6488</run_address>
         <size>0x15</size>
      </object_component>
      <object_component id="oc-980">
         <name>__TI_handler_table</name>
         <load_address>0x649e</load_address>
         <run_address>0x649e</run_address>
         <size>0xc</size>
      </object_component>
      <object_component id="oc-982">
         <name>.cinit..bss.load</name>
         <load_address>0x64aa</load_address>
         <run_address>0x64aa</run_address>
         <size>0x6</size>
      </object_component>
      <object_component id="oc-981">
         <name>__TI_cinit_table</name>
         <load_address>0x64b0</load_address>
         <run_address>0x64b0</run_address>
         <size>0x10</size>
      </object_component>
      <object_component id="oc-911">
         <name>.binit</name>
         <load_address>0x4400</load_address>
         <run_address>0x4400</run_address>
         <size>0x0</size>
      </object_component>
      <object_component id="oc-7c6">
         <name>.const:msp_cmplx_twiddle_table_128_q15</name>
         <load_address>0x617c</load_address>
         <run_address>0x617c</run_address>
         <size>0x104</size>
         <input_file_ref idref="fl-39"/>
      </object_component>
      <object_component id="oc-793">
         <name>.const:.string:UnmapTbl</name>
         <load_address>0x6280</load_address>
         <run_address>0x6280</run_address>
         <size>0x100</size>
         <input_file_ref idref="fl-cd"/>
      </object_component>
      <object_component id="oc-840">
         <name>.const:.string:msp_cmplx_bitrev_table_ui8</name>
         <load_address>0x6380</load_address>
         <run_address>0x6380</run_address>
         <size>0x100</size>
         <input_file_ref idref="fl-39"/>
      </object_component>
      <object_component id="oc-62f">
         <name>.const:.string:PriorityTbl</name>
         <load_address>0x6480</load_address>
         <run_address>0x6480</run_address>
         <size>0x8</size>
         <input_file_ref idref="fl-cd"/>
      </object_component>
      <object_component id="oc-3f3">
         <name>.text:_isr:isr_PORT1_VECTOR</name>
         <load_address>0x6000</load_address>
         <run_address>0x6000</run_address>
         <size>0xae</size>
         <input_file_ref idref="fl-6"/>
      </object_component>
      <object_component id="oc-3ed">
         <name>.text:_isr:isr_TIMER2_A0_VECTOR</name>
         <load_address>0x60ae</load_address>
         <run_address>0x60ae</run_address>
         <size>0x48</size>
         <input_file_ref idref="fl-a5"/>
      </object_component>
      <object_component id="oc-3ff">
         <name>.text:_isr:isr_ADC12_VECTOR</name>
         <load_address>0x60f6</load_address>
         <run_address>0x60f6</run_address>
         <size>0x34</size>
         <input_file_ref idref="fl-8"/>
      </object_component>
      <object_component id="oc-42f">
         <name>.text:_isr:_c_int00_noargs_mpu</name>
         <load_address>0x612a</load_address>
         <run_address>0x612a</run_address>
         <size>0x20</size>
         <input_file_ref idref="fl-d0"/>
      </object_component>
      <object_component id="oc-3f9">
         <name>.text:_isr:Timer0_A0_ISR</name>
         <load_address>0x614a</load_address>
         <run_address>0x614a</run_address>
         <size>0x1c</size>
         <input_file_ref idref="fl-ab"/>
      </object_component>
      <object_component id="oc-3e7">
         <name>.text:_isr:isr_TIMER3_A1_VECTOR</name>
         <load_address>0x6166</load_address>
         <run_address>0x6166</run_address>
         <size>0xe</size>
         <input_file_ref idref="fl-a1"/>
      </object_component>
      <object_component id="oc-3e2">
         <name>.text:_isr:__TI_ISR_TRAP</name>
         <load_address>0x6174</load_address>
         <run_address>0x6174</run_address>
         <size>0x8</size>
         <input_file_ref idref="fl-9d"/>
      </object_component>
      <object_component id="oc-80f">
         <name>.text:msp_cmplx_fft_auto_q15</name>
         <load_address>0x10000</load_address>
         <run_address>0x10000</run_address>
         <size>0x49c</size>
         <input_file_ref idref="fl-2b"/>
      </object_component>
      <object_component id="oc-866">
         <name>.text:task_featurize</name>
         <load_address>0x1049c</load_address>
         <run_address>0x1049c</run_address>
         <size>0x314</size>
         <input_file_ref idref="fl-7"/>
      </object_component>
      <object_component id="oc-87f">
         <name>.text:task_classify</name>
         <load_address>0x107b0</load_address>
         <run_address>0x107b0</run_address>
         <size>0x2f6</size>
         <input_file_ref idref="fl-7"/>
      </object_component>
      <object_component id="oc-899">
         <name>.text:__mspabi_addd</name>
         <load_address>0x10aa6</load_address>
         <run_address>0x10aa6</run_address>
         <size>0x2e0</size>
         <input_file_ref idref="fl-100"/>
      </object_component>
      <object_component id="oc-873">
         <name>.text:sqrt</name>
         <load_address>0x10d86</load_address>
         <run_address>0x10d86</run_address>
         <size>0x2de</size>
         <input_file_ref idref="fl-ff"/>
      </object_component>
      <object_component id="oc-8ce">
         <name>.text:__TI_frcmpyd</name>
         <load_address>0x11064</load_address>
         <run_address>0x11064</run_address>
         <size>0x280</size>
         <input_file_ref idref="fl-104"/>
      </object_component>
      <object_component id="oc-893">
         <name>.text:__mspabi_mpyd</name>
         <load_address>0x112e4</load_address>
         <run_address>0x112e4</run_address>
         <size>0x266</size>
         <input_file_ref idref="fl-103"/>
      </object_component>
      <object_component id="oc-8db">
         <name>.text:__TI_frcaddd</name>
         <load_address>0x1154a</load_address>
         <run_address>0x1154a</run_address>
         <size>0x248</size>
         <input_file_ref idref="fl-101"/>
      </object_component>
      <object_component id="oc-85e">
         <name>.text:task_transform</name>
         <load_address>0x11792</load_address>
         <run_address>0x11792</run_address>
         <size>0x22a</size>
         <input_file_ref idref="fl-7"/>
      </object_component>
      <object_component id="oc-7f6">
         <name>.text:msp_cmplx_fft_fixed_q15</name>
         <load_address>0x119bc</load_address>
         <run_address>0x119bc</run_address>
         <size>0x1fa</size>
         <input_file_ref idref="fl-2c"/>
      </object_component>
      <object_component id="oc-53f">
         <name>.text:_commit_timer_buffers</name>
         <load_address>0x11bb6</load_address>
         <run_address>0x11bb6</run_address>
         <size>0x192</size>
         <input_file_ref idref="fl-d4"/>
      </object_component>
      <object_component id="oc-885">
         <name>.text:task_train</name>
         <load_address>0x11d48</load_address>
         <run_address>0x11d48</run_address>
         <size>0x186</size>
         <input_file_ref idref="fl-7"/>
      </object_component>
      <object_component id="oc-808">
         <name>.text:task_selectMode</name>
         <load_address>0x11ece</load_address>
         <run_address>0x11ece</run_address>
         <size>0x176</size>
         <input_file_ref idref="fl-7"/>
      </object_component>
      <object_component id="oc-47d">
         <name>.text:refresh_xpr_timers</name>
         <load_address>0x12044</load_address>
         <run_address>0x12044</run_address>
         <size>0x16e</size>
         <input_file_ref idref="fl-a5"/>
      </object_component>
      <object_component id="oc-7fc">
         <name>.text:msp_split_q15</name>
         <load_address>0x121b2</load_address>
         <run_address>0x121b2</run_address>
         <size>0x13c</size>
         <input_file_ref idref="fl-38"/>
      </object_component>
      <object_component id="oc-849">
         <name>.text:task_sample</name>
         <load_address>0x122ee</load_address>
         <run_address>0x122ee</run_address>
         <size>0xda</size>
         <input_file_ref idref="fl-7"/>
      </object_component>
      <object_component id="oc-69b">
         <name>.text:__tick</name>
         <load_address>0x123c8</load_address>
         <run_address>0x123c8</run_address>
         <size>0xd2</size>
         <input_file_ref idref="fl-ce"/>
      </object_component>
      <object_component id="oc-788">
         <name>.text:task2</name>
         <load_address>0x1249a</load_address>
         <run_address>0x1249a</run_address>
         <size>0xd2</size>
         <input_file_ref idref="fl-8"/>
      </object_component>
      <object_component id="oc-57d">
         <name>.text:medfilter</name>
         <load_address>0x1256c</load_address>
         <run_address>0x1256c</run_address>
         <size>0xc6</size>
         <input_file_ref idref="fl-5"/>
      </object_component>
      <object_component id="oc-8bf">
         <name>.text:task_stats</name>
         <load_address>0x12632</load_address>
         <run_address>0x12632</run_address>
         <size>0xbe</size>
         <input_file_ref idref="fl-7"/>
      </object_component>
      <object_component id="oc-5af">
         <name>.text:__mcu_init</name>
         <load_address>0x126f0</load_address>
         <run_address>0x126f0</run_address>
         <size>0xbc</size>
         <input_file_ref idref="fl-dc"/>
      </object_component>
      <object_component id="oc-8fd">
         <name>.text:__TI_renormd</name>
         <load_address>0x127ac</load_address>
         <run_address>0x127ac</run_address>
         <size>0xb2</size>
         <input_file_ref idref="fl-102"/>
      </object_component>
      <object_component id="oc-778">
         <name>.text:task2</name>
         <load_address>0x1285e</load_address>
         <run_address>0x1285e</run_address>
         <size>0xa0</size>
         <input_file_ref idref="fl-7"/>
      </object_component>
      <object_component id="oc-6f8">
         <name>.text:task1</name>
         <load_address>0x128fe</load_address>
         <run_address>0x128fe</run_address>
         <size>0x98</size>
         <input_file_ref idref="fl-7"/>
      </object_component>
      <object_component id="oc-51c">
         <name>.text:_pers_timer_update_data</name>
         <load_address>0x12996</load_address>
         <run_address>0x12996</run_address>
         <size>0x92</size>
         <input_file_ref idref="fl-d4"/>
      </object_component>
      <object_component id="oc-819">
         <name>.text:msp_cmplx_bitrev_q15</name>
         <load_address>0x12a28</load_address>
         <run_address>0x12a28</run_address>
         <size>0x8e</size>
         <input_file_ref idref="fl-2a"/>
      </object_component>
      <object_component id="oc-4a1">
         <name>.text:valid_signal</name>
         <load_address>0x12ab6</load_address>
         <run_address>0x12ab6</run_address>
         <size>0x88</size>
         <input_file_ref idref="fl-3"/>
      </object_component>
      <object_component id="oc-577">
         <name>.text:i2c_read_multi</name>
         <load_address>0x12b3e</load_address>
         <run_address>0x12b3e</run_address>
         <size>0x86</size>
         <input_file_ref idref="fl-2"/>
      </object_component>
      <object_component id="oc-702">
         <name>.text:task1</name>
         <load_address>0x12bc4</load_address>
         <run_address>0x12bc4</run_address>
         <size>0x84</size>
         <input_file_ref idref="fl-8"/>
      </object_component>
      <object_component id="oc-850">
         <name>.text:ACCEL_singleSample_</name>
         <load_address>0x12c48</load_address>
         <run_address>0x12c48</run_address>
         <size>0x82</size>
         <input_file_ref idref="fl-7"/>
      </object_component>
      <object_component id="oc-515">
         <name>.text:_pers_timer_update_status</name>
         <load_address>0x12cca</load_address>
         <run_address>0x12cca</run_address>
         <size>0x82</size>
         <input_file_ref idref="fl-d4"/>
      </object_component>
      <object_component id="oc-88c">
         <name>.text:__mspabi_fltuld</name>
         <load_address>0x12d4c</load_address>
         <run_address>0x12d4c</run_address>
         <size>0x80</size>
         <input_file_ref idref="fl-bd"/>
      </object_component>
      <object_component id="oc-4f9">
         <name>.text:_pers_timer_get</name>
         <load_address>0x12dcc</load_address>
         <run_address>0x12dcc</run_address>
         <size>0x78</size>
         <input_file_ref idref="fl-d4"/>
      </object_component>
      <object_component id="oc-76">
         <name>.text:decompress:lzss:__TI_decompress_lzss</name>
         <load_address>0x12e44</load_address>
         <run_address>0x12e44</run_address>
         <size>0x76</size>
         <input_file_ref idref="fl-9a"/>
      </object_component>
      <object_component id="oc-7db">
         <name>.text:task_init</name>
         <load_address>0x12eba</load_address>
         <run_address>0x12eba</run_address>
         <size>0x76</size>
         <input_file_ref idref="fl-7"/>
      </object_component>
      <object_component id="oc-82f">
         <name>.text:task_warmup</name>
         <load_address>0x12f30</load_address>
         <run_address>0x12f30</run_address>
         <size>0x74</size>
         <input_file_ref idref="fl-7"/>
      </object_component>
      <object_component id="oc-5d6">
         <name>.text:__scheduler_run</name>
         <load_address>0x12fa4</load_address>
         <run_address>0x12fa4</run_address>
         <size>0x6e</size>
         <input_file_ref idref="fl-b5"/>
      </object_component>
      <object_component id="oc-835">
         <name>.text:task_idle</name>
         <load_address>0x13012</load_address>
         <run_address>0x13012</run_address>
         <size>0x6c</size>
         <input_file_ref idref="fl-7"/>
      </object_component>
      <object_component id="oc-683">
         <name>.text:__events_commit</name>
         <load_address>0x1307e</load_address>
         <run_address>0x1307e</run_address>
         <size>0x6a</size>
         <input_file_ref idref="fl-b6"/>
      </object_component>
      <object_component id="oc-8b8">
         <name>.text:__mspabi_fixdul</name>
         <load_address>0x130e8</load_address>
         <run_address>0x130e8</run_address>
         <size>0x68</size>
         <input_file_ref idref="fl-b9"/>
      </object_component>
      <object_component id="oc-6ee">
         <name>.text:__create_thread</name>
         <load_address>0x13150</load_address>
         <run_address>0x13150</run_address>
         <size>0x64</size>
         <input_file_ref idref="fl-b5"/>
      </object_component>
      <object_component id="oc-829">
         <name>.text:task_resetStats</name>
         <load_address>0x131b4</load_address>
         <run_address>0x131b4</run_address>
         <size>0x5e</size>
         <input_file_ref idref="fl-7"/>
      </object_component>
      <object_component id="oc-571">
         <name>.text:i2c_write</name>
         <load_address>0x13212</load_address>
         <run_address>0x13212</run_address>
         <size>0x5c</size>
         <input_file_ref idref="fl-2"/>
      </object_component>
      <object_component id="oc-601">
         <name>.text:__TI_auto_init_nobinit_nopinit_hold_wdt:__TI_auto_init_nobinit_nopinit_hold_wdt</name>
         <load_address>0x1326e</load_address>
         <run_address>0x1326e</run_address>
         <size>0x54</size>
         <input_file_ref idref="fl-d3"/>
      </object_component>
      <object_component id="oc-7e4">
         <name>.text:msp_fft_auto_q15</name>
         <load_address>0x132c2</load_address>
         <run_address>0x132c2</run_address>
         <size>0x4a</size>
         <input_file_ref idref="fl-31"/>
      </object_component>
      <object_component id="oc-7c9">
         <name>.text:msp_fft_fixed_q15</name>
         <load_address>0x1330c</load_address>
         <run_address>0x1330c</run_address>
         <size>0x4a</size>
         <input_file_ref idref="fl-32"/>
      </object_component>
      <object_component id="oc-782">
         <name>.text:ADC_config</name>
         <load_address>0x13356</load_address>
         <run_address>0x13356</run_address>
         <size>0x44</size>
         <input_file_ref idref="fl-3"/>
      </object_component>
      <object_component id="oc-767">
         <name>.text:rand</name>
         <load_address>0x1339a</load_address>
         <run_address>0x1339a</run_address>
         <size>0x40</size>
         <input_file_ref idref="fl-f4"/>
      </object_component>
      <object_component id="oc-670">
         <name>.text:thread1_init</name>
         <load_address>0x133da</load_address>
         <run_address>0x133da</run_address>
         <size>0x40</size>
         <input_file_ref idref="fl-6"/>
      </object_component>
      <object_component id="oc-489">
         <name>.text:_pers_timer_commit</name>
         <load_address>0x1341a</load_address>
         <run_address>0x1341a</run_address>
         <size>0x3e</size>
         <input_file_ref idref="fl-d4"/>
      </object_component>
      <object_component id="oc-477">
         <name>.text:clear_xpr_status</name>
         <load_address>0x13458</load_address>
         <run_address>0x13458</run_address>
         <size>0x3e</size>
         <input_file_ref idref="fl-a5"/>
      </object_component>
      <object_component id="oc-8ef">
         <name>.text:l_asr_const</name>
         <load_address>0x13496</load_address>
         <run_address>0x13496</run_address>
         <size>0x3e</size>
         <input_file_ref idref="fl-c8"/>
      </object_component>
      <object_component id="oc-8c7">
         <name>.text:l_lsl_const</name>
         <load_address>0x134d4</load_address>
         <run_address>0x134d4</run_address>
         <size>0x3e</size>
         <input_file_ref idref="fl-c6"/>
      </object_component>
      <object_component id="oc-8a2">
         <name>.text:l_lsr_const</name>
         <load_address>0x13512</load_address>
         <run_address>0x13512</run_address>
         <size>0x3e</size>
         <input_file_ref idref="fl-c9"/>
      </object_component>
      <object_component id="oc-5ca">
         <name>.text:_pers_timer_init</name>
         <load_address>0x13550</load_address>
         <run_address>0x13550</run_address>
         <size>0x3c</size>
         <input_file_ref idref="fl-d4"/>
      </object_component>
      <object_component id="oc-7d5">
         <name>.text:msp_max_q15</name>
         <load_address>0x1358c</load_address>
         <run_address>0x1358c</run_address>
         <size>0x3a</size>
         <input_file_ref idref="fl-60"/>
      </object_component>
      <object_component id="oc-6e8">
         <name>.text:task1</name>
         <load_address>0x135c6</load_address>
         <run_address>0x135c6</run_address>
         <size>0x36</size>
         <input_file_ref idref="fl-6"/>
      </object_component>
      <object_component id="oc-728">
         <name>.text:__lock_event</name>
         <load_address>0x135fc</load_address>
         <run_address>0x135fc</run_address>
         <size>0x34</size>
         <input_file_ref idref="fl-b6"/>
      </object_component>
      <object_component id="oc-70c">
         <name>.text:__perqueue_push</name>
         <load_address>0x13630</load_address>
         <run_address>0x13630</run_address>
         <size>0x34</size>
         <input_file_ref idref="fl-cc"/>
      </object_component>
      <object_component id="oc-5be">
         <name>.text:__events_boot_init</name>
         <load_address>0x13664</load_address>
         <run_address>0x13664</run_address>
         <size>0x32</size>
         <input_file_ref idref="fl-b6"/>
      </object_component>
      <object_component id="oc-50e">
         <name>.text:__priority_remove</name>
         <load_address>0x13696</load_address>
         <run_address>0x13696</run_address>
         <size>0x32</size>
         <input_file_ref idref="fl-cd"/>
      </object_component>
      <object_component id="oc-7cf">
         <name>.text:msp_abs_q15</name>
         <load_address>0x136c8</load_address>
         <run_address>0x136c8</run_address>
         <size>0x32</size>
         <input_file_ref idref="fl-4a"/>
      </object_component>
      <object_component id="oc-798">
         <name>.text:__perqueue_pop</name>
         <load_address>0x136fa</load_address>
         <run_address>0x136fa</run_address>
         <size>0x30</size>
         <input_file_ref idref="fl-cc"/>
      </object_component>
      <object_component id="oc-4c5">
         <name>.text:main</name>
         <load_address>0x1372a</load_address>
         <run_address>0x1372a</run_address>
         <size>0x30</size>
         <input_file_ref idref="fl-db"/>
      </object_component>
      <object_component id="oc-45f">
         <name>.text:unpack_xpr_to_local</name>
         <load_address>0x1375a</load_address>
         <run_address>0x1375a</run_address>
         <size>0x30</size>
         <input_file_ref idref="fl-a5"/>
      </object_component>
      <object_component id="oc-4d7">
         <name>.text:__mpu_init</name>
         <load_address>0x1378a</load_address>
         <run_address>0x1378a</run_address>
         <size>0x2c</size>
         <input_file_ref idref="fl-d1"/>
      </object_component>
      <object_component id="oc-722">
         <name>.text:__dma_word_copy</name>
         <load_address>0x137b6</load_address>
         <run_address>0x137b6</run_address>
         <size>0x2a</size>
         <input_file_ref idref="fl-cf"/>
      </object_component>
      <object_component id="oc-72e">
         <name>.text:__release_event</name>
         <load_address>0x137e0</load_address>
         <run_address>0x137e0</run_address>
         <size>0x2a</size>
         <input_file_ref idref="fl-b6"/>
      </object_component>
      <object_component id="oc-564">
         <name>.text:__priority_insert</name>
         <load_address>0x1380a</load_address>
         <run_address>0x1380a</run_address>
         <size>0x28</size>
         <input_file_ref idref="fl-cd"/>
      </object_component>
      <object_component id="oc-734">
         <name>.text:__has_events</name>
         <load_address>0x13832</load_address>
         <run_address>0x13832</run_address>
         <size>0x26</size>
         <input_file_ref idref="fl-b6"/>
      </object_component>
      <object_component id="oc-549">
         <name>.text:__perqueue_is_full</name>
         <load_address>0x13858</load_address>
         <run_address>0x13858</run_address>
         <size>0x24</size>
         <input_file_ref idref="fl-cc"/>
      </object_component>
      <object_component id="oc-5b8">
         <name>.text:__scheduler_boot_init</name>
         <load_address>0x1387c</load_address>
         <run_address>0x1387c</run_address>
         <size>0x24</size>
         <input_file_ref idref="fl-b5"/>
      </object_component>
      <object_component id="oc-405">
         <name>.text:decompress:ZI:__TI_zero_init_nomemset:__TI_zero_init_nomemset</name>
         <load_address>0x138a0</load_address>
         <run_address>0x138a0</run_address>
         <size>0x24</size>
         <input_file_ref idref="fl-b4"/>
      </object_component>
      <object_component id="oc-7bf">
         <name>.text</name>
         <load_address>0x138c4</load_address>
         <run_address>0x138c4</run_address>
         <size>0x24</size>
         <input_file_ref idref="fl-c1"/>
      </object_component>
      <object_component id="oc-56b">
         <name>.text:i2c_init</name>
         <load_address>0x138e8</load_address>
         <run_address>0x138e8</run_address>
         <size>0x22</size>
         <input_file_ref idref="fl-2"/>
      </object_component>
      <object_component id="oc-695">
         <name>.text:__next_thread</name>
         <load_address>0x1390a</load_address>
         <run_address>0x1390a</run_address>
         <size>0x20</size>
         <input_file_ref idref="fl-b5"/>
      </object_component>
      <object_component id="oc-71b">
         <name>.text:__priority_highest</name>
         <load_address>0x1392a</load_address>
         <run_address>0x1392a</run_address>
         <size>0x20</size>
         <input_file_ref idref="fl-cd"/>
      </object_component>
      <object_component id="oc-676">
         <name>.text:thread2_init</name>
         <load_address>0x1394a</load_address>
         <run_address>0x1394a</run_address>
         <size>0x20</size>
         <input_file_ref idref="fl-7"/>
      </object_component>
      <object_component id="oc-67c">
         <name>.text:thread3_init</name>
         <load_address>0x1396a</load_address>
         <run_address>0x1396a</run_address>
         <size>0x20</size>
         <input_file_ref idref="fl-8"/>
      </object_component>
      <object_component id="oc-471">
         <name>.text:__evict_thread</name>
         <load_address>0x1398a</load_address>
[...]
      </symbol>
      <symbol id="sm-7ad">
         <name>__TI_int52</name>
         <value>0xfff8</value>
         <object_component_ref idref="oc-98"/>
      </symbol>
      <symbol id="sm-7b0">
         <name>__TI_int53</name>
         <value>0xfffa</value>
         <object_component_ref idref="oc-99"/>
      </symbol>
      <symbol id="sm-7b3">
         <name>__TI_int54</name>
         <value>0xfffc</value>
         <object_component_ref idref="oc-9a"/>
      </symbol>
      <symbol id="sm-7c6">
         <name>__TI_zero_init_nomemset</name>
         <value>0x138a0</value>
         <object_component_ref idref="oc-405"/>
      </symbol>
      <symbol id="sm-826">
         <name>__start_thread</name>
         <value>0x139c6</value>
         <object_component_ref idref="oc-49b"/>
      </symbol>
      <symbol id="sm-827">
         <name>__scheduler_boot_init</name>
         <value>0x1387c</value>
         <object_component_ref idref="oc-5b8"/>
      </symbol>
      <symbol id="sm-828">
         <name>__scheduler_run</name>
         <value>0x12fa4</value>
         <object_component_ref idref="oc-5d6"/>
      </symbol>
      <symbol id="sm-829">
         <name>__evict_thread</name>
         <value>0x1398a</value>
         <object_component_ref idref="oc-471"/>
      </symbol>
      <symbol id="sm-82a">
         <name>__next_thread</name>
         <value>0x1390a</value>
         <object_component_ref idref="oc-695"/>
      </symbol>
      <symbol id="sm-82b">
         <name>__create_thread</name>
         <value>0x13150</value>
         <object_component_ref idref="oc-6ee"/>
      </symbol>
      <symbol id="sm-82c">
         <name>__get_thread</name>
         <value>0x13b58</value>
         <object_component_ref idref="oc-46b"/>
      </symbol>
      <symbol id="sm-82d">
         <name>__stop_thread</name>
         <value>0x13a86</value>
         <object_component_ref idref="oc-73a"/>
      </symbol>
      <symbol id="sm-82e">
         <name>__task_commit</name>
         <value>0x13b34</value>
         <object_component_ref idref="oc-689"/>
      </symbol>
      <symbol id="sm-874">
         <name>__events_commit</name>
         <value>0x1307e</value>
         <object_component_ref idref="oc-683"/>
      </symbol>
      <symbol id="sm-875">
         <name>__release_event</name>
         <value>0x137e0</value>
         <object_component_ref idref="oc-72e"/>
      </symbol>
      <symbol id="sm-876">
         <name>__has_events</name>
         <value>0x13832</value>
         <object_component_ref idref="oc-734"/>
      </symbol>
      <symbol id="sm-877">
         <name>__events_boot_init</name>
         <value>0x13664</value>
         <object_component_ref idref="oc-5be"/>
      </symbol>
      <symbol id="sm-878">
         <name>__lock_event</name>
         <value>0x135fc</value>
         <object_component_ref idref="oc-728"/>
      </symbol>
      <symbol id="sm-879">
         <name>__event_buffer_full_ISR</name>
         <value>0x13a02</value>
         <object_component_ref idref="oc-490"/>
      </symbol>
      <symbol id="sm-885">
         <name>__mspabi_fixdu</name>
         <value>0x13b22</value>
         <object_component_ref idref="oc-879"/>
      </symbol>
      <symbol id="sm-89a">
         <name>__mspabi_fixdul</name>
         <value>0x130e8</value>
         <object_component_ref idref="oc-8b8"/>
      </symbol>
      <symbol id="sm-8a4">
         <name>__mspabi_fltud</name>
         <value>0x13bd8</value>
         <object_component_ref idref="oc-86d"/>
      </symbol>
      <symbol id="sm-8ba">
         <name>__mspabi_fltuld</name>
         <value>0x12d4c</value>
         <object_component_ref idref="oc-88c"/>
      </symbol>
      <symbol id="sm-8c4">
         <name>__mspabi_mpyi_f5hw</name>
         <value>0x13ace</value>
         <object_component_ref idref="oc-4f3"/>
      </symbol>
      <symbol id="sm-8cc">
         <name>__mspabi_mpyl_f5hw</name>
         <value>0x138c4</value>
         <object_component_ref idref="oc-7bf"/>
      </symbol>
      <symbol id="sm-8e0">
         <name>__mspabi_slll_9</name>
         <value>0x134ec</value>
         <object_component_ref idref="oc-8c7"/>
      </symbol>
      <symbol id="sm-8e1">
         <name>__mspabi_slll_8</name>
         <value>0x134f0</value>
         <object_component_ref idref="oc-8c7"/>
      </symbol>
      <symbol id="sm-8e2">
         <name>__mspabi_slll_7</name>
         <value>0x134f4</value>
         <object_component_ref idref="oc-8c7"/>
      </symbol>
      <symbol id="sm-8e3">
         <name>__mspabi_slll_6</name>
         <value>0x134f8</value>
         <object_component_ref idref="oc-8c7"/>
      </symbol>
      <symbol id="sm-8e4">
         <name>__mspabi_slll_5</name>
         <value>0x134fc</value>
         <object_component_ref idref="oc-8c7"/>
      </symbol>
      <symbol id="sm-8e5">
         <name>__mspabi_slll_4</name>
         <value>0x13500</value>
         <object_component_ref idref="oc-8c7"/>
      </symbol>
      <symbol id="sm-8e6">
         <name>__mspabi_slll_3</name>
         <value>0x13504</value>
         <object_component_ref idref="oc-8c7"/>
      </symbol>
      <symbol id="sm-8e7">
         <name>__mspabi_slll_2</name>
         <value>0x13508</value>
         <object_component_ref idref="oc-8c7"/>
      </symbol>
      <symbol id="sm-8e8">
         <name>__mspabi_slll_1</name>
         <value>0x1350c</value>
         <object_component_ref idref="oc-8c7"/>
      </symbol>
      <symbol id="sm-8e9">
         <name>__mspabi_slll</name>
         <value>0x13b88</value>
         <object_component_ref idref="oc-8ac"/>
      </symbol>
      <symbol id="sm-8ea">
         <name>__mspabi_slll_15</name>
         <value>0x134d4</value>
         <object_component_ref idref="oc-8c7"/>
      </symbol>
      <symbol id="sm-8eb">
         <name>__mspabi_slll_14</name>
         <value>0x134d8</value>
         <object_component_ref idref="oc-8c7"/>
      </symbol>
      <symbol id="sm-8ec">
         <name>__mspabi_slll_13</name>
         <value>0x134dc</value>
         <object_component_ref idref="oc-8c7"/>
      </symbol>
      <symbol id="sm-8ed">
         <name>__mspabi_slll_12</name>
         <value>0x134e0</value>
         <object_component_ref idref="oc-8c7"/>
      </symbol>
      <symbol id="sm-8ee">
         <name>__mspabi_slll_11</name>
         <value>0x134e4</value>
         <object_component_ref idref="oc-8c7"/>
      </symbol>
      <symbol id="sm-8ef">
         <name>__mspabi_slll_10</name>
         <value>0x134e8</value>
         <object_component_ref idref="oc-8c7"/>
      </symbol>
      <symbol id="sm-900">
         <name>__mspabi_sral</name>
         <value>0x13b78</value>
         <object_component_ref idref="oc-8f8"/>
      </symbol>
      <symbol id="sm-901">
         <name>__mspabi_sral_15</name>
         <value>0x13496</value>
         <object_component_ref idref="oc-8ef"/>
      </symbol>
      <symbol id="sm-902">
         <name>__mspabi_sral_14</name>
         <value>0x1349a</value>
         <object_component_ref idref="oc-8ef"/>
      </symbol>
      <symbol id="sm-903">
         <name>__mspabi_sral_13</name>
         <value>0x1349e</value>
         <object_component_ref idref="oc-8ef"/>
      </symbol>
      <symbol id="sm-904">
         <name>__mspabi_sral_12</name>
         <value>0x134a2</value>
         <object_component_ref idref="oc-8ef"/>
      </symbol>
      <symbol id="sm-905">
         <name>__mspabi_sral_11</name>
         <value>0x134a6</value>
         <object_component_ref idref="oc-8ef"/>
      </symbol>
      <symbol id="sm-906">
         <name>__mspabi_sral_10</name>
         <value>0x134aa</value>
         <object_component_ref idref="oc-8ef"/>
      </symbol>
      <symbol id="sm-907">
         <name>__mspabi_sral_8</name>
         <value>0x134b2</value>
         <object_component_ref idref="oc-8ef"/>
      </symbol>
      <symbol id="sm-908">
         <name>__mspabi_sral_9</name>
         <value>0x134ae</value>
         <object_component_ref idref="oc-8ef"/>
      </symbol>
      <symbol id="sm-909">
         <name>__mspabi_sral_6</name>
         <value>0x134ba</value>
         <object_component_ref idref="oc-8ef"/>
      </symbol>
      <symbol id="sm-90a">
         <name>__mspabi_sral_7</name>
         <value>0x134b6</value>
         <object_component_ref idref="oc-8ef"/>
      </symbol>
      <symbol id="sm-90b">
         <name>__mspabi_sral_4</name>
         <value>0x134c2</value>
         <object_component_ref idref="oc-8ef"/>
      </symbol>
      <symbol id="sm-90c">
         <name>__mspabi_sral_5</name>
         <value>0x134be</value>
         <object_component_ref idref="oc-8ef"/>
      </symbol>
      <symbol id="sm-90d">
         <name>__mspabi_sral_2</name>
         <value>0x134ca</value>
         <object_component_ref idref="oc-8ef"/>
      </symbol>
      <symbol id="sm-90e">
         <name>__mspabi_sral_3</name>
         <value>0x134c6</value>
         <object_component_ref idref="oc-8ef"/>
      </symbol>
      <symbol id="sm-90f">
         <name>__mspabi_sral_1</name>
         <value>0x134ce</value>
         <object_component_ref idref="oc-8ef"/>
      </symbol>
      <symbol id="sm-91f">
         <name>__mspabi_srll_8</name>
         <value>0x1352e</value>
         <object_component_ref idref="oc-8a2"/>
      </symbol>
      <symbol id="sm-920">
         <name>__mspabi_srll_9</name>
         <value>0x1352a</value>
         <object_component_ref idref="oc-8a2"/>
      </symbol>
      <symbol id="sm-921">
         <name>__mspabi_srll_6</name>
         <value>0x13536</value>
         <object_component_ref idref="oc-8a2"/>
      </symbol>
      <symbol id="sm-922">
         <name>__mspabi_srll_7</name>
         <value>0x13532</value>
         <object_component_ref idref="oc-8a2"/>
      </symbol>
      <symbol id="sm-923">
         <name>__mspabi_srll_4</name>
         <value>0x1353e</value>
         <object_component_ref idref="oc-8a2"/>
      </symbol>
      <symbol id="sm-924">
         <name>__mspabi_srll_5</name>
         <value>0x1353a</value>
         <object_component_ref idref="oc-8a2"/>
      </symbol>
      <symbol id="sm-925">
         <name>__mspabi_srll_2</name>
         <value>0x13546</value>
         <object_component_ref idref="oc-8a2"/>
      </symbol>
      <symbol id="sm-926">
         <name>__mspabi_srll_3</name>
         <value>0x13542</value>
         <object_component_ref idref="oc-8a2"/>
      </symbol>
      <symbol id="sm-927">
         <name>__mspabi_srll_1</name>
         <value>0x1354a</value>
         <object_component_ref idref="oc-8a2"/>
      </symbol>
      <symbol id="sm-928">
         <name>__mspabi_srll_15</name>
         <value>0x13512</value>
         <object_component_ref idref="oc-8a2"/>
      </symbol>
      <symbol id="sm-929">
         <name>__mspabi_srll_14</name>
         <value>0x13516</value>
         <object_component_ref idref="oc-8a2"/>
      </symbol>
      <symbol id="sm-92a">
         <name>__mspabi_srll_13</name>
         <value>0x1351a</value>
         <object_component_ref idref="oc-8a2"/>
      </symbol>
      <symbol id="sm-92b">
         <name>__mspabi_srll_12</name>
         <value>0x1351e</value>
         <object_component_ref idref="oc-8a2"/>
      </symbol>
      <symbol id="sm-92c">
         <name>__mspabi_srll_11</name>
         <value>0x13522</value>
         <object_component_ref idref="oc-8a2"/>
      </symbol>
      <symbol id="sm-92d">
         <name>__mspabi_srll_10</name>
         <value>0x13526</value>
         <object_component_ref idref="oc-8a2"/>
      </symbol>
      <symbol id="sm-92e">
         <name>__mspabi_srll</name>
         <value>0x13b98</value>
         <object_component_ref idref="oc-8a7"/>
      </symbol>
      <symbol id="sm-96f">
         <name>__perqueue_pop</name>
         <value>0x136fa</value>
         <object_component_ref idref="oc-798"/>
      </symbol>
      <symbol id="sm-970">
         <name>__perqueue_pop_commit</name>
         <value>0x13bc0</value>
         <object_component_ref idref="oc-79f"/>
      </symbol>
      <symbol id="sm-971">
         <name>__perqueue_init</name>
         <value>0x13a3a</value>
         <object_component_ref idref="oc-667"/>
      </symbol>
      <symbol id="sm-972">
         <name>__perqueue_push</name>
         <value>0x13630</value>
         <object_component_ref idref="oc-70c"/>
      </symbol>
      <symbol id="sm-973">
         <name>__perqueue_push_commit</name>
         <value>0x13bc8</value>
         <object_component_ref idref="oc-712"/>
      </symbol>
      <symbol id="sm-974">
         <name>__perqueue_is_full</name>
         <value>0x13858</value>
         <object_component_ref idref="oc-549"/>
      </symbol>
      <symbol id="sm-975">
         <name>__perqueue_is_empty</name>
         <value>0x13b68</value>
         <object_component_ref idref="oc-7a6"/>
      </symbol>
      <symbol id="sm-9a5">
         <name>__priority_remove</name>
         <value>0x13696</value>
         <object_component_ref idref="oc-50e"/>
      </symbol>
      <symbol id="sm-9a6">
         <name>__priority_insert</name>
         <value>0x1380a</value>
         <object_component_ref idref="oc-564"/>
      </symbol>
      <symbol id="sm-9a7">
         <name>__priority_highest</name>
         <value>0x1392a</value>
         <object_component_ref idref="oc-71b"/>
      </symbol>
      <symbol id="sm-9a8">
         <name>__priority_init</name>
         <value>0x13a6e</value>
         <object_component_ref idref="oc-65d"/>
      </symbol>
      <symbol id="sm-9bc">
         <name>__tick</name>
         <value>0x123c8</value>
         <object_component_ref idref="oc-69b"/>
      </symbol>
      <symbol id="sm-9c5">
         <name>__dma_word_copy</name>
         <value>0x137b6</value>
         <object_component_ref idref="oc-722"/>
      </symbol>
      <symbol id="sm-9d5">
         <name>_c_int00_noargs_mpu</name>
         <value>0x612a</value>
         <object_component_ref idref="oc-42f"/>
      </symbol>
      <symbol id="sm-9d6">
         <name>_stack</name>
         <value>0x2360</value>
         <object_component_ref idref="oc-3c3"/>
      </symbol>
      <symbol id="sm-9d7">
         <name>_reset_vector</name>
         <value>0xfffe</value>
         <object_component_ref idref="oc-3c6"/>
      </symbol>
      <symbol id="sm-9e0">
         <name>__mpu_init</name>
         <value>0x1378a</value>
         <object_component_ref idref="oc-4d7"/>
      </symbol>
      <symbol id="sm-9ff">
         <name>__TI_auto_init_nobinit_nopinit_hold_wdt</name>
         <value>0x1326e</value>
         <object_component_ref idref="oc-601"/>
      </symbol>
      <symbol id="sm-a77">
         <name>_commit_timer_buffers</name>
         <value>0x11bb6</value>
         <object_component_ref idref="oc-53f"/>
      </symbol>
      <symbol id="sm-a78">
         <name>_pers_timer_update_data</name>
         <value>0x12996</value>
         <object_component_ref idref="oc-51c"/>
      </symbol>
      <symbol id="sm-a79">
         <name>_pers_timer_get</name>
         <value>0x12dcc</value>
         <object_component_ref idref="oc-4f9"/>
      </symbol>
      <symbol id="sm-a7a">
         <name>_pers_timer_init</name>
         <value>0x13550</value>
         <object_component_ref idref="oc-5ca"/>
      </symbol>
      <symbol id="sm-a7b">
         <name>_pers_timer_update_nxt_thread</name>
         <value>0x13a9e</value>
         <object_component_ref idref="oc-522"/>
      </symbol>
      <symbol id="sm-a7c">
         <name>_pers_timer_commit</name>
         <value>0x1341a</value>
         <object_component_ref idref="oc-489"/>
      </symbol>
      <symbol id="sm-a7d">
         <name>_pers_timer_get_nxt_thread</name>
         <value>0x13bd0</value>
         <object_component_ref idref="oc-465"/>
      </symbol>
      <symbol id="sm-a7e">
         <name>_pers_timer_update_lock</name>
         <value>0x139e4</value>
         <object_component_ref idref="oc-483"/>
      </symbol>
      <symbol id="sm-a7f">
         <name>_pers_timer_update_nxt_time</name>
         <value>0x13ab6</value>
         <object_component_ref idref="oc-528"/>
      </symbol>
      <symbol id="sm-a80">
         <name>_pers_timer_update_status</name>
         <value>0x12cca</value>
         <object_component_ref idref="oc-515"/>
      </symbol>
      <symbol id="sm-a81">
         <name>pers_timer_vars</name>
         <value>0x5b76</value>
         <object_component_ref idref="oc-500"/>
      </symbol>
      <symbol id="sm-a8a">
         <name>_system_post_cinit</name>
         <value>0x13bea</value>
         <object_component_ref idref="oc-6b4"/>
      </symbol>
      <symbol id="sm-a93">
         <name>_system_pre_init</name>
         <value>0x13be4</value>
         <object_component_ref idref="oc-4bf"/>
      </symbol>
      <symbol id="sm-aa3">
         <name>C$$EXIT</name>
         <value>0x13bde</value>
         <object_component_ref idref="oc-5dd"/>
      </symbol>
      <symbol id="sm-aa4">
         <name>abort</name>
         <value>0x13bde</value>
         <object_component_ref idref="oc-5dd"/>
      </symbol>
      <symbol id="sm-abb">
         <name>_nop</name>
         <value>0x13be8</value>
         <object_component_ref idref="oc-744"/>
      </symbol>
      <symbol id="sm-abc">
         <name>_lock</name>
         <value>0x1e52</value>
         <object_component_ref idref="oc-6a6"/>
      </symbol>
      <symbol id="sm-abd">
         <name>_unlock</name>
         <value>0x1e56</value>
         <object_component_ref idref="oc-6af"/>
      </symbol>
      <symbol id="sm-acd">
         <name>__inited</name>
         <value>0x5619</value>
         <object_component_ref idref="oc-5b5"/>
      </symbol>
      <symbol id="sm-ace">
         <name>main</name>
         <value>0x1372a</value>
         <object_component_ref idref="oc-4c5"/>
      </symbol>
      <symbol id="sm-ad7">
         <name>__mcu_init</name>
         <value>0x126f0</value>
         <object_component_ref idref="oc-5af"/>
      </symbol>
      <symbol id="sm-ae5">
         <name>memcpy</name>
         <value>0x13afc</value>
         <object_component_ref idref="oc-3d5"/>
      </symbol>
      <symbol id="sm-b0f">
         <name>rand</name>
         <value>0x1339a</value>
         <object_component_ref idref="oc-767"/>
      </symbol>
      <symbol id="sm-b28">
         <name>_sys_memory</name>
         <value>0x5c54</value>
         <object_component_ref idref="oc-3c7"/>
      </symbol>
      <symbol id="sm-b57">
         <name>sqrtl</name>
         <value>0x10d86</value>
         <object_component_ref idref="oc-873"/>
      </symbol>
      <symbol id="sm-b58">
         <name>sqrt</name>
         <value>0x10d86</value>
         <object_component_ref idref="oc-873"/>
      </symbol>
      <symbol id="sm-b7a">
         <name>__mspabi_addd</name>
         <value>0x10aa6</value>
         <object_component_ref idref="oc-899"/>
      </symbol>
      <symbol id="sm-b9b">
         <name>__TI_frcaddd</name>
         <value>0x1154a</value>
         <object_component_ref idref="oc-8db"/>
      </symbol>
      <symbol id="sm-baf">
         <name>__TI_renormd</name>
         <value>0x127ac</value>
         <object_component_ref idref="oc-8fd"/>
      </symbol>
      <symbol id="sm-bd0">
         <name>__mspabi_mpyd</name>
         <value>0x112e4</value>
         <object_component_ref idref="oc-893"/>
      </symbol>
      <symbol id="sm-be0">
         <name>__TI_frcmpyd</name>
         <value>0x11064</value>
         <object_component_ref idref="oc-8ce"/>
      </symbol>
      <symbol id="sm-be7">
         <name>errno</name>
         <value>0x1e62</value>
         <object_component_ref idref="oc-89f"/>
      </symbol>
      <symbol id="sm-bf2">
         <name>__timers_init</name>
         <value>0x13550</value>
      </symbol>
   </symbol_table>
   <title>Link successful</title>
</link_info>
