<?xml version="1.0"?>
<link_info>
   <banner>MSP430 Linker Unix v17.9.0.STS</banner>
   <copyright>Copyright (c) 2003-2017 Texas Instruments Incorporated</copyright>
   <link_time>0x5ab2e3e2</link_time>
   <link_errors>0x0</link_errors>
   <output_file>cm_acc.out</output_file>
   <entry_point>
      <name>_c_int00_noargs_mpu</name>
      <address>0x6148</address>
   </entry_point>
   <input_file_list>
      <input_file id="fl-2">
         <path>./</path>
         <kind>object</kind>
         <file>adxl345_i2c_lib.obj</file>
         <name>adxl345_i2c_lib.obj</name>
      </input_file>
      <input_file id="fl-3">
         <path>./</path>
         <kind>object</kind>
         <file>app_intrinsics.obj</file>
         <name>app_intrinsics.obj</name>
      </input_file>
      <input_file id="fl-4">
         <path>./</path>
         <kind>object</kind>
         <file>appinit.obj</file>
         <name>appinit.obj</name>
      </input_file>
      <input_file id="fl-5">
         <path>./</path>
         <kind>object</kind>
         <file>avg_filter.obj</file>
         <name>avg_filter.obj</name>
      </input_file>
      <input_file id="fl-6">
         <path>./</path>
         <kind>object</kind>
         <file>thread1.obj</file>
         <name>thread1.obj</name>
      </input_file>
      <input_file id="fl-7">
         <path>./</path>
         <kind>object</kind>
         <file>thread2.obj</file>
         <name>thread2.obj</name>
      </input_file>
      <input_file id="fl-8">
         <path>./</path>
         <kind>object</kind>
         <file>thread3.obj</file>
         <name>thread3.obj</name>
      </input_file>
      <input_file id="fl-9">
         <path>./dsplib/source/filter/</path>
         <kind>object</kind>
         <file>msp_biquad_cascade_df1_q15.obj</file>
         <name>msp_biquad_cascade_df1_q15.obj</name>
      </input_file>
      <input_file id="fl-a">
         <path>./dsplib/source/filter/</path>
         <kind>object</kind>
         <file>msp_biquad_cascade_df2_ext_q15.obj</file>
         <name>msp_biquad_cascade_df2_ext_q15.obj</name>
      </input_file>
      <input_file id="fl-b">
         <path>./dsplib/source/filter/</path>
         <kind>object</kind>
         <file>msp_biquad_cascade_df2_q15.obj</file>
         <name>msp_biquad_cascade_df2_q15.obj</name>
      </input_file>
      <input_file id="fl-c">
         <path>./dsplib/source/filter/</path>
         <kind>object</kind>
         <file>msp_biquad_df1_q15.obj</file>
         <name>msp_biquad_df1_q15.obj</name>
      </input_file>
      <input_file id="fl-d">
         <path>./dsplib/source/filter/</path>
         <kind>object</kind>
         <file>msp_biquad_df2_ext_q15.obj</file>
         <name>msp_biquad_df2_ext_q15.obj</name>
      </input_file>
      <input_file id="fl-e">
         <path>./dsplib/source/filter/</path>
         <kind>object</kind>
         <file>msp_biquad_df2_q15.obj</file>
         <name>msp_biquad_df2_q15.obj</name>
      </input_file>
      <input_file id="fl-f">
         <path>./dsplib/source/filter/</path>
         <kind>object</kind>
         <file>msp_cmplx_fir_iq31.obj</file>
         <name>msp_cmplx_fir_iq31.obj</name>
      </input_file>
      <input_file id="fl-10">
         <path>./dsplib/source/filter/</path>
         <kind>object</kind>
         <file>msp_cmplx_fir_q15.obj</file>
         <name>msp_cmplx_fir_q15.obj</name>
      </input_file>
      <input_file id="fl-11">
         <path>./dsplib/source/filter/</path>
         <kind>object</kind>
         <file>msp_fir_iq31.obj</file>
         <name>msp_fir_iq31.obj</name>
      </input_file>
      <input_file id="fl-12">
         <path>./dsplib/source/filter/</path>
         <kind>object</kind>
         <file>msp_fir_q15.obj</file>
         <name>msp_fir_q15.obj</name>
      </input_file>
      <input_file id="fl-13">
         <path>./dsplib/source/lea/</path>
         <kind>object</kind>
         <file>msp_lea_flags.obj</file>
         <name>msp_lea_flags.obj</name>
      </input_file>
      <input_file id="fl-14">
         <path>./dsplib/source/lea/</path>
         <kind>object</kind>
         <file>msp_lea_init.obj</file>
         <name>msp_lea_init.obj</name>
      </input_file>
      <input_file id="fl-15">
         <path>./dsplib/source/lea/</path>
         <kind>object</kind>
         <file>msp_lea_isr.obj</file>
         <name>msp_lea_isr.obj</name>
      </input_file>
      <input_file id="fl-16">
         <path>./dsplib/source/lea/</path>
         <kind>object</kind>
         <file>msp_lea_patch.obj</file>
         <name>msp_lea_patch.obj</name>
      </input_file>
      <input_file id="fl-17">
         <path>./dsplib/source/matrix/</path>
         <kind>object</kind>
         <file>msp_matrix_abs_iq31.obj</file>
         <name>msp_matrix_abs_iq31.obj</name>
      </input_file>
      <input_file id="fl-18">
         <path>./dsplib/source/matrix/</path>
         <kind>object</kind>
         <file>msp_matrix_abs_q15.obj</file>
         <name>msp_matrix_abs_q15.obj</name>
      </input_file>
      <input_file id="fl-19">
         <path>./dsplib/source/matrix/</path>
         <kind>object</kind>
         <file>msp_matrix_add_iq31.obj</file>
         <name>msp_matrix_add_iq31.obj</name>
      </input_file>
      <input_file id="fl-1a">
         <path>./dsplib/source/matrix/</path>
         <kind>object</kind>
         <file>msp_matrix_add_q15.obj</file>
         <name>msp_matrix_add_q15.obj</name>
      </input_file>
      <input_file id="fl-1b">
         <path>./dsplib/source/matrix/</path>
         <kind>object</kind>
         <file>msp_matrix_mpy_iq31.obj</file>
         <name>msp_matrix_mpy_iq31.obj</name>
      </input_file>
      <input_file id="fl-1c">
         <path>./dsplib/source/matrix/</path>
         <kind>object</kind>
         <file>msp_matrix_mpy_q15.obj</file>
         <name>msp_matrix_mpy_q15.obj</name>
      </input_file>
      <input_file id="fl-1d">
         <path>./dsplib/source/matrix/</path>
         <kind>object</kind>
         <file>msp_matrix_neg_iq31.obj</file>
         <name>msp_matrix_neg_iq31.obj</name>
      </input_file>
      <input_file id="fl-1e">
         <path>./dsplib/source/matrix/</path>
         <kind>object</kind>
         <file>msp_matrix_neg_q15.obj</file>
         <name>msp_matrix_neg_q15.obj</name>
      </input_file>
      <input_file id="fl-1f">
         <path>./dsplib/source/matrix/</path>
         <kind>object</kind>
         <file>msp_matrix_offset_iq31.obj</file>
         <name>msp_matrix_offset_iq31.obj</name>
      </input_file>
      <input_file id="fl-20">
         <path>./dsplib/source/matrix/</path>
         <kind>object</kind>
         <file>msp_matrix_offset_q15.obj</file>
         <name>msp_matrix_offset_q15.obj</name>
      </input_file>
      <input_file id="fl-21">
         <path>./dsplib/source/matrix/</path>
         <kind>object</kind>
         <file>msp_matrix_scale_iq31.obj</file>
         <name>msp_matrix_scale_iq31.obj</name>
      </input_file>
      <input_file id="fl-22">
         <path>./dsplib/source/matrix/</path>
         <kind>object</kind>
         <file>msp_matrix_scale_q15.obj</file>
         <name>msp_matrix_scale_q15.obj</name>
      </input_file>
      <input_file id="fl-23">
         <path>./dsplib/source/matrix/</path>
         <kind>object</kind>
         <file>msp_matrix_shift_iq31.obj</file>
         <name>msp_matrix_shift_iq31.obj</name>
      </input_file>
      <input_file id="fl-24">
         <path>./dsplib/source/matrix/</path>
         <kind>object</kind>
         <file>msp_matrix_shift_q15.obj</file>
         <name>msp_matrix_shift_q15.obj</name>
      </input_file>
      <input_file id="fl-25">
         <path>./dsplib/source/matrix/</path>
         <kind>object</kind>
         <file>msp_matrix_sub_iq31.obj</file>
         <name>msp_matrix_sub_iq31.obj</name>
      </input_file>
      <input_file id="fl-26">
         <path>./dsplib/source/matrix/</path>
         <kind>object</kind>
         <file>msp_matrix_sub_q15.obj</file>
         <name>msp_matrix_sub_q15.obj</name>
      </input_file>
      <input_file id="fl-27">
         <path>./dsplib/source/matrix/</path>
         <kind>object</kind>
         <file>msp_matrix_trans_iq31.obj</file>
         <name>msp_matrix_trans_iq31.obj</name>
      </input_file>
      <input_file id="fl-28">
         <path>./dsplib/source/matrix/</path>
         <kind>object</kind>
         <file>msp_matrix_trans_q15.obj</file>
         <name>msp_matrix_trans_q15.obj</name>
      </input_file>
      <input_file id="fl-29">
         <path>./dsplib/source/transform/</path>
         <kind>object</kind>
         <file>msp_cmplx_bitrev_iq31.obj</file>
         <name>msp_cmplx_bitrev_iq31.obj</name>
      </input_file>
      <input_file id="fl-2a">
         <path>./dsplib/source/transform/</path>
         <kind>object</kind>
         <file>msp_cmplx_bitrev_q15.obj</file>
         <name>msp_cmplx_bitrev_q15.obj</name>
      </input_file>
      <input_file id="fl-2b">
         <path>./dsplib/source/transform/</path>
         <kind>object</kind>
         <file>msp_cmplx_fft_auto_q15.obj</file>
         <name>msp_cmplx_fft_auto_q15.obj</name>
      </input_file>
      <input_file id="fl-2c">
         <path>./dsplib/source/transform/</path>
         <kind>object</kind>
         <file>msp_cmplx_fft_fixed_q15.obj</file>
         <name>msp_cmplx_fft_fixed_q15.obj</name>
      </input_file>
      <input_file id="fl-2d">
         <path>./dsplib/source/transform/</path>
         <kind>object</kind>
         <file>msp_cmplx_fft_iq31.obj</file>
         <name>msp_cmplx_fft_iq31.obj</name>
      </input_file>
      <input_file id="fl-2e">
         <path>./dsplib/source/transform/</path>
         <kind>object</kind>
         <file>msp_cmplx_ifft_auto_q15.obj</file>
         <name>msp_cmplx_ifft_auto_q15.obj</name>
      </input_file>
      <input_file id="fl-2f">
         <path>./dsplib/source/transform/</path>
         <kind>object</kind>
         <file>msp_cmplx_ifft_fixed_q15.obj</file>
         <name>msp_cmplx_ifft_fixed_q15.obj</name>
      </input_file>
      <input_file id="fl-30">
         <path>./dsplib/source/transform/</path>
         <kind>object</kind>
         <file>msp_cmplx_ifft_iq31.obj</file>
         <name>msp_cmplx_ifft_iq31.obj</name>
      </input_file>
      <input_file id="fl-31">
         <path>./dsplib/source/transform/</path>
         <kind>object</kind>
         <file>msp_fft_auto_q15.obj</file>
         <name>msp_fft_auto_q15.obj</name>
      </input_file>
      <input_file id="fl-32">
         <path>./dsplib/source/transform/</path>
         <kind>object</kind>
         <file>msp_fft_fixed_q15.obj</file>
         <name>msp_fft_fixed_q15.obj</name>
      </input_file>
      <input_file id="fl-33">
         <path>./dsplib/source/transform/</path>
         <kind>object</kind>
         <file>msp_fft_iq31.obj</file>
         <name>msp_fft_iq31.obj</name>
      </input_file>
      <input_file id="fl-34">
         <path>./dsplib/source/transform/</path>
         <kind>object</kind>
         <file>msp_ifft_auto_q15.obj</file>
         <name>msp_ifft_auto_q15.obj</name>
      </input_file>
      <input_file id="fl-35">
         <path>./dsplib/source/transform/</path>
         <kind>object</kind>
         <file>msp_ifft_fixed_q15.obj</file>
         <name>msp_ifft_fixed_q15.obj</name>
      </input_file>
      <input_file id="fl-36">
         <path>./dsplib/source/transform/</path>
         <kind>object</kind>
         <file>msp_ifft_iq31.obj</file>
         <name>msp_ifft_iq31.obj</name>
      </input_file>
      <input_file id="fl-37">
         <path>./dsplib/source/transform/</path>
         <kind>object</kind>
         <file>msp_split_iq31.obj</file>
         <name>msp_split_iq31.obj</name>
      </input_file>
      <input_file id="fl-38">
         <path>./dsplib/source/transform/</path>
         <kind>object</kind>
         <file>msp_split_q15.obj</file>
         <name>msp_split_q15.obj</name>
      </input_file>
      <input_file id="fl-39">
         <path>./dsplib/source/transform/</path>
         <kind>object</kind>
         <file>msp_transform_tables.obj</file>
         <name>msp_transform_tables.obj</name>
      </input_file>
      <input_file id="fl-3a">
         <path>./dsplib/source/utility/</path>
         <kind>object</kind>
         <file>msp_cmplx_fill_iq31.obj</file>
         <name>msp_cmplx_fill_iq31.obj</name>
      </input_file>
      <input_file id="fl-3b">
         <path>./dsplib/source/utility/</path>
         <kind>object</kind>
         <file>msp_cmplx_fill_q15.obj</file>
         <name>msp_cmplx_fill_q15.obj</name>
      </input_file>
      <input_file id="fl-3c">
         <path>./dsplib/source/utility/</path>
         <kind>object</kind>
         <file>msp_cmplx_iq31.obj</file>
         <name>msp_cmplx_iq31.obj</name>
      </input_file>
      <input_file id="fl-3d">
         <path>./dsplib/source/utility/</path>
         <kind>object</kind>
         <file>msp_cmplx_q15.obj</file>
         <name>msp_cmplx_q15.obj</name>
      </input_file>
      <input_file id="fl-3e">
         <path>./dsplib/source/utility/</path>
         <kind>object</kind>
         <file>msp_copy_iq31.obj</file>
         <name>msp_copy_iq31.obj</name>
      </input_file>
      <input_file id="fl-3f">
         <path>./dsplib/source/utility/</path>
         <kind>object</kind>
         <file>msp_copy_q15.obj</file>
         <name>msp_copy_q15.obj</name>
      </input_file>
      <input_file id="fl-40">
         <path>./dsplib/source/utility/</path>
         <kind>object</kind>
         <file>msp_deinterleave_iq31.obj</file>
         <name>msp_deinterleave_iq31.obj</name>
      </input_file>
      <input_file id="fl-41">
         <path>./dsplib/source/utility/</path>
         <kind>object</kind>
         <file>msp_deinterleave_q15.obj</file>
         <name>msp_deinterleave_q15.obj</name>
      </input_file>
      <input_file id="fl-42">
         <path>./dsplib/source/utility/</path>
         <kind>object</kind>
         <file>msp_fill_iq31.obj</file>
         <name>msp_fill_iq31.obj</name>
      </input_file>
      <input_file id="fl-43">
         <path>./dsplib/source/utility/</path>
         <kind>object</kind>
         <file>msp_fill_q15.obj</file>
         <name>msp_fill_q15.obj</name>
      </input_file>
      <input_file id="fl-44">
         <path>./dsplib/source/utility/</path>
         <kind>object</kind>
         <file>msp_interleave_iq31.obj</file>
         <name>msp_interleave_iq31.obj</name>
      </input_file>
      <input_file id="fl-45">
         <path>./dsplib/source/utility/</path>
         <kind>object</kind>
         <file>msp_interleave_q15.obj</file>
         <name>msp_interleave_q15.obj</name>
      </input_file>
      <input_file id="fl-46">
         <path>./dsplib/source/utility/</path>
         <kind>object</kind>
         <file>msp_iq31_to_q15.obj</file>
         <name>msp_iq31_to_q15.obj</name>
      </input_file>
      <input_file id="fl-47">
         <path>./dsplib/source/utility/</path>
         <kind>object</kind>
         <file>msp_q15_to_iq31.obj</file>
         <name>msp_q15_to_iq31.obj</name>
      </input_file>
      <input_file id="fl-48">
         <path>./dsplib/source/utility/</path>
         <kind>object</kind>
         <file>msp_sinusoid_q15.obj</file>
         <name>msp_sinusoid_q15.obj</name>
      </input_file>
      <input_file id="fl-49">
         <path>./dsplib/source/vector/</path>
         <kind>object</kind>
         <file>msp_abs_iq31.obj</file>
         <name>msp_abs_iq31.obj</name>
      </input_file>
      <input_file id="fl-4a">
         <path>./dsplib/source/vector/</path>
         <kind>object</kind>
         <file>msp_abs_q15.obj</file>
         <name>msp_abs_q15.obj</name>
      </input_file>
      <input_file id="fl-4b">
         <path>./dsplib/source/vector/</path>
         <kind>object</kind>
         <file>msp_add_iq31.obj</file>
         <name>msp_add_iq31.obj</name>
      </input_file>
      <input_file id="fl-4c">
         <path>./dsplib/source/vector/</path>
         <kind>object</kind>
         <file>msp_add_q15.obj</file>
         <name>msp_add_q15.obj</name>
      </input_file>
      <input_file id="fl-4d">
         <path>./dsplib/source/vector/</path>
         <kind>object</kind>
         <file>msp_cmplx_add_iq31.obj</file>
         <name>msp_cmplx_add_iq31.obj</name>
      </input_file>
      <input_file id="fl-4e">
         <path>./dsplib/source/vector/</path>
         <kind>object</kind>
         <file>msp_cmplx_add_q15.obj</file>
         <name>msp_cmplx_add_q15.obj</name>
      </input_file>
      <input_file id="fl-4f">
         <path>./dsplib/source/vector/</path>
         <kind>object</kind>
         <file>msp_cmplx_conj_iq31.obj</file>
         <name>msp_cmplx_conj_iq31.obj</name>
      </input_file>
      <input_file id="fl-50">
         <path>./dsplib/source/vector/</path>
         <kind>object</kind>
         <file>msp_cmplx_conj_q15.obj</file>
         <name>msp_cmplx_conj_q15.obj</name>
      </input_file>
      <input_file id="fl-51">
         <path>./dsplib/source/vector/</path>
         <kind>object</kind>
         <file>msp_cmplx_mac_iq31.obj</file>
         <name>msp_cmplx_mac_iq31.obj</name>
      </input_file>
      <input_file id="fl-52">
         <path>./dsplib/source/vector/</path>
         <kind>object</kind>
         <file>msp_cmplx_mac_q15.obj</file>
         <name>msp_cmplx_mac_q15.obj</name>
      </input_file>
      <input_file id="fl-53">
         <path>./dsplib/source/vector/</path>
         <kind>object</kind>
         <file>msp_cmplx_mpy_iq31.obj</file>
         <name>msp_cmplx_mpy_iq31.obj</name>
      </input_file>
      <input_file id="fl-54">
         <path>./dsplib/source/vector/</path>
         <kind>object</kind>
         <file>msp_cmplx_mpy_q15.obj</file>
         <name>msp_cmplx_mpy_q15.obj</name>
      </input_file>
      <input_file id="fl-55">
         <path>./dsplib/source/vector/</path>
         <kind>object</kind>
         <file>msp_cmplx_mpy_real_iq31.obj</file>
         <name>msp_cmplx_mpy_real_iq31.obj</name>
      </input_file>
      <input_file id="fl-56">
         <path>./dsplib/source/vector/</path>
         <kind>object</kind>
         <file>msp_cmplx_mpy_real_q15.obj</file>
         <name>msp_cmplx_mpy_real_q15.obj</name>
      </input_file>
      <input_file id="fl-57">
         <path>./dsplib/source/vector/</path>
         <kind>object</kind>
         <file>msp_cmplx_scale_iq31.obj</file>
         <name>msp_cmplx_scale_iq31.obj</name>
      </input_file>
      <input_file id="fl-58">
         <path>./dsplib/source/vector/</path>
         <kind>object</kind>
         <file>msp_cmplx_scale_q15.obj</file>
         <name>msp_cmplx_scale_q15.obj</name>
      </input_file>
      <input_file id="fl-59">
         <path>./dsplib/source/vector/</path>
         <kind>object</kind>
         <file>msp_cmplx_shift_iq31.obj</file>
         <name>msp_cmplx_shift_iq31.obj</name>
      </input_file>
      <input_file id="fl-5a">
         <path>./dsplib/source/vector/</path>
         <kind>object</kind>
         <file>msp_cmplx_shift_q15.obj</file>
         <name>msp_cmplx_shift_q15.obj</name>
      </input_file>
      <input_file id="fl-5b">
         <path>./dsplib/source/vector/</path>
         <kind>object</kind>
         <file>msp_cmplx_sub_iq31.obj</file>
         <name>msp_cmplx_sub_iq31.obj</name>
      </input_file>
      <input_file id="fl-5c">
         <path>./dsplib/source/vector/</path>
         <kind>object</kind>
         <file>msp_cmplx_sub_q15.obj</file>
         <name>msp_cmplx_sub_q15.obj</name>
      </input_file>
      <input_file id="fl-5d">
         <path>./dsplib/source/vector/</path>
         <kind>object</kind>
         <file>msp_mac_iq31.obj</file>
         <name>msp_mac_iq31.obj</name>
      </input_file>
      <input_file id="fl-5e">
         <path>./dsplib/source/vector/</path>
         <kind>object</kind>
         <file>msp_mac_q15.obj</file>
         <name>msp_mac_q15.obj</name>
      </input_file>
      <input_file id="fl-5f">
         <path>./dsplib/source/vector/</path>
         <kind>object</kind>
         <file>msp_max_iq31.obj</file>
         <name>msp_max_iq31.obj</name>
      </input_file>
      <input_file id="fl-60">
         <path>./dsplib/source/vector/</path>
         <kind>object</kind>
         <file>msp_max_q15.obj</file>
         <name>msp_max_q15.obj</name>
      </input_file>
      <input_file id="fl-61">
         <path>./dsplib/source/vector/</path>
         <kind>object</kind>
         <file>msp_max_uq15.obj</file>
         <name>msp_max_uq15.obj</name>
      </input_file>
      <input_file id="fl-62">
         <path>./dsplib/source/vector/</path>
         <kind>object</kind>
         <file>msp_max_uq31.obj</file>
         <name>msp_max_uq31.obj</name>
      </input_file>
      <input_file id="fl-63">
         <path>./dsplib/source/vector/</path>
         <kind>object</kind>
         <file>msp_min_iq31.obj</file>
         <name>msp_min_iq31.obj</name>
      </input_file>
      <input_file id="fl-64">
         <path>./dsplib/source/vector/</path>
         <kind>object</kind>
         <file>msp_min_q15.obj</file>
         <name>msp_min_q15.obj</name>
      </input_file>
      <input_file id="fl-65">
         <path>./dsplib/source/vector/</path>
         <kind>object</kind>
         <file>msp_min_uq15.obj</file>
         <name>msp_min_uq15.obj</name>
      </input_file>
      <input_file id="fl-66">
         <path>./dsplib/source/vector/</path>
         <kind>object</kind>
         <file>msp_min_uq31.obj</file>
         <name>msp_min_uq31.obj</name>
      </input_file>
      <input_file id="fl-67">
         <path>./dsplib/source/vector/</path>
         <kind>object</kind>
         <file>msp_mpy_iq31.obj</file>
         <name>msp_mpy_iq31.obj</name>
      </input_file>
      <input_file id="fl-68">
         <path>./dsplib/source/vector/</path>
         <kind>object</kind>
         <file>msp_mpy_q15.obj</file>
         <name>msp_mpy_q15.obj</name>
      </input_file>
      <input_file id="fl-69">
         <path>./dsplib/source/vector/</path>
         <kind>object</kind>
         <file>msp_neg_iq31.obj</file>
         <name>msp_neg_iq31.obj</name>
      </input_file>
      <input_file id="fl-6a">
         <path>./dsplib/source/vector/</path>
         <kind>object</kind>
         <file>msp_neg_q15.obj</file>
         <name>msp_neg_q15.obj</name>
      </input_file>
      <input_file id="fl-6b">
         <path>./dsplib/source/vector/</path>
         <kind>object</kind>
         <file>msp_offset_iq31.obj</file>
         <name>msp_offset_iq31.obj</name>
      </input_file>
      <input_file id="fl-6c">
         <path>./dsplib/source/vector/</path>
         <kind>object</kind>
         <file>msp_offset_q15.obj</file>
         <name>msp_offset_q15.obj</name>
      </input_file>
      <input_file id="fl-6d">
         <path>./dsplib/source/vector/</path>
         <kind>object</kind>
         <file>msp_scale_iq31.obj</file>
         <name>msp_scale_iq31.obj</name>
      </input_file>
      <input_file id="fl-6e">
         <path>./dsplib/source/vector/</path>
         <kind>object</kind>
         <file>msp_scale_q15.obj</file>
         <name>msp_scale_q15.obj</name>
      </input_file>
      <input_file id="fl-6f">
         <path>./dsplib/source/vector/</path>
         <kind>object</kind>
         <file>msp_shift_iq31.obj</file>
         <name>msp_shift_iq31.obj</name>
      </input_file>
      <input_file id="fl-70">
         <path>./dsplib/source/vector/</path>
         <kind>object</kind>
         <file>msp_shift_q15.obj</file>
         <name>msp_shift_q15.obj</name>
      </input_file>
      <input_file id="fl-71">
         <path>./dsplib/source/vector/</path>
         <kind>object</kind>
         <file>msp_sub_iq31.obj</file>
         <name>msp_sub_iq31.obj</name>
      </input_file>
      <input_file id="fl-72">
         <path>./dsplib/source/vector/</path>
         <kind>object</kind>
         <file>msp_sub_q15.obj</file>
         <name>msp_sub_q15.obj</name>
      </input_file>
      <input_file id="fl-7a">
         <kind>object</kind>
         <file>&lt;internal&gt;</file>
         <name>&lt;internal&gt;</name>
      </input_file>
      <input_file id="fl-9a">
         <path>/opt/ti/ccsv7/tools/compiler/ti-cgt-msp430_17.9.0.STS/lib/</path>
         <kind>archive</kind>
         <file>rts430x_lc_rd_eabi.lib</file>
         <name>copy_decompress_lzss.obj</name>
      </input_file>
      <input_file id="fl-9b">
         <path>/opt/ti/ccsv7/tools/compiler/ti-cgt-msp430_17.9.0.STS/lib/</path>
         <kind>archive</kind>
         <file>rts430x_lc_rd_eabi.lib</file>
         <name>copy_decompress_none.obj</name>
      </input_file>
      <input_file id="fl-9c">
         <path>/opt/ti/ccsv7/tools/compiler/ti-cgt-msp430_17.9.0.STS/lib/</path>
         <kind>archive</kind>
         <file>rts430x_lc_rd_eabi.lib</file>
         <name>int30.obj</name>
      </input_file>
      <input_file id="fl-9d">
         <path>/opt/ti/ccsv7/tools/compiler/ti-cgt-msp430_17.9.0.STS/lib/</path>
         <kind>archive</kind>
         <file>rts430x_lc_rd_eabi.lib</file>
         <name>isr_trap.obj</name>
      </input_file>
      <input_file id="fl-9e">
         <path>/opt/ti/ccsv7/tools/compiler/ti-cgt-msp430_17.9.0.STS/lib/</path>
         <kind>archive</kind>
         <file>rts430x_lc_rd_eabi.lib</file>
         <name>int31.obj</name>
      </input_file>
      <input_file id="fl-9f">
         <path>/opt/ti/ccsv7/tools/compiler/ti-cgt-msp430_17.9.0.STS/lib/</path>
         <kind>archive</kind>
         <file>rts430x_lc_rd_eabi.lib</file>
         <name>int32.obj</name>
      </input_file>
      <input_file id="fl-a0">
         <path>/opt/ti/ccsv7/tools/compiler/ti-cgt-msp430_17.9.0.STS/lib/</path>
         <kind>archive</kind>
         <file>rts430x_lc_rd_eabi.lib</file>
         <name>int33.obj</name>
      </input_file>
      <input_file id="fl-a1">
         <path>/home/dpatoukas/Documents/TUDelft/Thesis/Ink++/InK/Debug/</path>
         <kind>archive</kind>
         <file>InK.lib</file>
         <name>clk.obj</name>
      </input_file>
      <input_file id="fl-a2">
         <path>/opt/ti/ccsv7/tools/compiler/ti-cgt-msp430_17.9.0.STS/lib/</path>
         <kind>archive</kind>
         <file>rts430x_lc_rd_eabi.lib</file>
         <name>int35.obj</name>
      </input_file>
      <input_file id="fl-a3">
         <path>/opt/ti/ccsv7/tools/compiler/ti-cgt-msp430_17.9.0.STS/lib/</path>
         <kind>archive</kind>
         <file>rts430x_lc_rd_eabi.lib</file>
         <name>int36.obj</name>
      </input_file>
      <input_file id="fl-a4">
         <path>/opt/ti/ccsv7/tools/compiler/ti-cgt-msp430_17.9.0.STS/lib/</path>
         <kind>archive</kind>
         <file>rts430x_lc_rd_eabi.lib</file>
         <name>int37.obj</name>
      </input_file>
      <input_file id="fl-a5">
         <path>/home/dpatoukas/Documents/TUDelft/Thesis/Ink++/InK/Debug/</path>
         <kind>archive</kind>
         <file>InK.lib</file>
         <name>timer.obj</name>
      </input_file>
      <input_file id="fl-a6">
         <path>/opt/ti/ccsv7/tools/compiler/ti-cgt-msp430_17.9.0.STS/lib/</path>
         <kind>archive</kind>
         <file>rts430x_lc_rd_eabi.lib</file>
         <name>int40.obj</name>
      </input_file>
      <input_file id="fl-a7">
         <path>/opt/ti/ccsv7/tools/compiler/ti-cgt-msp430_17.9.0.STS/lib/</path>
         <kind>archive</kind>
         <file>rts430x_lc_rd_eabi.lib</file>
         <name>int41.obj</name>
      </input_file>
      <input_file id="fl-a8">
         <path>/opt/ti/ccsv7/tools/compiler/ti-cgt-msp430_17.9.0.STS/lib/</path>
         <kind>archive</kind>
         <file>rts430x_lc_rd_eabi.lib</file>
         <name>int42.obj</name>
      </input_file>
      <input_file id="fl-a9">
         <path>/opt/ti/ccsv7/tools/compiler/ti-cgt-msp430_17.9.0.STS/lib/</path>
         <kind>archive</kind>
         <file>rts430x_lc_rd_eabi.lib</file>
         <name>int43.obj</name>
      </input_file>
      <input_file id="fl-aa">
         <path>/opt/ti/ccsv7/tools/compiler/ti-cgt-msp430_17.9.0.STS/lib/</path>
         <kind>archive</kind>
         <file>rts430x_lc_rd_eabi.lib</file>
         <name>int44.obj</name>
      </input_file>
      <input_file id="fl-ab">
         <path>/home/dpatoukas/Documents/TUDelft/Thesis/Ink++/InK/Debug/</path>
         <kind>archive</kind>
         <file>InK.lib</file>
         <name>tester.obj</name>
      </input_file>
      <input_file id="fl-ac">
         <path>/opt/ti/ccsv7/tools/compiler/ti-cgt-msp430_17.9.0.STS/lib/</path>
         <kind>archive</kind>
         <file>rts430x_lc_rd_eabi.lib</file>
         <name>int47.obj</name>
      </input_file>
      <input_file id="fl-ad">
         <path>/opt/ti/ccsv7/tools/compiler/ti-cgt-msp430_17.9.0.STS/lib/</path>
         <kind>archive</kind>
         <file>rts430x_lc_rd_eabi.lib</file>
         <name>int48.obj</name>
      </input_file>
      <input_file id="fl-ae">
         <path>/opt/ti/ccsv7/tools/compiler/ti-cgt-msp430_17.9.0.STS/lib/</path>
         <kind>archive</kind>
         <file>rts430x_lc_rd_eabi.lib</file>
         <name>int49.obj</name>
      </input_file>
      <input_file id="fl-af">
         <path>/opt/ti/ccsv7/tools/compiler/ti-cgt-msp430_17.9.0.STS/lib/</path>
         <kind>archive</kind>
         <file>rts430x_lc_rd_eabi.lib</file>
         <name>int50.obj</name>
      </input_file>
      <input_file id="fl-b0">
         <path>/opt/ti/ccsv7/tools/compiler/ti-cgt-msp430_17.9.0.STS/lib/</path>
         <kind>archive</kind>
         <file>rts430x_lc_rd_eabi.lib</file>
         <name>int51.obj</name>
      </input_file>
      <input_file id="fl-b1">
         <path>/opt/ti/ccsv7/tools/compiler/ti-cgt-msp430_17.9.0.STS/lib/</path>
         <kind>archive</kind>
         <file>rts430x_lc_rd_eabi.lib</file>
         <name>int52.obj</name>
      </input_file>
      <input_file id="fl-b2">
         <path>/opt/ti/ccsv7/tools/compiler/ti-cgt-msp430_17.9.0.STS/lib/</path>
         <kind>archive</kind>
         <file>rts430x_lc_rd_eabi.lib</file>
         <name>int53.obj</name>
      </input_file>
      <input_file id="fl-b3">
         <path>/opt/ti/ccsv7/tools/compiler/ti-cgt-msp430_17.9.0.STS/lib/</path>
         <kind>archive</kind>
         <file>rts430x_lc_rd_eabi.lib</file>
         <name>int54.obj</name>
      </input_file>
      <input_file id="fl-b4">
         <path>/opt/ti/ccsv7/tools/compiler/ti-cgt-msp430_17.9.0.STS/lib/</path>
         <kind>archive</kind>
         <file>rts430x_lc_rd_eabi.lib</file>
         <name>copy_zero_init.obj</name>
      </input_file>
      <input_file id="fl-b5">
         <path>/home/dpatoukas/Documents/TUDelft/Thesis/Ink++/InK/Debug/</path>
         <kind>archive</kind>
         <file>InK.lib</file>
         <name>scheduler.obj</name>
      </input_file>
      <input_file id="fl-b6">
         <path>/home/dpatoukas/Documents/TUDelft/Thesis/Ink++/InK/Debug/</path>
         <kind>archive</kind>
         <file>InK.lib</file>
         <name>isrmanager.obj</name>
      </input_file>
      <input_file id="fl-b7">
         <path>/opt/ti/ccsv7/tools/compiler/ti-cgt-msp430_17.9.0.STS/lib/</path>
         <kind>archive</kind>
         <file>rts430x_lc_rd_eabi.lib</file>
         <name>fs_div.obj</name>
      </input_file>
      <input_file id="fl-b8">
         <path>/opt/ti/ccsv7/tools/compiler/ti-cgt-msp430_17.9.0.STS/lib/</path>
         <kind>archive</kind>
         <file>rts430x_lc_rd_eabi.lib</file>
         <name>fixdu.obj</name>
      </input_file>
      <input_file id="fl-b9">
         <path>/opt/ti/ccsv7/tools/compiler/ti-cgt-msp430_17.9.0.STS/lib/</path>
         <kind>archive</kind>
         <file>rts430x_lc_rd_eabi.lib</file>
         <name>fixdul.obj</name>
      </input_file>
      <input_file id="fl-ba">
         <path>/opt/ti/ccsv7/tools/compiler/ti-cgt-msp430_17.9.0.STS/lib/</path>
         <kind>archive</kind>
         <file>rts430x_lc_rd_eabi.lib</file>
         <name>fs_tou.obj</name>
      </input_file>
      <input_file id="fl-bb">
         <path>/opt/ti/ccsv7/tools/compiler/ti-cgt-msp430_17.9.0.STS/lib/</path>
         <kind>archive</kind>
         <file>rts430x_lc_rd_eabi.lib</file>
         <name>fltud.obj</name>
      </input_file>
      <input_file id="fl-bc">
         <path>/opt/ti/ccsv7/tools/compiler/ti-cgt-msp430_17.9.0.STS/lib/</path>
         <kind>archive</kind>
         <file>rts430x_lc_rd_eabi.lib</file>
         <name>fs_utof.obj</name>
      </input_file>
      <input_file id="fl-bd">
         <path>/opt/ti/ccsv7/tools/compiler/ti-cgt-msp430_17.9.0.STS/lib/</path>
         <kind>archive</kind>
         <file>rts430x_lc_rd_eabi.lib</file>
         <name>fltuld.obj</name>
      </input_file>
      <input_file id="fl-be">
         <path>/opt/ti/ccsv7/tools/compiler/ti-cgt-msp430_17.9.0.STS/lib/</path>
         <kind>archive</kind>
         <file>rts430x_lc_rd_eabi.lib</file>
         <name>fs_mpy.obj</name>
      </input_file>
      <input_file id="fl-bf">
         <path>/opt/ti/ccsv7/tools/compiler/ti-cgt-msp430_17.9.0.STS/lib/</path>
         <kind>archive</kind>
         <file>rts430x_lc_rd_eabi.lib</file>
         <name>mult16.obj</name>
      </input_file>
      <input_file id="fl-c0">
         <path>/opt/ti/ccsv7/tools/compiler/ti-cgt-msp430_17.9.0.STS/lib/</path>
         <kind>archive</kind>
         <file>rts430x_lc_rd_eabi.lib</file>
         <name>mult16_f5hw.obj</name>
      </input_file>
      <input_file id="fl-c1">
         <path>/opt/ti/ccsv7/tools/compiler/ti-cgt-msp430_17.9.0.STS/lib/</path>
         <kind>archive</kind>
         <file>rts430x_lc_rd_eabi.lib</file>
         <name>mult32_f5hw.obj</name>
      </input_file>
      <input_file id="fl-c2">
         <path>/opt/ti/ccsv7/tools/compiler/ti-cgt-msp430_17.9.0.STS/lib/</path>
         <kind>archive</kind>
         <file>rts430x_lc_rd_eabi.lib</file>
         <name>mult64_f5hw.obj</name>
      </input_file>
      <input_file id="fl-c3">
         <path>/opt/ti/ccsv7/tools/compiler/ti-cgt-msp430_17.9.0.STS/lib/</path>
         <kind>archive</kind>
         <file>rts430x_lc_rd_eabi.lib</file>
         <name>mult1632_f5hw.obj</name>
      </input_file>
      <input_file id="fl-c4">
         <path>/opt/ti/ccsv7/tools/compiler/ti-cgt-msp430_17.9.0.STS/lib/</path>
         <kind>archive</kind>
         <file>rts430x_lc_rd_eabi.lib</file>
         <name>mult3264_f5hw.obj</name>
      </input_file>
      <input_file id="fl-c5">
         <path>/opt/ti/ccsv7/tools/compiler/ti-cgt-msp430_17.9.0.STS/lib/</path>
         <kind>archive</kind>
         <file>rts430x_lc_rd_eabi.lib</file>
         <name>lsl16.obj</name>
      </input_file>
      <input_file id="fl-c6">
         <path>/opt/ti/ccsv7/tools/compiler/ti-cgt-msp430_17.9.0.STS/lib/</path>
         <kind>archive</kind>
         <file>rts430x_lc_rd_eabi.lib</file>
         <name>lsl32.obj</name>
      </input_file>
      <input_file id="fl-c7">
         <path>/opt/ti/ccsv7/tools/compiler/ti-cgt-msp430_17.9.0.STS/lib/</path>
         <kind>archive</kind>
         <file>rts430x_lc_rd_eabi.lib</file>
         <name>asr16.obj</name>
      </input_file>
      <input_file id="fl-c8">
         <path>/opt/ti/ccsv7/tools/compiler/ti-cgt-msp430_17.9.0.STS/lib/</path>
         <kind>archive</kind>
         <file>rts430x_lc_rd_eabi.lib</file>
         <name>asr32.obj</name>
      </input_file>
      <input_file id="fl-c9">
         <path>/opt/ti/ccsv7/tools/compiler/ti-cgt-msp430_17.9.0.STS/lib/</path>
         <kind>archive</kind>
         <file>rts430x_lc_rd_eabi.lib</file>
         <name>lsr32.obj</name>
      </input_file>
      <input_file id="fl-ca">
         <path>/opt/ti/ccsv7/tools/compiler/ti-cgt-msp430_17.9.0.STS/lib/</path>
         <kind>archive</kind>
         <file>rts430x_lc_rd_eabi.lib</file>
         <name>lsr64.obj</name>
      </input_file>
      <input_file id="fl-cb">
         <path>/opt/ti/ccsv7/tools/compiler/ti-cgt-msp430_17.9.0.STS/lib/</path>
         <kind>archive</kind>
         <file>rts430x_lc_rd_eabi.lib</file>
         <name>fs_add.obj</name>
      </input_file>
      <input_file id="fl-cc">
         <path>/home/dpatoukas/Documents/TUDelft/Thesis/Ink++/InK/Debug/</path>
         <kind>archive</kind>
         <file>InK.lib</file>
         <name>persistentqueue.obj</name>
      </input_file>
      <input_file id="fl-cd">
         <path>/home/dpatoukas/Documents/TUDelft/Thesis/Ink++/InK/Debug/</path>
         <kind>archive</kind>
         <file>InK.lib</file>
         <name>priority.obj</name>
      </input_file>
      <input_file id="fl-ce">
         <path>/home/dpatoukas/Documents/TUDelft/Thesis/Ink++/InK/Debug/</path>
         <kind>archive</kind>
         <file>InK.lib</file>
         <name>thread.obj</name>
      </input_file>
      <input_file id="fl-cf">
         <path>/home/dpatoukas/Documents/TUDelft/Thesis/Ink++/InK/Debug/</path>
         <kind>archive</kind>
         <file>InK.lib</file>
         <name>dma.obj</name>
      </input_file>
      <input_file id="fl-d0">
         <path>/opt/ti/ccsv7/tools/compiler/ti-cgt-msp430_17.9.0.STS/lib/</path>
         <kind>archive</kind>
         <file>rts430x_lc_rd_eabi.lib</file>
         <name>boot.obj</name>
      </input_file>
      <input_file id="fl-d1">
         <path>/opt/ti/ccsv7/ccs_base/msp430/lib/FR59xx/</path>
         <kind>archive</kind>
         <file>MSPMPU_INIT_LIB_CCS_msp430_large_code_restricted_data.lib</file>
         <name>mpu_init.o</name>
      </input_file>
      <input_file id="fl-d2">
         <path>/opt/ti/ccsv7/tools/compiler/ti-cgt-msp430_17.9.0.STS/lib/</path>
         <kind>archive</kind>
         <file>rts430x_lc_rd_eabi.lib</file>
         <name>args_main.obj</name>
      </input_file>
      <input_file id="fl-d3">
         <path>/opt/ti/ccsv7/tools/compiler/ti-cgt-msp430_17.9.0.STS/lib/</path>
         <kind>archive</kind>
         <file>rts430x_lc_rd_eabi.lib</file>
         <name>autoinit.obj</name>
      </input_file>
      <input_file id="fl-d4">
         <path>/home/dpatoukas/Documents/TUDelft/Thesis/Ink++/InK/Debug/</path>
         <kind>archive</kind>
         <file>InK.lib</file>
         <name>persistent_timer.obj</name>
      </input_file>
      <input_file id="fl-d5">
         <path>/opt/ti/ccsv7/tools/compiler/ti-cgt-msp430_17.9.0.STS/lib/</path>
         <kind>archive</kind>
         <file>rts430x_lc_rd_eabi.lib</file>
         <name>startup.obj</name>
      </input_file>
      <input_file id="fl-d6">
         <path>/opt/ti/ccsv7/tools/compiler/ti-cgt-msp430_17.9.0.STS/lib/</path>
         <kind>archive</kind>
         <file>rts430x_lc_rd_eabi.lib</file>
         <name>pre_init.obj</name>
      </input_file>
      <input_file id="fl-d7">
         <path>/opt/ti/ccsv7/tools/compiler/ti-cgt-msp430_17.9.0.STS/lib/</path>
         <kind>archive</kind>
         <file>rts430x_lc_rd_eabi.lib</file>
         <name>cpy_tbl.obj</name>
      </input_file>
      <input_file id="fl-d8">
         <path>/opt/ti/ccsv7/tools/compiler/ti-cgt-msp430_17.9.0.STS/lib/</path>
         <kind>archive</kind>
         <file>rts430x_lc_rd_eabi.lib</file>
         <name>exit.obj</name>
      </input_file>
      <input_file id="fl-d9">
         <path>/opt/ti/ccsv7/tools/compiler/ti-cgt-msp430_17.9.0.STS/lib/</path>
         <kind>archive</kind>
         <file>rts430x_lc_rd_eabi.lib</file>
         <name>exit_gvars.obj</name>
      </input_file>
      <input_file id="fl-da">
         <path>/opt/ti/ccsv7/tools/compiler/ti-cgt-msp430_17.9.0.STS/lib/</path>
         <kind>archive</kind>
         <file>rts430x_lc_rd_eabi.lib</file>
         <name>_lock.obj</name>
      </input_file>
      <input_file id="fl-db">
         <path>/home/dpatoukas/Documents/TUDelft/Thesis/Ink++/InK/Debug/</path>
         <kind>archive</kind>
         <file>InK.lib</file>
         <name>main.obj</name>
      </input_file>
      <input_file id="fl-dc">
         <path>/home/dpatoukas/Documents/TUDelft/Thesis/Ink++/InK/Debug/</path>
         <kind>archive</kind>
         <file>InK.lib</file>
         <name>msp430fr5969.obj</name>
      </input_file>
      <input_file id="fl-dd">
         <path>/opt/ti/ccsv7/tools/compiler/ti-cgt-msp430_17.9.0.STS/lib/</path>
         <kind>archive</kind>
         <file>rts430x_lc_rd_eabi.lib</file>
         <name>memcpy.obj</name>
      </input_file>
      <input_file id="fl-de">
         <path>/home/dpatoukas/Documents/TUDelft/Thesis/Ink++/InK/Debug/</path>
         <kind>archive</kind>
         <file>InK.lib</file>
         <name>mspprintf.obj</name>
      </input_file>
      <input_file id="fl-df">
         <path>/opt/ti/ccsv7/tools/compiler/ti-cgt-msp430_17.9.0.STS/lib/</path>
         <kind>archive</kind>
         <file>rts430x_lc_rd_eabi.lib</file>
         <name>printf.obj</name>
      </input_file>
      <input_file id="fl-e0">
         <path>/opt/ti/ccsv7/tools/compiler/ti-cgt-msp430_17.9.0.STS/lib/</path>
         <kind>archive</kind>
         <file>rts430x_lc_rd_eabi.lib</file>
         <name>_printfi.obj</name>
      </input_file>
      <input_file id="fl-e1">
         <path>/opt/ti/ccsv7/tools/compiler/ti-cgt-msp430_17.9.0.STS/lib/</path>
         <kind>archive</kind>
         <file>rts430x_lc_rd_eabi.lib</file>
         <name>cmpd.obj</name>
      </input_file>
      <input_file id="fl-e2">
         <path>/opt/ti/ccsv7/tools/compiler/ti-cgt-msp430_17.9.0.STS/lib/</path>
         <kind>archive</kind>
         <file>rts430x_lc_rd_eabi.lib</file>
         <name>divd.obj</name>
      </input_file>
      <input_file id="fl-e3">
         <path>/opt/ti/ccsv7/tools/compiler/ti-cgt-msp430_17.9.0.STS/lib/</path>
         <kind>archive</kind>
         <file>rts430x_lc_rd_eabi.lib</file>
         <name>frcdivd.obj</name>
      </input_file>
      <input_file id="fl-e4">
         <path>/opt/ti/ccsv7/tools/compiler/ti-cgt-msp430_17.9.0.STS/lib/</path>
         <kind>archive</kind>
         <file>rts430x_lc_rd_eabi.lib</file>
         <name>div16u.obj</name>
      </input_file>
      <input_file id="fl-e5">
         <path>/opt/ti/ccsv7/tools/compiler/ti-cgt-msp430_17.9.0.STS/lib/</path>
         <kind>archive</kind>
         <file>rts430x_lc_rd_eabi.lib</file>
         <name>div32u.obj</name>
      </input_file>
      <input_file id="fl-e6">
         <path>/opt/ti/ccsv7/tools/compiler/ti-cgt-msp430_17.9.0.STS/lib/</path>
         <kind>archive</kind>
         <file>rts430x_lc_rd_eabi.lib</file>
         <name>div64u.obj</name>
      </input_file>
      <input_file id="fl-e7">
         <path>/opt/ti/ccsv7/tools/compiler/ti-cgt-msp430_17.9.0.STS/lib/</path>
         <kind>archive</kind>
         <file>rts430x_lc_rd_eabi.lib</file>
         <name>fixdi.obj</name>
      </input_file>
      <input_file id="fl-e8">
         <path>/opt/ti/ccsv7/tools/compiler/ti-cgt-msp430_17.9.0.STS/lib/</path>
         <kind>archive</kind>
         <file>rts430x_lc_rd_eabi.lib</file>
         <name>fixdli.obj</name>
      </input_file>
      <input_file id="fl-e9">
         <path>/opt/ti/ccsv7/tools/compiler/ti-cgt-msp430_17.9.0.STS/lib/</path>
         <kind>archive</kind>
         <file>rts430x_lc_rd_eabi.lib</file>
         <name>fltid.obj</name>
      </input_file>
      <input_file id="fl-ea">
         <path>/opt/ti/ccsv7/tools/compiler/ti-cgt-msp430_17.9.0.STS/lib/</path>
         <kind>archive</kind>
         <file>rts430x_lc_rd_eabi.lib</file>
         <name>fltlid.obj</name>
      </input_file>
      <input_file id="fl-eb">
         <path>/opt/ti/ccsv7/tools/compiler/ti-cgt-msp430_17.9.0.STS/lib/</path>
         <kind>archive</kind>
         <file>rts430x_lc_rd_eabi.lib</file>
         <name>mpyd.obj</name>
      </input_file>
      <input_file id="fl-ec">
         <path>/opt/ti/ccsv7/tools/compiler/ti-cgt-msp430_17.9.0.STS/lib/</path>
         <kind>archive</kind>
         <file>rts430x_lc_rd_eabi.lib</file>
         <name>frcmpyd.obj</name>
      </input_file>
      <input_file id="fl-ed">
         <path>/opt/ti/ccsv7/tools/compiler/ti-cgt-msp430_17.9.0.STS/lib/</path>
         <kind>archive</kind>
         <file>rts430x_lc_rd_eabi.lib</file>
         <name>mult32.obj</name>
      </input_file>
      <input_file id="fl-ee">
         <path>/opt/ti/ccsv7/tools/compiler/ti-cgt-msp430_17.9.0.STS/lib/</path>
         <kind>archive</kind>
         <file>rts430x_lc_rd_eabi.lib</file>
         <name>negd.obj</name>
      </input_file>
      <input_file id="fl-ef">
         <path>/opt/ti/ccsv7/tools/compiler/ti-cgt-msp430_17.9.0.STS/lib/</path>
         <kind>archive</kind>
         <file>rts430x_lc_rd_eabi.lib</file>
         <name>lsl64.obj</name>
      </input_file>
      <input_file id="fl-f0">
         <path>/opt/ti/ccsv7/tools/compiler/ti-cgt-msp430_17.9.0.STS/lib/</path>
         <kind>archive</kind>
         <file>rts430x_lc_rd_eabi.lib</file>
         <name>subd.obj</name>
      </input_file>
      <input_file id="fl-f1">
         <path>/opt/ti/ccsv7/tools/compiler/ti-cgt-msp430_17.9.0.STS/lib/</path>
         <kind>archive</kind>
         <file>rts430x_lc_rd_eabi.lib</file>
         <name>addd.obj</name>
      </input_file>
      <input_file id="fl-f2">
         <path>/opt/ti/ccsv7/tools/compiler/ti-cgt-msp430_17.9.0.STS/lib/</path>
         <kind>archive</kind>
         <file>rts430x_lc_rd_eabi.lib</file>
         <name>frcaddd.obj</name>
      </input_file>
      <input_file id="fl-f3">
         <path>/opt/ti/ccsv7/tools/compiler/ti-cgt-msp430_17.9.0.STS/lib/</path>
         <kind>archive</kind>
         <file>rts430x_lc_rd_eabi.lib</file>
         <name>renormd.obj</name>
      </input_file>
      <input_file id="fl-f4">
         <path>/opt/ti/ccsv7/tools/compiler/ti-cgt-msp430_17.9.0.STS/lib/</path>
         <kind>archive</kind>
         <file>rts430x_lc_rd_eabi.lib</file>
         <name>defs.obj</name>
      </input_file>
      <input_file id="fl-f5">
         <path>/opt/ti/ccsv7/tools/compiler/ti-cgt-msp430_17.9.0.STS/lib/</path>
         <kind>archive</kind>
         <file>rts430x_lc_rd_eabi.lib</file>
         <name>abs.obj</name>
      </input_file>
      <input_file id="fl-f6">
         <path>/opt/ti/ccsv7/tools/compiler/ti-cgt-msp430_17.9.0.STS/lib/</path>
         <kind>archive</kind>
         <file>rts430x_lc_rd_eabi.lib</file>
         <name>atoi.obj</name>
      </input_file>
      <input_file id="fl-f7">
         <path>/opt/ti/ccsv7/tools/compiler/ti-cgt-msp430_17.9.0.STS/lib/</path>
         <kind>archive</kind>
         <file>rts430x_lc_rd_eabi.lib</file>
         <name>ctype.obj</name>
      </input_file>
      <input_file id="fl-f8">
         <path>/opt/ti/ccsv7/tools/compiler/ti-cgt-msp430_17.9.0.STS/lib/</path>
         <kind>archive</kind>
         <file>rts430x_lc_rd_eabi.lib</file>
         <name>fputc.obj</name>
      </input_file>
      <input_file id="fl-f9">
         <path>/opt/ti/ccsv7/tools/compiler/ti-cgt-msp430_17.9.0.STS/lib/</path>
         <kind>archive</kind>
         <file>rts430x_lc_rd_eabi.lib</file>
         <name>fflush.obj</name>
      </input_file>
      <input_file id="fl-fa">
         <path>/opt/ti/ccsv7/tools/compiler/ti-cgt-msp430_17.9.0.STS/lib/</path>
         <kind>archive</kind>
         <file>rts430x_lc_rd_eabi.lib</file>
         <name>_io_perm.obj</name>
      </input_file>
      <input_file id="fl-fb">
         <path>/opt/ti/ccsv7/tools/compiler/ti-cgt-msp430_17.9.0.STS/lib/</path>
         <kind>archive</kind>
         <file>rts430x_lc_rd_eabi.lib</file>
         <name>fputs.obj</name>
      </input_file>
      <input_file id="fl-fc">
         <path>/opt/ti/ccsv7/tools/compiler/ti-cgt-msp430_17.9.0.STS/lib/</path>
         <kind>archive</kind>
         <file>rts430x_lc_rd_eabi.lib</file>
         <name>s_frexp.obj</name>
      </input_file>
      <input_file id="fl-fd">
         <path>/opt/ti/ccsv7/tools/compiler/ti-cgt-msp430_17.9.0.STS/lib/</path>
         <kind>archive</kind>
         <file>rts430x_lc_rd_eabi.lib</file>
         <name>fseek.obj</name>
      </input_file>
      <input_file id="fl-fe">
         <path>/opt/ti/ccsv7/tools/compiler/ti-cgt-msp430_17.9.0.STS/lib/</path>
         <kind>archive</kind>
         <file>rts430x_lc_rd_eabi.lib</file>
         <name>s_scalbn.obj</name>
      </input_file>
      <input_file id="fl-ff">
         <path>/opt/ti/ccsv7/tools/compiler/ti-cgt-msp430_17.9.0.STS/lib/</path>
         <kind>archive</kind>
         <file>rts430x_lc_rd_eabi.lib</file>
         <name>s_copysign.obj</name>
      </input_file>
      <input_file id="fl-100">
         <path>/opt/ti/ccsv7/tools/compiler/ti-cgt-msp430_17.9.0.STS/lib/</path>
         <kind>archive</kind>
         <file>rts430x_lc_rd_eabi.lib</file>
         <name>errno.obj</name>
      </input_file>
      <input_file id="fl-101">
         <path>/opt/ti/ccsv7/tools/compiler/ti-cgt-msp430_17.9.0.STS/lib/</path>
         <kind>archive</kind>
         <file>rts430x_lc_rd_eabi.lib</file>
         <name>lseek.obj</name>
      </input_file>
      <input_file id="fl-102">
         <path>/opt/ti/ccsv7/tools/compiler/ti-cgt-msp430_17.9.0.STS/lib/</path>
         <kind>archive</kind>
         <file>rts430x_lc_rd_eabi.lib</file>
         <name>write.obj</name>
      </input_file>
      <input_file id="fl-103">
         <path>/opt/ti/ccsv7/tools/compiler/ti-cgt-msp430_17.9.0.STS/lib/</path>
         <kind>archive</kind>
         <file>rts430x_lc_rd_eabi.lib</file>
         <name>hostclose.obj</name>
      </input_file>
      <input_file id="fl-104">
         <path>/opt/ti/ccsv7/tools/compiler/ti-cgt-msp430_17.9.0.STS/lib/</path>
         <kind>archive</kind>
         <file>rts430x_lc_rd_eabi.lib</file>
         <name>hostlseek.obj</name>
      </input_file>
      <input_file id="fl-105">
         <path>/opt/ti/ccsv7/tools/compiler/ti-cgt-msp430_17.9.0.STS/lib/</path>
         <kind>archive</kind>
         <file>rts430x_lc_rd_eabi.lib</file>
         <name>hostopen.obj</name>
      </input_file>
      <input_file id="fl-106">
         <path>/opt/ti/ccsv7/tools/compiler/ti-cgt-msp430_17.9.0.STS/lib/</path>
         <kind>archive</kind>
         <file>rts430x_lc_rd_eabi.lib</file>
         <name>hostread.obj</name>
      </input_file>
      <input_file id="fl-107">
         <path>/opt/ti/ccsv7/tools/compiler/ti-cgt-msp430_17.9.0.STS/lib/</path>
         <kind>archive</kind>
         <file>rts430x_lc_rd_eabi.lib</file>
         <name>hostrename.obj</name>
      </input_file>
      <input_file id="fl-108">
         <path>/opt/ti/ccsv7/tools/compiler/ti-cgt-msp430_17.9.0.STS/lib/</path>
         <kind>archive</kind>
         <file>rts430x_lc_rd_eabi.lib</file>
         <name>hostunlink.obj</name>
      </input_file>
      <input_file id="fl-109">
         <path>/opt/ti/ccsv7/tools/compiler/ti-cgt-msp430_17.9.0.STS/lib/</path>
         <kind>archive</kind>
         <file>rts430x_lc_rd_eabi.lib</file>
         <name>hostwrite.obj</name>
      </input_file>
      <input_file id="fl-10a">
         <path>/opt/ti/ccsv7/tools/compiler/ti-cgt-msp430_17.9.0.STS/lib/</path>
         <kind>archive</kind>
         <file>rts430x_lc_rd_eabi.lib</file>
         <name>trgmsg.obj</name>
      </input_file>
      <input_file id="fl-10b">
         <path>/opt/ti/ccsv7/tools/compiler/ti-cgt-msp430_17.9.0.STS/lib/</path>
         <kind>archive</kind>
         <file>rts430x_lc_rd_eabi.lib</file>
         <name>ltoa.obj</name>
      </input_file>
      <input_file id="fl-10c">
         <path>/opt/ti/ccsv7/tools/compiler/ti-cgt-msp430_17.9.0.STS/lib/</path>
         <kind>archive</kind>
         <file>rts430x_lc_rd_eabi.lib</file>
         <name>div32s.obj</name>
      </input_file>
      <input_file id="fl-10d">
         <path>/opt/ti/ccsv7/tools/compiler/ti-cgt-msp430_17.9.0.STS/lib/</path>
         <kind>archive</kind>
         <file>rts430x_lc_rd_eabi.lib</file>
         <name>memccpy.obj</name>
      </input_file>
      <input_file id="fl-10e">
         <path>/opt/ti/ccsv7/tools/compiler/ti-cgt-msp430_17.9.0.STS/lib/</path>
         <kind>archive</kind>
         <file>rts430x_lc_rd_eabi.lib</file>
         <name>memchr.obj</name>
      </input_file>
      <input_file id="fl-10f">
         <path>/opt/ti/ccsv7/tools/compiler/ti-cgt-msp430_17.9.0.STS/lib/</path>
         <kind>archive</kind>
         <file>rts430x_lc_rd_eabi.lib</file>
         <name>memset.obj</name>
      </input_file>
      <input_file id="fl-110">
         <path>/opt/ti/ccsv7/tools/compiler/ti-cgt-msp430_17.9.0.STS/lib/</path>
         <kind>archive</kind>
         <file>rts430x_lc_rd_eabi.lib</file>
         <name>rand.obj</name>
      </input_file>
      <input_file id="fl-111">
         <path>/opt/ti/ccsv7/tools/compiler/ti-cgt-msp430_17.9.0.STS/lib/</path>
         <kind>archive</kind>
         <file>rts430x_lc_rd_eabi.lib</file>
         <name>setvbuf.obj</name>
      </input_file>
      <input_file id="fl-112">
         <path>/opt/ti/ccsv7/tools/compiler/ti-cgt-msp430_17.9.0.STS/lib/</path>
         <kind>archive</kind>
         <file>rts430x_lc_rd_eabi.lib</file>
         <name>fopen.obj</name>
      </input_file>
      <input_file id="fl-113">
         <path>/opt/ti/ccsv7/tools/compiler/ti-cgt-msp430_17.9.0.STS/lib/</path>
         <kind>archive</kind>
         <file>rts430x_lc_rd_eabi.lib</file>
         <name>fclose.obj</name>
      </input_file>
      <input_file id="fl-114">
         <path>/opt/ti/ccsv7/tools/compiler/ti-cgt-msp430_17.9.0.STS/lib/</path>
         <kind>archive</kind>
         <file>rts430x_lc_rd_eabi.lib</file>
         <name>close.obj</name>
      </input_file>
      <input_file id="fl-115">
         <path>/opt/ti/ccsv7/tools/compiler/ti-cgt-msp430_17.9.0.STS/lib/</path>
         <kind>archive</kind>
         <file>rts430x_lc_rd_eabi.lib</file>
         <name>memory.obj</name>
      </input_file>
      <input_file id="fl-116">
         <path>/opt/ti/ccsv7/tools/compiler/ti-cgt-msp430_17.9.0.STS/lib/</path>
         <kind>archive</kind>
         <file>rts430x_lc_rd_eabi.lib</file>
         <name>open.obj</name>
      </input_file>
      <input_file id="fl-117">
         <path>/opt/ti/ccsv7/tools/compiler/ti-cgt-msp430_17.9.0.STS/lib/</path>
         <kind>archive</kind>
         <file>rts430x_lc_rd_eabi.lib</file>
         <name>div16s.obj</name>
      </input_file>
      <input_file id="fl-118">
         <path>/opt/ti/ccsv7/tools/compiler/ti-cgt-msp430_17.9.0.STS/lib/</path>
         <kind>archive</kind>
         <file>rts430x_lc_rd_eabi.lib</file>
         <name>getdevice.obj</name>
      </input_file>
      <input_file id="fl-119">
         <path>/opt/ti/ccsv7/tools/compiler/ti-cgt-msp430_17.9.0.STS/lib/</path>
         <kind>archive</kind>
         <file>rts430x_lc_rd_eabi.lib</file>
         <name>remove.obj</name>
      </input_file>
      <input_file id="fl-11a">
         <path>/opt/ti/ccsv7/tools/compiler/ti-cgt-msp430_17.9.0.STS/lib/</path>
         <kind>archive</kind>
         <file>rts430x_lc_rd_eabi.lib</file>
         <name>e_sqrt.obj</name>
      </input_file>
      <input_file id="fl-11b">
         <path>/opt/ti/ccsv7/tools/compiler/ti-cgt-msp430_17.9.0.STS/lib/</path>
         <kind>archive</kind>
         <file>rts430x_lc_rd_eabi.lib</file>
         <name>strchr.obj</name>
      </input_file>
      <input_file id="fl-11c">
         <path>/opt/ti/ccsv7/tools/compiler/ti-cgt-msp430_17.9.0.STS/lib/</path>
         <kind>archive</kind>
         <file>rts430x_lc_rd_eabi.lib</file>
         <name>strcmp.obj</name>
      </input_file>
      <input_file id="fl-11d">
         <path>/opt/ti/ccsv7/tools/compiler/ti-cgt-msp430_17.9.0.STS/lib/</path>
         <kind>archive</kind>
         <file>rts430x_lc_rd_eabi.lib</file>
         <name>strcpy.obj</name>
      </input_file>
      <input_file id="fl-11e">
         <path>/opt/ti/ccsv7/tools/compiler/ti-cgt-msp430_17.9.0.STS/lib/</path>
         <kind>archive</kind>
         <file>rts430x_lc_rd_eabi.lib</file>
         <name>strlen.obj</name>
      </input_file>
      <input_file id="fl-11f">
         <path>/opt/ti/ccsv7/tools/compiler/ti-cgt-msp430_17.9.0.STS/lib/</path>
         <kind>archive</kind>
         <file>rts430x_lc_rd_eabi.lib</file>
         <name>strncpy.obj</name>
      </input_file>
      <input_file id="fl-120">
         <path>/opt/ti/ccsv7/tools/compiler/ti-cgt-msp430_17.9.0.STS/lib/</path>
         <kind>archive</kind>
         <file>rts430x_lc_rd_eabi.lib</file>
         <name>toupper.obj</name>
      </input_file>
      <input_file id="fl-121">
         <path>/opt/ti/ccsv7/tools/compiler/ti-cgt-msp430_17.9.0.STS/lib/</path>
         <kind>archive</kind>
         <file>rts430x_lc_rd_eabi.lib</file>
         <name>unlink.obj</name>
      </input_file>
   </input_file_list>
   <object_component_list>
      <object_component id="oc-54c">
         <name>.TI.persistent:uninit</name>
         <load_address>0x4400</load_address>
         <run_address>0x4400</run_address>
         <size>0xa10</size>
         <input_file_ref idref="fl-b6"/>
      </object_component>
      <object_component id="oc-50f">
         <name>.TI.persistent:uninit</name>
         <load_address>0x4e10</load_address>
         <run_address>0x4e10</run_address>
         <size>0x809</size>
         <input_file_ref idref="fl-b5"/>
      </object_component>
      <object_component id="oc-5cb">
         <name>.TI.persistent</name>
         <load_address>0x5619</load_address>
         <run_address>0x5619</run_address>
         <size>0x1</size>
         <input_file_ref idref="fl-db"/>
      </object_component>
      <object_component id="oc-780">
         <name>.TI.persistent</name>
         <load_address>0x561a</load_address>
         <run_address>0x561a</run_address>
         <size>0x35c</size>
         <input_file_ref idref="fl-7"/>
      </object_component>
      <object_component id="oc-78a">
         <name>.TI.persistent</name>
         <load_address>0x5976</load_address>
         <run_address>0x5976</run_address>
         <size>0x200</size>
         <input_file_ref idref="fl-8"/>
      </object_component>
      <object_component id="oc-506">
         <name>.TI.persistent:uninit</name>
         <load_address>0x5b76</load_address>
         <run_address>0x5b76</run_address>
         <size>0xc8</size>
         <input_file_ref idref="fl-d4"/>
      </object_component>
      <object_component id="oc-689">
         <name>.TI.persistent:init</name>
         <load_address>0x5c3e</load_address>
         <run_address>0x5c3e</run_address>
         <size>0x8</size>
         <input_file_ref idref="fl-ab"/>
      </object_component>
      <object_component id="oc-541">
         <name>.TI.persistent:init</name>
         <load_address>0x5c46</load_address>
         <run_address>0x5c46</run_address>
         <size>0x6</size>
         <input_file_ref idref="fl-d4"/>
      </object_component>
      <object_component id="oc-6ac">
         <name>.TI.persistent:init</name>
         <load_address>0x5c4c</load_address>
         <run_address>0x5c4c</run_address>
         <size>0x5</size>
         <input_file_ref idref="fl-b5"/>
      </object_component>
      <object_component id="oc-794">
         <name>.TI.persistent:init</name>
         <load_address>0x5c51</load_address>
         <run_address>0x5c51</run_address>
         <size>0x1</size>
         <input_file_ref idref="fl-b6"/>
      </object_component>
      <object_component id="oc-45b">
         <name>.TI.persistent</name>
         <load_address>0x5c52</load_address>
         <run_address>0x5c52</run_address>
         <size>0x4</size>
         <input_file_ref idref="fl-a1"/>
      </object_component>
      <object_component id="oc-770">
         <name>.TI.persistent</name>
         <load_address>0x5c56</load_address>
         <run_address>0x5c56</run_address>
         <size>0x4</size>
         <input_file_ref idref="fl-6"/>
      </object_component>
      <object_component id="oc-678">
         <name>.TI.persistent</name>
         <load_address>0x5c5a</load_address>
         <run_address>0x5c5a</run_address>
         <size>0x2</size>
         <input_file_ref idref="fl-ab"/>
      </object_component>
      <object_component id="oc-681">
         <name>.TI.persistent:uninit</name>
         <load_address>0x5c5c</load_address>
         <run_address>0x5c5c</run_address>
         <size>0x2</size>
         <input_file_ref idref="fl-ab"/>
      </object_component>
      <object_component id="oc-3c7">
         <name>.sysmem</name>
         <load_address>0x5c60</load_address>
         <run_address>0x5c60</run_address>
         <size>0x6</size>
         <input_file_ref idref="fl-115"/>
      </object_component>
      <object_component id="oc-a2e">
         <name>.sysmem</name>
         <load_address>0x5c60</load_address>
         <run_address>0x5c60</run_address>
         <size>0x0</size>
      </object_component>
      <object_component id="oc-a2c">
         <name>.cinit..data.load</name>
         <load_address>0x6834</load_address>
         <run_address>0x6834</run_address>
         <size>0x1b4</size>
      </object_component>
      <object_component id="oc-a29">
         <name>__TI_handler_table</name>
         <load_address>0x69e8</load_address>
         <run_address>0x69e8</run_address>
         <size>0xc</size>
      </object_component>
      <object_component id="oc-a2b">
         <name>.cinit..bss.load</name>
         <load_address>0x69f4</load_address>
         <run_address>0x69f4</run_address>
         <size>0x6</size>
      </object_component>
      <object_component id="oc-a2a">
         <name>__TI_cinit_table</name>
         <load_address>0x69fa</load_address>
         <run_address>0x69fa</run_address>
         <size>0x10</size>
      </object_component>
      <object_component id="oc-9ba">
         <name>.binit</name>
         <load_address>0x4400</load_address>
         <run_address>0x4400</run_address>
         <size>0x0</size>
      </object_component>
      <object_component id="oc-85c">
         <name>.const:msp_cmplx_twiddle_table_128_q15</name>
         <load_address>0x64e6</load_address>
         <run_address>0x64e6</run_address>
         <size>0x104</size>
         <input_file_ref idref="fl-39"/>
      </object_component>
      <object_component id="oc-65e">
         <name>.const:.string:UnmapTbl</name>
         <load_address>0x65ea</load_address>
         <run_address>0x65ea</run_address>
         <size>0x100</size>
         <input_file_ref idref="fl-cd"/>
      </object_component>
      <object_component id="oc-8e1">
         <name>.const:.string:msp_cmplx_bitrev_table_ui8</name>
         <load_address>0x66ea</load_address>
         <run_address>0x66ea</run_address>
         <size>0x100</size>
         <input_file_ref idref="fl-39"/>
      </object_component>
      <object_component id="oc-75a">
         <name>.const:dv</name>
         <load_address>0x67ea</load_address>
         <run_address>0x67ea</run_address>
         <size>0x28</size>
         <input_file_ref idref="fl-de"/>
      </object_component>
      <object_component id="oc-7f4">
         <name>.const:.string:hex$1</name>
         <load_address>0x6812</load_address>
         <run_address>0x6812</run_address>
         <size>0x10</size>
         <input_file_ref idref="fl-de"/>
      </object_component>
      <object_component id="oc-6bd">
         <name>.const:.string</name>
         <load_address>0x6822</load_address>
         <run_address>0x6822</run_address>
         <size>0xa</size>
         <input_file_ref idref="fl-a1"/>
      </object_component>
      <object_component id="oc-645">
         <name>.const:.string:PriorityTbl</name>
         <load_address>0x682c</load_address>
         <run_address>0x682c</run_address>
         <size>0x8</size>
         <input_file_ref idref="fl-cd"/>
      </object_component>
      <object_component id="oc-3f3">
         <name>.text:_isr:isr_PORT1_VECTOR</name>
         <load_address>0x6000</load_address>
         <run_address>0x6000</run_address>
         <size>0xcc</size>
         <input_file_ref idref="fl-6"/>
      </object_component>
      <object_component id="oc-3ed">
         <name>.text:_isr:isr_TIMER2_A0_VECTOR</name>
         <load_address>0x60cc</load_address>
         <run_address>0x60cc</run_address>
         <size>0x48</size>
         <input_file_ref idref="fl-a5"/>
      </object_component>
      <object_component id="oc-3ff">
         <name>.text:_isr:isr_ADC12_VECTOR</name>
         <load_address>0x6114</load_address>
         <run_address>0x6114</run_address>
         <size>0x34</size>
         <input_file_ref idref="fl-8"/>
      </object_component>
      <object_component id="oc-42f">
         <name>.text:_isr:_c_int00_noargs_mpu</name>
         <load_address>0x6148</load_address>
         <run_address>0x6148</run_address>
         <size>0x20</size>
         <input_file_ref idref="fl-d0"/>
      </object_component>
      <object_component id="oc-3f9">
         <name>.text:_isr:Timer0_A0_ISR</name>
         <load_address>0x6168</load_address>
         <run_address>0x6168</run_address>
         <size>0x1c</size>
         <input_file_ref idref="fl-ab"/>
      </object_component>
      <object_component id="oc-3e7">
         <name>.text:_isr:isr_TIMER3_A1_VECTOR</name>
         <load_address>0x6184</load_address>
         <run_address>0x6184</run_address>
         <size>0xe</size>
         <input_file_ref idref="fl-a1"/>
      </object_component>
      <object_component id="oc-3e2">
         <name>.text:_isr:__TI_ISR_TRAP</name>
         <load_address>0x6192</load_address>
         <run_address>0x6192</run_address>
         <size>0x8</size>
         <input_file_ref idref="fl-9d"/>
      </object_component>
      <object_component id="oc-578">
         <name>.text:i2c_init</name>
         <load_address>0x619a</load_address>
         <run_address>0x619a</run_address>
         <size>0x22</size>
         <input_file_ref idref="fl-2"/>
      </object_component>
      <object_component id="oc-8f9">
         <name>.text:stop_expire_timer</name>
         <load_address>0x61bc</load_address>
         <run_address>0x61bc</run_address>
         <size>0x22</size>
         <input_file_ref idref="fl-a5"/>
      </object_component>
      <object_component id="oc-49b">
         <name>.text:__next_thread</name>
         <load_address>0x61de</load_address>
         <run_address>0x61de</run_address>
         <size>0x20</size>
         <input_file_ref idref="fl-b5"/>
      </object_component>
      <object_component id="oc-56a">
         <name>.text:__priority_highest</name>
         <load_address>0x61fe</load_address>
         <run_address>0x61fe</run_address>
         <size>0x20</size>
         <input_file_ref idref="fl-cd"/>
      </object_component>
      <object_component id="oc-6cc">
         <name>.text:thread2_init</name>
         <load_address>0x621e</load_address>
         <run_address>0x621e</run_address>
         <size>0x20</size>
         <input_file_ref idref="fl-7"/>
      </object_component>
      <object_component id="oc-6d2">
         <name>.text:thread3_init</name>
         <load_address>0x623e</load_address>
         <run_address>0x623e</run_address>
         <size>0x20</size>
         <input_file_ref idref="fl-8"/>
      </object_component>
      <object_component id="oc-471">
         <name>.text:__evict_thread</name>
         <load_address>0x625e</load_address>
         <run_address>0x625e</run_address>
         <size>0x1e</size>
         <input_file_ref idref="fl-b5"/>
      </object_component>
      <object_component id="oc-4a1">
         <name>.text:__start_thread</name>
         <load_address>0x627c</load_address>
         <run_address>0x627c</run_address>
         <size>0x1e</size>
         <input_file_ref idref="fl-b5"/>
      </object_component>
      <object_component id="oc-483">
         <name>.text:_pers_timer_update_lock</name>
         <load_address>0x629a</load_address>
         <run_address>0x629a</run_address>
         <size>0x1e</size>
         <input_file_ref idref="fl-d4"/>
      </object_component>
      <object_component id="oc-490">
         <name>.text:__event_buffer_full_ISR</name>
         <load_address>0x62b8</load_address>
         <run_address>0x62b8</run_address>
         <size>0x1c</size>
         <input_file_ref idref="fl-b6"/>
      </object_component>
      <object_component id="oc-4af">
         <name>.text:__get_time</name>
         <load_address>0x62d4</load_address>
         <run_address>0x62d4</run_address>
         <size>0x1c</size>
         <input_file_ref idref="fl-a1"/>
      </object_component>
      <object_component id="oc-6e5">
         <name>.text:__reboot_timers</name>
         <load_address>0x62f0</load_address>
         <run_address>0x62f0</run_address>
         <size>0x1c</size>
         <input_file_ref idref="fl-a5"/>
      </object_component>
      <object_component id="oc-6b0">
         <name>.text:__perqueue_init</name>
         <load_address>0x630c</load_address>
         <run_address>0x630c</run_address>
         <size>0x1a</size>
         <input_file_ref idref="fl-cc"/>
      </object_component>
      <object_component id="oc-809">
         <name>.text:setup_mcu</name>
         <load_address>0x6326</load_address>
         <run_address>0x6326</run_address>
         <size>0x1a</size>
         <input_file_ref idref="fl-3"/>
      </object_component>
      <object_component id="oc-6a6">
         <name>.text:__priority_init</name>
         <load_address>0x6340</load_address>
         <run_address>0x6340</run_address>
         <size>0x18</size>
         <input_file_ref idref="fl-cd"/>
      </object_component>
      <object_component id="oc-7c9">
         <name>.text:__stop_thread</name>
         <load_address>0x6358</load_address>
         <run_address>0x6358</run_address>
         <size>0x18</size>
         <input_file_ref idref="fl-b5"/>
      </object_component>
      <object_component id="oc-528">
         <name>.text:_pers_timer_update_nxt_thread</name>
         <load_address>0x6370</load_address>
         <run_address>0x6370</run_address>
         <size>0x18</size>
         <input_file_ref idref="fl-d4"/>
      </object_component>
      <object_component id="oc-52e">
         <name>.text:_pers_timer_update_nxt_time</name>
         <load_address>0x6388</load_address>
         <run_address>0x6388</run_address>
         <size>0x18</size>
         <input_file_ref idref="fl-d4"/>
      </object_component>
      <object_component id="oc-696">
         <name>.text:reseter</name>
         <load_address>0x63a0</load_address>
         <run_address>0x63a0</run_address>
         <size>0x18</size>
         <input_file_ref idref="fl-ab"/>
      </object_component>
      <object_component id="oc-4f9">
         <name>.text</name>
         <load_address>0x63b8</load_address>
         <run_address>0x63b8</run_address>
         <size>0x18</size>
         <input_file_ref idref="fl-c0"/>
      </object_component>
      <object_component id="oc-534">
         <name>.text:set_timer_xpr</name>
         <load_address>0x63d0</load_address>
         <run_address>0x63d0</run_address>
         <size>0x16</size>
         <input_file_ref idref="fl-a1"/>
      </object_component>
      <object_component id="oc-3d5">
         <name>.text:memcpy</name>
         <load_address>0x63e6</load_address>
         <run_address>0x63e6</run_address>
         <size>0x14</size>
         <input_file_ref idref="fl-dd"/>
      </object_component>
      <object_component id="oc-922">
         <name>.text:__mspabi_fixdu</name>
         <load_address>0x63fa</load_address>
         <run_address>0x63fa</run_address>
         <size>0x12</size>
         <input_file_ref idref="fl-b8"/>
      </object_component>
      <object_component id="oc-6df">
         <name>.text:__task_commit</name>
         <load_address>0x640c</load_address>
         <run_address>0x640c</run_address>
         <size>0x12</size>
         <input_file_ref idref="fl-b5"/>
      </object_component>
      <object_component id="oc-7c">
         <name>.text:decompress:none:__TI_decompress_none</name>
         <load_address>0x641e</load_address>
         <run_address>0x641e</run_address>
         <size>0x12</size>
         <input_file_ref idref="fl-9b"/>
      </object_component>
      <object_component id="oc-46b">
         <name>.text:__get_thread</name>
         <load_address>0x6430</load_address>
         <run_address>0x6430</run_address>
         <size>0x10</size>
         <input_file_ref idref="fl-b5"/>
      </object_component>
      <object_component id="oc-83c">
         <name>.text:__perqueue_is_empty</name>
         <load_address>0x6440</load_address>
         <run_address>0x6440</run_address>
         <size>0x10</size>
         <input_file_ref idref="fl-cc"/>
      </object_component>
      <object_component id="oc-9a1">
         <name>.text:l_asr</name>
         <load_address>0x6450</load_address>
         <run_address>0x6450</run_address>
         <size>0x10</size>
         <input_file_ref idref="fl-c8"/>
      </object_component>
      <object_component id="oc-955">
         <name>.text:l_lsl</name>
         <load_address>0x6460</load_address>
         <run_address>0x6460</run_address>
         <size>0x10</size>
         <input_file_ref idref="fl-c6"/>
      </object_component>
      <object_component id="oc-950">
         <name>.text:l_lsr</name>
         <load_address>0x6470</load_address>
         <run_address>0x6470</run_address>
         <size>0x10</size>
         <input_file_ref idref="fl-c9"/>
      </object_component>
      <object_component id="oc-754">
         <name>.text:msp_io_putchar</name>
         <load_address>0x6480</load_address>
         <run_address>0x6480</run_address>
         <size>0x10</size>
         <input_file_ref idref="fl-de"/>
      </object_component>
      <object_component id="oc-74e">
         <name>.text:msp_puth</name>
         <load_address>0x6490</load_address>
         <run_address>0x6490</run_address>
         <size>0x10</size>
         <input_file_ref idref="fl-de"/>
      </object_component>
      <object_component id="oc-69c">
         <name>.text:set_rate</name>
         <load_address>0x64a0</load_address>
         <run_address>0x64a0</run_address>
         <size>0xa</size>
         <input_file_ref idref="fl-ab"/>
      </object_component>
      <object_component id="oc-53a">
         <name>.text:stop_timer_xpr</name>
         <load_address>0x64aa</load_address>
         <run_address>0x64aa</run_address>
         <size>0xa</size>
         <input_file_ref idref="fl-a1"/>
      </object_component>
      <object_component id="oc-835">
         <name>.text:__perqueue_pop_commit</name>
         <load_address>0x64b4</load_address>
         <run_address>0x64b4</run_address>
         <size>0x8</size>
         <input_file_ref idref="fl-cc"/>
      </object_component>
      <object_component id="oc-79d">
         <name>.text:__perqueue_push_commit</name>
         <load_address>0x64bc</load_address>
         <run_address>0x64bc</run_address>
         <size>0x8</size>
         <input_file_ref idref="fl-cc"/>
      </object_component>
      <object_component id="oc-465">
         <name>.text:_pers_timer_get_nxt_thread</name>
         <load_address>0x64c4</load_address>
         <run_address>0x64c4</run_address>
         <size>0x8</size>
         <input_file_ref idref="fl-d4"/>
      </object_component>
      <object_component id="oc-916">
         <name>.text:__mspabi_fltud</name>
         <load_address>0x64cc</load_address>
         <run_address>0x64cc</run_address>
         <size>0x6</size>
         <input_file_ref idref="fl-bb"/>
      </object_component>
      <object_component id="oc-5f3">
         <name>.text:abort</name>
         <load_address>0x64d2</load_address>
         <run_address>0x64d2</run_address>
         <size>0x6</size>
         <input_file_ref idref="fl-d8"/>
      </object_component>
      <object_component id="oc-67b">
         <name>.text:set_eu</name>
         <load_address>0x64d8</load_address>
         <run_address>0x64d8</run_address>
         <size>0x6</size>
         <input_file_ref idref="fl-ab"/>
      </object_component>
      <object_component id="oc-4c5">
         <name>.text:_system_pre_init</name>
         <load_address>0x64de</load_address>
         <run_address>0x64de</run_address>
         <size>0x4</size>
         <input_file_ref idref="fl-d6"/>
      </object_component>
      <object_component id="oc-7d3">
         <name>.text:_nop</name>
         <load_address>0x64e2</load_address>
         <run_address>0x64e2</run_address>
         <size>0x2</size>
         <input_file_ref idref="fl-da"/>
      </object_component>
      <object_component id="oc-70a">
         <name>.text:_system_post_cinit</name>
         <load_address>0x64e4</load_address>
         <run_address>0x64e4</run_address>
         <size>0x2</size>
         <input_file_ref idref="fl-d5"/>
      </object_component>
      <object_component id="oc-8a9">
         <name>.text:msp_cmplx_fft_auto_q15</name>
         <load_address>0x10000</load_address>
         <run_address>0x10000</run_address>
         <size>0x49c</size>
         <input_file_ref idref="fl-2b"/>
      </object_component>
      <object_component id="oc-90f">
         <name>.text:task_featurize</name>
         <load_address>0x1049c</load_address>
         <run_address>0x1049c</run_address>
         <size>0x314</size>
         <input_file_ref idref="fl-7"/>
      </object_component>
      <object_component id="oc-928">
         <name>.text:task_classify</name>
         <load_address>0x107b0</load_address>
         <run_address>0x107b0</run_address>
         <size>0x2f6</size>
         <input_file_ref idref="fl-7"/>
      </object_component>
      <object_component id="oc-942">
         <name>.text:__mspabi_addd</name>
         <load_address>0x10aa6</load_address>
         <run_address>0x10aa6</run_address>
         <size>0x2e0</size>
         <input_file_ref idref="fl-f1"/>
      </object_component>
      <object_component id="oc-91c">
         <name>.text:sqrt</name>
         <load_address>0x10d86</load_address>
         <run_address>0x10d86</run_address>
         <size>0x2de</size>
         <input_file_ref idref="fl-11a"/>
      </object_component>
      <object_component id="oc-977">
         <name>.text:__TI_frcmpyd</name>
         <load_address>0x11064</load_address>
         <run_address>0x11064</run_address>
         <size>0x280</size>
         <input_file_ref idref="fl-ec"/>
      </object_component>
      <object_component id="oc-93c">
         <name>.text:__mspabi_mpyd</name>
         <load_address>0x112e4</load_address>
         <run_address>0x112e4</run_address>
         <size>0x266</size>
         <input_file_ref idref="fl-eb"/>
      </object_component>
      <object_component id="oc-984">
         <name>.text:__TI_frcaddd</name>
         <load_address>0x1154a</load_address>
         <run_address>0x1154a</run_address>
         <size>0x248</size>
         <input_file_ref idref="fl-f2"/>
      </object_component>
      <object_component id="oc-906">
         <name>.text:task_transform</name>
         <load_address>0x11792</load_address>
         <run_address>0x11792</run_address>
         <size>0x22a</size>
         <input_file_ref idref="fl-7"/>
      </object_component>
      <object_component id="oc-88a">
         <name>.text:msp_cmplx_fft_fixed_q15</name>
         <load_address>0x119bc</load_address>
         <run_address>0x119bc</run_address>
         <size>0x1fa</size>
         <input_file_ref idref="fl-2c"/>
      </object_component>
      <object_component id="oc-545">
         <name>.text:_commit_timer_buffers</name>
         <load_address>0x11bb6</load_address>
         <run_address>0x11bb6</run_address>
         <size>0x192</size>
         <input_file_ref idref="fl-d4"/>
      </object_component>
      <object_component id="oc-92e">
         <name>.text:task_train</name>
[...]
         <object_component_ref idref="oc-779"/>
      </symbol>
      <symbol id="sm-889">
         <name>__get_thread</name>
         <value>0x6430</value>
         <object_component_ref idref="oc-46b"/>
      </symbol>
      <symbol id="sm-88a">
         <name>__stop_thread</name>
         <value>0x6358</value>
         <object_component_ref idref="oc-7c9"/>
      </symbol>
      <symbol id="sm-88b">
         <name>__task_commit</name>
         <value>0x640c</value>
         <object_component_ref idref="oc-6df"/>
      </symbol>
      <symbol id="sm-8d1">
         <name>__events_commit</name>
         <value>0x1356e</value>
         <object_component_ref idref="oc-6d9"/>
      </symbol>
      <symbol id="sm-8d2">
         <name>__release_event</name>
         <value>0x13e72</value>
         <object_component_ref idref="oc-7bd"/>
      </symbol>
      <symbol id="sm-8d3">
         <name>__has_events</name>
         <value>0x13f18</value>
         <object_component_ref idref="oc-7c3"/>
      </symbol>
      <symbol id="sm-8d4">
         <name>__events_boot_init</name>
         <value>0x13d26</value>
         <object_component_ref idref="oc-5d4"/>
      </symbol>
      <symbol id="sm-8d5">
         <name>__lock_event</name>
         <value>0x13cbe</value>
         <object_component_ref idref="oc-7b7"/>
      </symbol>
      <symbol id="sm-8d6">
         <name>__event_buffer_full_ISR</name>
         <value>0x62b8</value>
         <object_component_ref idref="oc-490"/>
      </symbol>
      <symbol id="sm-8e8">
         <name>__mspabi_divf</name>
         <value>0x12dd6</value>
         <object_component_ref idref="oc-68c"/>
      </symbol>
      <symbol id="sm-8f3">
         <name>__mspabi_fixdu</name>
         <value>0x63fa</value>
         <object_component_ref idref="oc-922"/>
      </symbol>
      <symbol id="sm-908">
         <name>__mspabi_fixdul</name>
         <value>0x135d8</value>
         <object_component_ref idref="oc-961"/>
      </symbol>
      <symbol id="sm-917">
         <name>__mspabi_fixfu</name>
         <value>0x13956</value>
         <object_component_ref idref="oc-691"/>
      </symbol>
      <symbol id="sm-920">
         <name>__mspabi_fltud</name>
         <value>0x64cc</value>
         <object_component_ref idref="oc-916"/>
      </symbol>
      <symbol id="sm-92b">
         <name>__mspabi_fltuf</name>
         <value>0x13faa</value>
         <object_component_ref idref="oc-684"/>
      </symbol>
      <symbol id="sm-940">
         <name>__mspabi_fltuld</name>
         <value>0x13290</value>
         <object_component_ref idref="oc-935"/>
      </symbol>
      <symbol id="sm-957">
         <name>__mspabi_mpyf</name>
         <value>0x12aa2</value>
         <object_component_ref idref="oc-7a6"/>
      </symbol>
      <symbol id="sm-960">
         <name>__mspabi_mpyi_f5hw</name>
         <value>0x63b8</value>
         <object_component_ref idref="oc-4f9"/>
      </symbol>
      <symbol id="sm-968">
         <name>__mspabi_mpyl_f5hw</name>
         <value>0x13fce</value>
         <object_component_ref idref="oc-855"/>
      </symbol>
      <symbol id="sm-97c">
         <name>__mspabi_slll_9</name>
         <value>0x13b76</value>
         <object_component_ref idref="oc-970"/>
      </symbol>
      <symbol id="sm-97d">
         <name>__mspabi_slll_8</name>
         <value>0x13b7a</value>
         <object_component_ref idref="oc-970"/>
      </symbol>
      <symbol id="sm-97e">
         <name>__mspabi_slll_7</name>
         <value>0x13b7e</value>
         <object_component_ref idref="oc-970"/>
      </symbol>
      <symbol id="sm-97f">
         <name>__mspabi_slll_6</name>
         <value>0x13b82</value>
         <object_component_ref idref="oc-970"/>
      </symbol>
      <symbol id="sm-980">
         <name>__mspabi_slll_5</name>
         <value>0x13b86</value>
         <object_component_ref idref="oc-970"/>
      </symbol>
      <symbol id="sm-981">
         <name>__mspabi_slll_4</name>
         <value>0x13b8a</value>
         <object_component_ref idref="oc-970"/>
      </symbol>
      <symbol id="sm-982">
         <name>__mspabi_slll_3</name>
         <value>0x13b8e</value>
         <object_component_ref idref="oc-970"/>
      </symbol>
      <symbol id="sm-983">
         <name>__mspabi_slll_2</name>
         <value>0x13b92</value>
         <object_component_ref idref="oc-970"/>
      </symbol>
      <symbol id="sm-984">
         <name>__mspabi_slll_1</name>
         <value>0x13b96</value>
         <object_component_ref idref="oc-970"/>
      </symbol>
      <symbol id="sm-985">
         <name>__mspabi_slll</name>
         <value>0x6460</value>
         <object_component_ref idref="oc-955"/>
      </symbol>
      <symbol id="sm-986">
         <name>__mspabi_slll_15</name>
         <value>0x13b5e</value>
         <object_component_ref idref="oc-970"/>
      </symbol>
      <symbol id="sm-987">
         <name>__mspabi_slll_14</name>
         <value>0x13b62</value>
         <object_component_ref idref="oc-970"/>
      </symbol>
      <symbol id="sm-988">
         <name>__mspabi_slll_13</name>
         <value>0x13b66</value>
         <object_component_ref idref="oc-970"/>
      </symbol>
      <symbol id="sm-989">
         <name>__mspabi_slll_12</name>
         <value>0x13b6a</value>
         <object_component_ref idref="oc-970"/>
      </symbol>
      <symbol id="sm-98a">
         <name>__mspabi_slll_11</name>
         <value>0x13b6e</value>
         <object_component_ref idref="oc-970"/>
      </symbol>
      <symbol id="sm-98b">
         <name>__mspabi_slll_10</name>
         <value>0x13b72</value>
         <object_component_ref idref="oc-970"/>
      </symbol>
      <symbol id="sm-99c">
         <name>__mspabi_sral</name>
         <value>0x6450</value>
         <object_component_ref idref="oc-9a1"/>
      </symbol>
      <symbol id="sm-99d">
         <name>__mspabi_sral_15</name>
         <value>0x13b20</value>
         <object_component_ref idref="oc-998"/>
      </symbol>
      <symbol id="sm-99e">
         <name>__mspabi_sral_14</name>
         <value>0x13b24</value>
         <object_component_ref idref="oc-998"/>
      </symbol>
      <symbol id="sm-99f">
         <name>__mspabi_sral_13</name>
         <value>0x13b28</value>
         <object_component_ref idref="oc-998"/>
      </symbol>
      <symbol id="sm-9a0">
         <name>__mspabi_sral_12</name>
         <value>0x13b2c</value>
         <object_component_ref idref="oc-998"/>
      </symbol>
      <symbol id="sm-9a1">
         <name>__mspabi_sral_11</name>
         <value>0x13b30</value>
         <object_component_ref idref="oc-998"/>
      </symbol>
      <symbol id="sm-9a2">
         <name>__mspabi_sral_10</name>
         <value>0x13b34</value>
         <object_component_ref idref="oc-998"/>
      </symbol>
      <symbol id="sm-9a3">
         <name>__mspabi_sral_8</name>
         <value>0x13b3c</value>
         <object_component_ref idref="oc-998"/>
      </symbol>
      <symbol id="sm-9a4">
         <name>__mspabi_sral_9</name>
         <value>0x13b38</value>
         <object_component_ref idref="oc-998"/>
      </symbol>
      <symbol id="sm-9a5">
         <name>__mspabi_sral_6</name>
         <value>0x13b44</value>
         <object_component_ref idref="oc-998"/>
      </symbol>
      <symbol id="sm-9a6">
         <name>__mspabi_sral_7</name>
         <value>0x13b40</value>
         <object_component_ref idref="oc-998"/>
      </symbol>
      <symbol id="sm-9a7">
         <name>__mspabi_sral_4</name>
         <value>0x13b4c</value>
         <object_component_ref idref="oc-998"/>
      </symbol>
      <symbol id="sm-9a8">
         <name>__mspabi_sral_5</name>
         <value>0x13b48</value>
         <object_component_ref idref="oc-998"/>
      </symbol>
      <symbol id="sm-9a9">
         <name>__mspabi_sral_2</name>
         <value>0x13b54</value>
         <object_component_ref idref="oc-998"/>
      </symbol>
      <symbol id="sm-9aa">
         <name>__mspabi_sral_3</name>
         <value>0x13b50</value>
         <object_component_ref idref="oc-998"/>
      </symbol>
      <symbol id="sm-9ab">
         <name>__mspabi_sral_1</name>
         <value>0x13b58</value>
         <object_component_ref idref="oc-998"/>
      </symbol>
      <symbol id="sm-9bb">
         <name>__mspabi_srll_8</name>
         <value>0x13bb8</value>
         <object_component_ref idref="oc-94b"/>
      </symbol>
      <symbol id="sm-9bc">
         <name>__mspabi_srll_9</name>
         <value>0x13bb4</value>
         <object_component_ref idref="oc-94b"/>
      </symbol>
      <symbol id="sm-9bd">
         <name>__mspabi_srll_6</name>
         <value>0x13bc0</value>
         <object_component_ref idref="oc-94b"/>
      </symbol>
      <symbol id="sm-9be">
         <name>__mspabi_srll_7</name>
         <value>0x13bbc</value>
         <object_component_ref idref="oc-94b"/>
      </symbol>
      <symbol id="sm-9bf">
         <name>__mspabi_srll_4</name>
         <value>0x13bc8</value>
         <object_component_ref idref="oc-94b"/>
      </symbol>
      <symbol id="sm-9c0">
         <name>__mspabi_srll_5</name>
         <value>0x13bc4</value>
         <object_component_ref idref="oc-94b"/>
      </symbol>
      <symbol id="sm-9c1">
         <name>__mspabi_srll_2</name>
         <value>0x13bd0</value>
         <object_component_ref idref="oc-94b"/>
      </symbol>
      <symbol id="sm-9c2">
         <name>__mspabi_srll_3</name>
         <value>0x13bcc</value>
         <object_component_ref idref="oc-94b"/>
      </symbol>
      <symbol id="sm-9c3">
         <name>__mspabi_srll_1</name>
         <value>0x13bd4</value>
         <object_component_ref idref="oc-94b"/>
      </symbol>
      <symbol id="sm-9c4">
         <name>__mspabi_srll_15</name>
         <value>0x13b9c</value>
         <object_component_ref idref="oc-94b"/>
      </symbol>
      <symbol id="sm-9c5">
         <name>__mspabi_srll_14</name>
         <value>0x13ba0</value>
         <object_component_ref idref="oc-94b"/>
      </symbol>
      <symbol id="sm-9c6">
         <name>__mspabi_srll_13</name>
         <value>0x13ba4</value>
         <object_component_ref idref="oc-94b"/>
      </symbol>
      <symbol id="sm-9c7">
         <name>__mspabi_srll_12</name>
         <value>0x13ba8</value>
         <object_component_ref idref="oc-94b"/>
      </symbol>
      <symbol id="sm-9c8">
         <name>__mspabi_srll_11</name>
         <value>0x13bac</value>
         <object_component_ref idref="oc-94b"/>
      </symbol>
      <symbol id="sm-9c9">
         <name>__mspabi_srll_10</name>
         <value>0x13bb0</value>
         <object_component_ref idref="oc-94b"/>
      </symbol>
      <symbol id="sm-9ca">
         <name>__mspabi_srll</name>
         <value>0x6470</value>
         <object_component_ref idref="oc-950"/>
      </symbol>
      <symbol id="sm-9e6">
         <name>__mspabi_subf</name>
         <value>0x122d4</value>
         <object_component_ref idref="oc-7ab"/>
      </symbol>
      <symbol id="sm-9e7">
         <name>__mspabi_addf</name>
         <value>0x122da</value>
         <object_component_ref idref="oc-7ab"/>
      </symbol>
      <symbol id="sm-a26">
         <name>__perqueue_pop</name>
         <value>0x13dbc</value>
         <object_component_ref idref="oc-82e"/>
      </symbol>
      <symbol id="sm-a27">
         <name>__perqueue_pop_commit</name>
         <value>0x64b4</value>
         <object_component_ref idref="oc-835"/>
      </symbol>
      <symbol id="sm-a28">
         <name>__perqueue_init</name>
         <value>0x630c</value>
         <object_component_ref idref="oc-6b0"/>
      </symbol>
      <symbol id="sm-a29">
         <name>__perqueue_push</name>
         <value>0x13cf2</value>
         <object_component_ref idref="oc-797"/>
      </symbol>
      <symbol id="sm-a2a">
         <name>__perqueue_push_commit</name>
         <value>0x64bc</value>
         <object_component_ref idref="oc-79d"/>
      </symbol>
      <symbol id="sm-a2b">
         <name>__perqueue_is_full</name>
         <value>0x13f3e</value>
         <object_component_ref idref="oc-54f"/>
      </symbol>
      <symbol id="sm-a2c">
         <name>__perqueue_is_empty</name>
         <value>0x6440</value>
         <object_component_ref idref="oc-83c"/>
      </symbol>
      <symbol id="sm-a5c">
         <name>__priority_remove</name>
         <value>0x13d58</value>
         <object_component_ref idref="oc-514"/>
      </symbol>
      <symbol id="sm-a5d">
         <name>__priority_insert</name>
         <value>0x13ef0</value>
         <object_component_ref idref="oc-571"/>
      </symbol>
      <symbol id="sm-a5e">
         <name>__priority_highest</name>
         <value>0x61fe</value>
         <object_component_ref idref="oc-56a"/>
      </symbol>
      <symbol id="sm-a5f">
         <name>__priority_init</name>
         <value>0x6340</value>
         <object_component_ref idref="oc-6a6"/>
      </symbol>
      <symbol id="sm-a73">
         <name>__tick</name>
         <value>0x1260c</value>
         <object_component_ref idref="oc-6f1"/>
      </symbol>
      <symbol id="sm-a7c">
         <name>__dma_word_copy</name>
         <value>0x13e48</value>
         <object_component_ref idref="oc-7b1"/>
      </symbol>
      <symbol id="sm-a8c">
         <name>_c_int00_noargs_mpu</name>
         <value>0x6148</value>
         <object_component_ref idref="oc-42f"/>
      </symbol>
      <symbol id="sm-a8d">
         <name>_stack</name>
         <value>0x22c0</value>
         <object_component_ref idref="oc-3c3"/>
      </symbol>
      <symbol id="sm-a8e">
         <name>_reset_vector</name>
         <value>0xfffe</value>
         <object_component_ref idref="oc-3c6"/>
      </symbol>
      <symbol id="sm-a97">
         <name>__mpu_init</name>
         <value>0x13e1c</value>
         <object_component_ref idref="oc-4dd"/>
      </symbol>
      <symbol id="sm-ab6">
         <name>__TI_auto_init_nobinit_nopinit_hold_wdt</name>
         <value>0x1381e</value>
         <object_component_ref idref="oc-617"/>
      </symbol>
      <symbol id="sm-b38">
         <name>_commit_timer_buffers</name>
         <value>0x11bb6</value>
         <object_component_ref idref="oc-545"/>
      </symbol>
      <symbol id="sm-b39">
         <name>_pers_timer_update_data</name>
         <value>0x12d44</value>
         <object_component_ref idref="oc-522"/>
      </symbol>
      <symbol id="sm-b3a">
         <name>_pers_timer_get</name>
         <value>0x1340c</value>
         <object_component_ref idref="oc-4ff"/>
      </symbol>
      <symbol id="sm-b3b">
         <name>_pers_timer_init</name>
         <value>0x13bda</value>
         <object_component_ref idref="oc-5e0"/>
      </symbol>
      <symbol id="sm-b3c">
         <name>_pers_timer_update_nxt_thread</name>
         <value>0x6370</value>
         <object_component_ref idref="oc-528"/>
      </symbol>
      <symbol id="sm-b3d">
         <name>_pers_timer_commit</name>
         <value>0x13aa4</value>
         <object_component_ref idref="oc-489"/>
      </symbol>
      <symbol id="sm-b3e">
         <name>_pers_timer_update_thread_id</name>
         <value>0x1320e</value>
         <object_component_ref idref="oc-8c3"/>
      </symbol>
      <symbol id="sm-b3f">
         <name>_pers_timer_get_nxt_thread</name>
         <value>0x64c4</value>
         <object_component_ref idref="oc-465"/>
      </symbol>
      <symbol id="sm-b40">
         <name>_pers_timer_update_lock</name>
         <value>0x629a</value>
         <object_component_ref idref="oc-483"/>
      </symbol>
      <symbol id="sm-b41">
         <name>_pers_timer_update_nxt_time</name>
         <value>0x6388</value>
         <object_component_ref idref="oc-52e"/>
      </symbol>
      <symbol id="sm-b42">
         <name>_pers_timer_update_status</name>
         <value>0x1318c</value>
         <object_component_ref idref="oc-51b"/>
      </symbol>
      <symbol id="sm-b43">
         <name>pers_timer_vars</name>
         <value>0x5b76</value>
         <object_component_ref idref="oc-506"/>
      </symbol>
      <symbol id="sm-b4c">
         <name>_system_post_cinit</name>
         <value>0x64e4</value>
         <object_component_ref idref="oc-70a"/>
      </symbol>
      <symbol id="sm-b55">
         <name>_system_pre_init</name>
         <value>0x64de</value>
         <object_component_ref idref="oc-4c5"/>
      </symbol>
      <symbol id="sm-b65">
         <name>C$$EXIT</name>
         <value>0x64d2</value>
         <object_component_ref idref="oc-5f3"/>
      </symbol>
      <symbol id="sm-b66">
         <name>abort</name>
         <value>0x64d2</value>
         <object_component_ref idref="oc-5f3"/>
      </symbol>
      <symbol id="sm-b7d">
         <name>_nop</name>
         <value>0x64e2</value>
         <object_component_ref idref="oc-7d3"/>
      </symbol>
      <symbol id="sm-b7e">
         <name>_lock</name>
         <value>0x1fe2</value>
         <object_component_ref idref="oc-6fc"/>
      </symbol>
      <symbol id="sm-b7f">
         <name>_unlock</name>
         <value>0x1fe6</value>
         <object_component_ref idref="oc-705"/>
      </symbol>
      <symbol id="sm-b97">
         <name>noise</name>
         <value>0x1e46</value>
         <object_component_ref idref="oc-5c2"/>
      </symbol>
      <symbol id="sm-b98">
         <name>__inited</name>
         <value>0x5619</value>
         <object_component_ref idref="oc-5cb"/>
      </symbol>
      <symbol id="sm-b99">
         <name>main</name>
         <value>0x13c50</value>
         <object_component_ref idref="oc-4cb"/>
      </symbol>
      <symbol id="sm-ba2">
         <name>__mcu_init</name>
         <value>0x1292a</value>
         <object_component_ref idref="oc-5bc"/>
      </symbol>
      <symbol id="sm-bb0">
         <name>memcpy</name>
         <value>0x63e6</value>
         <object_component_ref idref="oc-3d5"/>
      </symbol>
      <symbol id="sm-c0d">
         <name>msp_uart_init</name>
         <value>0x13ec6</value>
         <object_component_ref idref="oc-6b7"/>
      </symbol>
      <symbol id="sm-c0e">
         <name>msp_printf</name>
         <value>0x12406</value>
         <object_component_ref idref="oc-6be"/>
      </symbol>
      <symbol id="sm-c3b">
         <name>__mspabi_mpyd</name>
         <value>0x112e4</value>
         <object_component_ref idref="oc-93c"/>
      </symbol>
      <symbol id="sm-c4b">
         <name>__TI_frcmpyd</name>
         <value>0x11064</value>
         <object_component_ref idref="oc-977"/>
      </symbol>
      <symbol id="sm-c71">
         <name>__mspabi_addd</name>
         <value>0x10aa6</value>
         <object_component_ref idref="oc-942"/>
      </symbol>
      <symbol id="sm-c92">
         <name>__TI_frcaddd</name>
         <value>0x1154a</value>
         <object_component_ref idref="oc-984"/>
      </symbol>
      <symbol id="sm-ca6">
         <name>__TI_renormd</name>
         <value>0x12b5a</value>
         <object_component_ref idref="oc-9a6"/>
      </symbol>
      <symbol id="sm-cb9">
         <name>errno</name>
         <value>0x1ff2</value>
         <object_component_ref idref="oc-948"/>
      </symbol>
      <symbol id="sm-cdc">
         <name>rand</name>
         <value>0x13a24</value>
         <object_component_ref idref="oc-7ff"/>
      </symbol>
      <symbol id="sm-cf4">
         <name>_sys_memory</name>
         <value>0x5c60</value>
         <object_component_ref idref="oc-3c7"/>
      </symbol>
      <symbol id="sm-d23">
         <name>sqrtl</name>
         <value>0x10d86</value>
         <object_component_ref idref="oc-91c"/>
      </symbol>
      <symbol id="sm-d24">
         <name>sqrt</name>
         <value>0x10d86</value>
         <object_component_ref idref="oc-91c"/>
      </symbol>
      <symbol id="sm-d30">
         <name>__timers_init</name>
         <value>0x13bda</value>
      </symbol>
   </symbol_table>
   <title>Link successful</title>
</link_info>
